Archive member included because of file (symbol)

../Test_leds_2_bsp/\libhal_bsp.a(alt_load.o)
                              ../Test_leds_2_bsp//obj/HAL/src/crt0.o (alt_load)
../Test_leds_2_bsp/\libhal_bsp.a(alt_main.o)
                              ../Test_leds_2_bsp//obj/HAL/src/crt0.o (alt_main)
../Test_leds_2_bsp/\libhal_bsp.a(alt_printf.o)
                              obj/hello_world_2.o (alt_printf)
../Test_leds_2_bsp/\libhal_bsp.a(alt_putchar.o)
                              ../Test_leds_2_bsp/\libhal_bsp.a(alt_printf.o) (alt_putchar)
../Test_leds_2_bsp/\libhal_bsp.a(alt_putstr.o)
                              obj/hello_world_2.o (alt_putstr)
../Test_leds_2_bsp/\libhal_bsp.a(alt_usleep.o)
                              obj/hello_world_2.o (usleep)
../Test_leds_2_bsp/\libhal_bsp.a(alt_sys_init.o)
                              ../Test_leds_2_bsp/\libhal_bsp.a(alt_main.o) (alt_sys_init)
../Test_leds_2_bsp/\libhal_bsp.a(altera_avalon_jtag_uart_write.o)
                              ../Test_leds_2_bsp/\libhal_bsp.a(alt_putchar.o) (altera_avalon_jtag_uart_write)
../Test_leds_2_bsp/\libhal_bsp.a(alt_busy_sleep.o)
                              ../Test_leds_2_bsp/\libhal_bsp.a(alt_usleep.o) (alt_busy_sleep)
../Test_leds_2_bsp/\libhal_bsp.a(alt_dcache_flush_all.o)
                              ../Test_leds_2_bsp/\libhal_bsp.a(alt_load.o) (alt_dcache_flush_all)
../Test_leds_2_bsp/\libhal_bsp.a(alt_icache_flush_all.o)
                              ../Test_leds_2_bsp/\libhal_bsp.a(alt_load.o) (alt_icache_flush_all)
../Test_leds_2_bsp/\libhal_bsp.a(altera_nios2_irq.o)
                              ../Test_leds_2_bsp/\libhal_bsp.a(alt_sys_init.o) (altera_nios2_irq_init)
c:/altera/11.0sp1/nios2eds/bin/gnu/h-i686-mingw32/bin/../lib/gcc/nios2-elf/4.1.2/../../../../nios2-elf/lib/mno-hw-mul\libsmallc.a(lib_a-strlen.o)
                              ../Test_leds_2_bsp/\libhal_bsp.a(alt_putstr.o) (strlen)
c:/altera/11.0sp1/nios2eds/bin/gnu/h-i686-mingw32/bin/../lib/gcc/nios2-elf/4.1.2/mno-hw-mul\libgcc.a(lib2-divmod.o)
                              ../Test_leds_2_bsp/\libhal_bsp.a(alt_busy_sleep.o) (__udivsi3)
c:/altera/11.0sp1/nios2eds/bin/gnu/h-i686-mingw32/bin/../lib/gcc/nios2-elf/4.1.2/mno-hw-mul\libgcc.a(lib2-mul.o)
                              ../Test_leds_2_bsp/\libhal_bsp.a(alt_busy_sleep.o) (__mulsi3)

Allocating common symbols
Common symbol       size              file

bp                  0x1               obj/hello_world_2.o

Memory Configuration

Name             Origin             Length             Attributes
reset            0x00008000         0x00000020
onchip_memory2_0 0x00008020         0x00004fe0
*default*        0x00000000         0xffffffff

Linker script and memory map

LOAD ../Test_leds_2_bsp//obj/HAL/src/crt0.o
                0x0000800c                exit = _exit
LOAD obj/hello_world_2.o
LOAD c:/altera/11.0sp1/nios2eds/bin/gnu/h-i686-mingw32/bin/../lib/gcc/nios2-elf/4.1.2/../../../../nios2-elf/lib/mno-hw-mul\libstdc++.a
LOAD c:/altera/11.0sp1/nios2eds/bin/gnu/h-i686-mingw32/bin/../lib/gcc/nios2-elf/4.1.2/../../../../nios2-elf/lib/mno-hw-mul\libm.a
LOAD c:/altera/11.0sp1/nios2eds/bin/gnu/h-i686-mingw32/bin/../lib/gcc/nios2-elf/4.1.2/mno-hw-mul\libgcc.a
START GROUP
LOAD c:/altera/11.0sp1/nios2eds/bin/gnu/h-i686-mingw32/bin/../lib/gcc/nios2-elf/4.1.2/../../../../nios2-elf/lib/mno-hw-mul\libsmallc.a
LOAD c:/altera/11.0sp1/nios2eds/bin/gnu/h-i686-mingw32/bin/../lib/gcc/nios2-elf/4.1.2/mno-hw-mul\libgcc.a
LOAD ../Test_leds_2_bsp/\libhal_bsp.a
END GROUP
LOAD c:/altera/11.0sp1/nios2eds/bin/gnu/h-i686-mingw32/bin/../lib/gcc/nios2-elf/4.1.2/mno-hw-mul\libgcc.a
                0x00008000                __alt_mem_onchip_memory2_0 = 0x8000

.entry          0x00008000       0x20
 *(.entry)
 .entry         0x00008000       0x20 ../Test_leds_2_bsp//obj/HAL/src/crt0.o
                0x00008000                __reset
                0x0000800c                _exit

.exceptions     0x00008020        0x0
                0x00008020                PROVIDE (__ram_exceptions_start, ABSOLUTE (.))
                0x00008020                . = ALIGN (0x20)
 *(.irq)
 *(.exceptions.entry.label)
 *(.exceptions.entry.user)
 *(.exceptions.entry)
 *(.exceptions.irqtest.user)
 *(.exceptions.irqtest)
 *(.exceptions.irqhandler.user)
 *(.exceptions.irqhandler)
 *(.exceptions.irqreturn.user)
 *(.exceptions.irqreturn)
 *(.exceptions.notirq.label)
 *(.exceptions.notirq.user)
 *(.exceptions.notirq)
 *(.exceptions.soft.user)
 *(.exceptions.soft)
 *(.exceptions.unknown.user)
 *(.exceptions.unknown)
 *(.exceptions.exit.label)
 *(.exceptions.exit.user)
 *(.exceptions.exit)
 *(.exceptions)
                0x00008020                PROVIDE (__ram_exceptions_end, ABSOLUTE (.))
                0x00008020                PROVIDE (__flash_exceptions_start, LOADADDR (.exceptions))

.text           0x00008020      0x5e4
                0x00008020                PROVIDE (stext, ABSOLUTE (.))
 *(.interp)
 *(.hash)
 *(.dynsym)
 *(.dynstr)
 *(.gnu.version)
 *(.gnu.version_d)
 *(.gnu.version_r)
 *(.rel.init)
 *(.rela.init)
 *(.rel.text .rel.text.* .rel.gnu.linkonce.t.*)
 *(.rela.text .rela.text.* .rela.gnu.linkonce.t.*)
 *(.rel.fini)
 *(.rela.fini)
 *(.rel.rodata .rel.rodata.* .rel.gnu.linkonce.r.*)
 *(.rela.rodata .rela.rodata.* .rela.gnu.linkonce.r.*)
 *(.rel.data .rel.data.* .rel.gnu.linkonce.d.*)
 *(.rela.data .rela.data.* .rela.gnu.linkonce.d.*)
 *(.rel.tdata .rel.tdata.* .rel.gnu.linkonce.td.*)
 *(.rela.tdata .rela.tdata.* .rela.gnu.linkonce.td.*)
 *(.rel.tbss .rel.tbss.* .rel.gnu.linkonce.tb.*)
 *(.rela.tbss .rela.tbss.* .rela.gnu.linkonce.tb.*)
 *(.rel.ctors)
 *(.rela.ctors)
 *(.rel.dtors)
 *(.rela.dtors)
 *(.rel.got)
 *(.rela.got)
 *(.rel.sdata .rel.sdata.* .rel.gnu.linkonce.s.*)
 *(.rela.sdata .rela.sdata.* .rela.gnu.linkonce.s.*)
 *(.rel.sbss .rel.sbss.* .rel.gnu.linkonce.sb.*)
 *(.rela.sbss .rela.sbss.* .rela.gnu.linkonce.sb.*)
 *(.rel.sdata2 .rel.sdata2.* .rel.gnu.linkonce.s2.*)
 *(.rela.sdata2 .rela.sdata2.* .rela.gnu.linkonce.s2.*)
 *(.rel.sbss2 .rel.sbss2.* .rel.gnu.linkonce.sb2.*)
 *(.rela.sbss2 .rela.sbss2.* .rela.gnu.linkonce.sb2.*)
 *(.rel.bss .rel.bss.* .rel.gnu.linkonce.b.*)
 *(.rela.bss .rela.bss.* .rela.gnu.linkonce.b.*)
 *(.rel.plt)
 *(.rela.plt)
 *(.rel.dyn)
 *(.init)
 *(.plt)
 *(.text .stub .text.* .gnu.linkonce.t.*)
 .text          0x00008020       0x3c ../Test_leds_2_bsp//obj/HAL/src/crt0.o
                0x00008020                _start
 .text          0x0000805c       0x88 obj/hello_world_2.o
                0x0000805c                main
 .text          0x000080e4       0x8c ../Test_leds_2_bsp/\libhal_bsp.a(alt_load.o)
                0x00008104                alt_load
 .text          0x00008170       0x2c ../Test_leds_2_bsp/\libhal_bsp.a(alt_main.o)
                0x00008170                alt_main
 .text          0x0000819c      0x144 ../Test_leds_2_bsp/\libhal_bsp.a(alt_printf.o)
                0x0000819c                alt_printf
 .text          0x000082e0       0x50 ../Test_leds_2_bsp/\libhal_bsp.a(alt_putchar.o)
                0x000082e0                alt_putchar
 .text          0x00008330       0x38 ../Test_leds_2_bsp/\libhal_bsp.a(alt_putstr.o)
                0x00008330                alt_putstr
 .text          0x00008368        0x4 ../Test_leds_2_bsp/\libhal_bsp.a(alt_usleep.o)
                0x00008368                usleep
 .text          0x0000836c       0x24 ../Test_leds_2_bsp/\libhal_bsp.a(alt_sys_init.o)
                0x0000836c                alt_sys_init
                0x00008370                alt_irq_init
 .text          0x00008390       0x34 ../Test_leds_2_bsp/\libhal_bsp.a(altera_avalon_jtag_uart_write.o)
                0x00008390                altera_avalon_jtag_uart_write
 .text          0x000083c4       0x8c ../Test_leds_2_bsp/\libhal_bsp.a(alt_busy_sleep.o)
                0x000083c4                alt_busy_sleep
 .text          0x00008450        0x4 ../Test_leds_2_bsp/\libhal_bsp.a(alt_dcache_flush_all.o)
                0x00008450                alt_dcache_flush_all
 .text          0x00008454        0x4 ../Test_leds_2_bsp/\libhal_bsp.a(alt_icache_flush_all.o)
                0x00008454                alt_icache_flush_all
 .text          0x00008458        0x8 ../Test_leds_2_bsp/\libhal_bsp.a(altera_nios2_irq.o)
                0x00008458                altera_nios2_irq_init
 .text          0x00008460       0x20 c:/altera/11.0sp1/nios2eds/bin/gnu/h-i686-mingw32/bin/../lib/gcc/nios2-elf/4.1.2/../../../../nios2-elf/lib/mno-hw-mul\libsmallc.a(lib_a-strlen.o)
                0x00008460                strlen
 .text          0x00008480      0x14c c:/altera/11.0sp1/nios2eds/bin/gnu/h-i686-mingw32/bin/../lib/gcc/nios2-elf/4.1.2/mno-hw-mul\libgcc.a(lib2-divmod.o)
                0x000084fc                __divsi3
                0x0000855c                __modsi3
                0x000085bc                __udivsi3
                0x000085c4                __umodsi3
 .text          0x000085cc       0x38 c:/altera/11.0sp1/nios2eds/bin/gnu/h-i686-mingw32/bin/../lib/gcc/nios2-elf/4.1.2/mno-hw-mul\libgcc.a(lib2-mul.o)
                0x000085cc                __mulsi3
 *(.gnu.warning.*)
 *(.fini)
                0x00008604                PROVIDE (__etext, ABSOLUTE (.))
                0x00008604                PROVIDE (_etext, ABSOLUTE (.))
                0x00008604                PROVIDE (etext, ABSOLUTE (.))
 *(.eh_frame_hdr)
                0x00008604                . = ALIGN (0x4)
                0x00008604                PROVIDE (__preinit_array_start, ABSOLUTE (.))
 *(.preinit_array)
                0x00008604                PROVIDE (__preinit_array_end, ABSOLUTE (.))
                0x00008604                PROVIDE (__init_array_start, ABSOLUTE (.))
 *(.init_array)
                0x00008604                PROVIDE (__init_array_end, ABSOLUTE (.))
                0x00008604                PROVIDE (__fini_array_start, ABSOLUTE (.))
 *(.fini_array)
                0x00008604                PROVIDE (__fini_array_end, ABSOLUTE (.))
 *(.eh_frame)
 *(.gcc_except_table)
 *(.dynamic)
                0x00008604                PROVIDE (__CTOR_LIST__, ABSOLUTE (.))
 *(.ctors)
 *(SORT(.ctors.*))
                0x00008604                PROVIDE (__CTOR_END__, ABSOLUTE (.))
                0x00008604                PROVIDE (__DTOR_LIST__, ABSOLUTE (.))
 *(.dtors)
 *(SORT(.dtors.*))
                0x00008604                PROVIDE (__DTOR_END__, ABSOLUTE (.))
 *(.jcr)
                0x00008604                . = ALIGN (0x4)

.rodata         0x00008604       0x20
                0x00008604                PROVIDE (__ram_rodata_start, ABSOLUTE (.))
                0x00008604                . = ALIGN (0x4)
 *(.rodata .rodata.* .gnu.linkonce.r.*)
 .rodata.str1.4
                0x00008604       0x20 obj/hello_world_2.o
 *(.rodata1)
                0x00008624                . = ALIGN (0x4)
                0x00008624                PROVIDE (__ram_rodata_end, ABSOLUTE (.))
                0x00008604                PROVIDE (__flash_rodata_start, LOADADDR (.rodata))

.rwdata         0x00008624        0x4 load address 0x00008628
                0x00008624                PROVIDE (__ram_rwdata_start, ABSOLUTE (.))
                0x00008624                . = ALIGN (0x4)
 *(.got.plt)
 *(.got)
 *(.data1)
 *(.data .data.* .gnu.linkonce.d.*)
 .data          0x00008624        0x0 ../Test_leds_2_bsp//obj/HAL/src/crt0.o
 .data          0x00008624        0x0 obj/hello_world_2.o
 .data          0x00008624        0x0 ../Test_leds_2_bsp/\libhal_bsp.a(alt_load.o)
 .data          0x00008624        0x0 ../Test_leds_2_bsp/\libhal_bsp.a(alt_main.o)
 .data          0x00008624        0x0 ../Test_leds_2_bsp/\libhal_bsp.a(alt_printf.o)
 .data          0x00008624        0x0 ../Test_leds_2_bsp/\libhal_bsp.a(alt_putchar.o)
 .data          0x00008624        0x0 ../Test_leds_2_bsp/\libhal_bsp.a(alt_putstr.o)
 .data          0x00008624        0x0 ../Test_leds_2_bsp/\libhal_bsp.a(alt_usleep.o)
 .data          0x00008624        0x0 ../Test_leds_2_bsp/\libhal_bsp.a(alt_sys_init.o)
 .data          0x00008624        0x0 ../Test_leds_2_bsp/\libhal_bsp.a(altera_avalon_jtag_uart_write.o)
 .data          0x00008624        0x0 ../Test_leds_2_bsp/\libhal_bsp.a(alt_busy_sleep.o)
 .data          0x00008624        0x0 ../Test_leds_2_bsp/\libhal_bsp.a(alt_dcache_flush_all.o)
 .data          0x00008624        0x0 ../Test_leds_2_bsp/\libhal_bsp.a(alt_icache_flush_all.o)
 .data          0x00008624        0x0 ../Test_leds_2_bsp/\libhal_bsp.a(altera_nios2_irq.o)
 .data          0x00008624        0x0 c:/altera/11.0sp1/nios2eds/bin/gnu/h-i686-mingw32/bin/../lib/gcc/nios2-elf/4.1.2/../../../../nios2-elf/lib/mno-hw-mul\libsmallc.a(lib_a-strlen.o)
 .data          0x00008624        0x0 c:/altera/11.0sp1/nios2eds/bin/gnu/h-i686-mingw32/bin/../lib/gcc/nios2-elf/4.1.2/mno-hw-mul\libgcc.a(lib2-divmod.o)
 .data          0x00008624        0x0 c:/altera/11.0sp1/nios2eds/bin/gnu/h-i686-mingw32/bin/../lib/gcc/nios2-elf/4.1.2/mno-hw-mul\libgcc.a(lib2-mul.o)
                0x00010624                _gp = ABSOLUTE ((. + 0x8000))
                0x00010624                PROVIDE (gp, _gp)
 *(.rwdata .rwdata.*)
 *(.sdata .sdata.* .gnu.linkonce.s.*)
 .sdata         0x00008624        0x4 ../Test_leds_2_bsp/\libhal_bsp.a(alt_sys_init.o)
                0x00008624                jtag_uart_0
 *(.sdata2 .sdata2.* .gnu.linkonce.s2.*)
                0x00008628                . = ALIGN (0x4)
                0x00008628                _edata = ABSOLUTE (.)
                0x00008628                PROVIDE (edata, ABSOLUTE (.))
                0x00008628                PROVIDE (__ram_rwdata_end, ABSOLUTE (.))
                0x00008628                PROVIDE (__flash_rwdata_start, LOADADDR (.rwdata))

.bss            0x0000862c       0x10
                0x0000862c                __bss_start = ABSOLUTE (.)
                0x0000862c                PROVIDE (__sbss_start, ABSOLUTE (.))
                0x0000862c                PROVIDE (___sbss_start, ABSOLUTE (.))
 *(.dynsbss)
 *(.sbss .sbss.* .gnu.linkonce.sb.*)
 .sbss          0x0000862c        0x1 obj/hello_world_2.o
                0x0000862c                bp
 *fill*         0x0000862d        0x3 00
 .sbss          0x00008630        0xc ../Test_leds_2_bsp/\libhal_bsp.a(alt_main.o)
                0x00008630                alt_argc
                0x00008634                alt_argv
                0x00008638                alt_envp
 *(.sbss2 .sbss2.* .gnu.linkonce.sb2.*)
 *(.scommon)
                0x0000863c                PROVIDE (__sbss_end, ABSOLUTE (.))
                0x0000863c                PROVIDE (___sbss_end, ABSOLUTE (.))
 *(.dynbss)
 *(.bss .bss.* .gnu.linkonce.b.*)
 .bss           0x0000863c        0x0 ../Test_leds_2_bsp//obj/HAL/src/crt0.o
 .bss           0x0000863c        0x0 obj/hello_world_2.o
 .bss           0x0000863c        0x0 ../Test_leds_2_bsp/\libhal_bsp.a(alt_load.o)
 .bss           0x0000863c        0x0 ../Test_leds_2_bsp/\libhal_bsp.a(alt_main.o)
 .bss           0x0000863c        0x0 ../Test_leds_2_bsp/\libhal_bsp.a(alt_printf.o)
 .bss           0x0000863c        0x0 ../Test_leds_2_bsp/\libhal_bsp.a(alt_putchar.o)
 .bss           0x0000863c        0x0 ../Test_leds_2_bsp/\libhal_bsp.a(alt_putstr.o)
 .bss           0x0000863c        0x0 ../Test_leds_2_bsp/\libhal_bsp.a(alt_usleep.o)
 .bss           0x0000863c        0x0 ../Test_leds_2_bsp/\libhal_bsp.a(alt_sys_init.o)
 .bss           0x0000863c        0x0 ../Test_leds_2_bsp/\libhal_bsp.a(altera_avalon_jtag_uart_write.o)
 .bss           0x0000863c        0x0 ../Test_leds_2_bsp/\libhal_bsp.a(alt_busy_sleep.o)
 .bss           0x0000863c        0x0 ../Test_leds_2_bsp/\libhal_bsp.a(alt_dcache_flush_all.o)
 .bss           0x0000863c        0x0 ../Test_leds_2_bsp/\libhal_bsp.a(alt_icache_flush_all.o)
 .bss           0x0000863c        0x0 ../Test_leds_2_bsp/\libhal_bsp.a(altera_nios2_irq.o)
 .bss           0x0000863c        0x0 c:/altera/11.0sp1/nios2eds/bin/gnu/h-i686-mingw32/bin/../lib/gcc/nios2-elf/4.1.2/../../../../nios2-elf/lib/mno-hw-mul\libsmallc.a(lib_a-strlen.o)
 .bss           0x0000863c        0x0 c:/altera/11.0sp1/nios2eds/bin/gnu/h-i686-mingw32/bin/../lib/gcc/nios2-elf/4.1.2/mno-hw-mul\libgcc.a(lib2-divmod.o)
 .bss           0x0000863c        0x0 c:/altera/11.0sp1/nios2eds/bin/gnu/h-i686-mingw32/bin/../lib/gcc/nios2-elf/4.1.2/mno-hw-mul\libgcc.a(lib2-mul.o)
 *(COMMON)
                0x0000863c                . = ALIGN (0x4)
                0x0000863c                __bss_end = ABSOLUTE (.)

.onchip_memory2_0
                0x0000863c        0x0
                0x0000863c                PROVIDE (_alt_partition_onchip_memory2_0_start, ABSOLUTE (.))
 *(.onchip_memory2_0. onchip_memory2_0.*)
                0x0000863c                . = ALIGN (0x4)
                0x0000863c                PROVIDE (_alt_partition_onchip_memory2_0_end, ABSOLUTE (.))
                0x0000863c                _end = ABSOLUTE (.)
                0x0000863c                end = ABSOLUTE (.)
                0x0000863c                __alt_stack_base = ABSOLUTE (.)
                0x0000863c                PROVIDE (_alt_partition_onchip_memory2_0_load_addr, LOADADDR (.onchip_memory2_0))

.stab
 *(.stab)

.stabstr
 *(.stabstr)

.stab.excl
 *(.stab.excl)

.stab.exclstr
 *(.stab.exclstr)

.stab.index
 *(.stab.index)

.stab.indexstr
 *(.stab.indexstr)

.comment        0x00000000       0x26
 *(.comment)
 .comment       0x00000000       0x26 obj/hello_world_2.o
                                 0x27 (size before relaxing)
 .comment       0x00000000       0x27 ../Test_leds_2_bsp/\libhal_bsp.a(alt_load.o)
 .comment       0x00000000       0x27 ../Test_leds_2_bsp/\libhal_bsp.a(alt_main.o)
 .comment       0x00000000       0x27 ../Test_leds_2_bsp/\libhal_bsp.a(alt_printf.o)
 .comment       0x00000000       0x27 ../Test_leds_2_bsp/\libhal_bsp.a(alt_putchar.o)
 .comment       0x00000000       0x27 ../Test_leds_2_bsp/\libhal_bsp.a(alt_putstr.o)
 .comment       0x00000000       0x27 ../Test_leds_2_bsp/\libhal_bsp.a(alt_usleep.o)
 .comment       0x00000000       0x27 ../Test_leds_2_bsp/\libhal_bsp.a(alt_sys_init.o)
 .comment       0x00000000       0x27 ../Test_leds_2_bsp/\libhal_bsp.a(altera_avalon_jtag_uart_write.o)
 .comment       0x00000000       0x27 ../Test_leds_2_bsp/\libhal_bsp.a(alt_busy_sleep.o)
 .comment       0x00000000       0x27 ../Test_leds_2_bsp/\libhal_bsp.a(alt_dcache_flush_all.o)
 .comment       0x00000000       0x27 ../Test_leds_2_bsp/\libhal_bsp.a(alt_icache_flush_all.o)
 .comment       0x00000000       0x27 ../Test_leds_2_bsp/\libhal_bsp.a(altera_nios2_irq.o)
 .comment       0x00000000       0x27 c:/altera/11.0sp1/nios2eds/bin/gnu/h-i686-mingw32/bin/../lib/gcc/nios2-elf/4.1.2/../../../../nios2-elf/lib/mno-hw-mul\libsmallc.a(lib_a-strlen.o)
 .comment       0x00000000       0x27 c:/altera/11.0sp1/nios2eds/bin/gnu/h-i686-mingw32/bin/../lib/gcc/nios2-elf/4.1.2/mno-hw-mul\libgcc.a(lib2-divmod.o)
 .comment       0x00000000       0x27 c:/altera/11.0sp1/nios2eds/bin/gnu/h-i686-mingw32/bin/../lib/gcc/nios2-elf/4.1.2/mno-hw-mul\libgcc.a(lib2-mul.o)

.debug
 *(.debug)

.line
 *(.line)

.debug_srcinfo
 *(.debug_srcinfo)

.debug_sfnames
 *(.debug_sfnames)

.debug_aranges  0x00000000      0x228
 *(.debug_aranges)
 .debug_aranges
                0x00000000       0x28 ../Test_leds_2_bsp//obj/HAL/src/crt0.o
 .debug_aranges
                0x00000028       0x20 obj/hello_world_2.o
 .debug_aranges
                0x00000048       0x20 ../Test_leds_2_bsp/\libhal_bsp.a(alt_load.o)
 .debug_aranges
                0x00000068       0x20 ../Test_leds_2_bsp/\libhal_bsp.a(alt_main.o)
 .debug_aranges
                0x00000088       0x20 ../Test_leds_2_bsp/\libhal_bsp.a(alt_printf.o)
 .debug_aranges
                0x000000a8       0x20 ../Test_leds_2_bsp/\libhal_bsp.a(alt_putchar.o)
 .debug_aranges
                0x000000c8       0x20 ../Test_leds_2_bsp/\libhal_bsp.a(alt_putstr.o)
 .debug_aranges
                0x000000e8       0x20 ../Test_leds_2_bsp/\libhal_bsp.a(alt_usleep.o)
 .debug_aranges
                0x00000108       0x20 ../Test_leds_2_bsp/\libhal_bsp.a(alt_sys_init.o)
 .debug_aranges
                0x00000128       0x20 ../Test_leds_2_bsp/\libhal_bsp.a(altera_avalon_jtag_uart_write.o)
 .debug_aranges
                0x00000148       0x20 ../Test_leds_2_bsp/\libhal_bsp.a(alt_busy_sleep.o)
 .debug_aranges
                0x00000168       0x20 ../Test_leds_2_bsp/\libhal_bsp.a(alt_dcache_flush_all.o)
 .debug_aranges
                0x00000188       0x20 ../Test_leds_2_bsp/\libhal_bsp.a(alt_icache_flush_all.o)
 .debug_aranges
                0x000001a8       0x20 ../Test_leds_2_bsp/\libhal_bsp.a(altera_nios2_irq.o)
 .debug_aranges
                0x000001c8       0x20 c:/altera/11.0sp1/nios2eds/bin/gnu/h-i686-mingw32/bin/../lib/gcc/nios2-elf/4.1.2/../../../../nios2-elf/lib/mno-hw-mul\libsmallc.a(lib_a-strlen.o)
 .debug_aranges
                0x000001e8       0x20 c:/altera/11.0sp1/nios2eds/bin/gnu/h-i686-mingw32/bin/../lib/gcc/nios2-elf/4.1.2/mno-hw-mul\libgcc.a(lib2-divmod.o)
 .debug_aranges
                0x00000208       0x20 c:/altera/11.0sp1/nios2eds/bin/gnu/h-i686-mingw32/bin/../lib/gcc/nios2-elf/4.1.2/mno-hw-mul\libgcc.a(lib2-mul.o)

.debug_pubnames
                0x00000000      0x2ab
 *(.debug_pubnames)
 .debug_pubnames
                0x00000000       0x22 obj/hello_world_2.o
 .debug_pubnames
                0x00000022       0x1f ../Test_leds_2_bsp/\libhal_bsp.a(alt_load.o)
 .debug_pubnames
                0x00000041       0x46 ../Test_leds_2_bsp/\libhal_bsp.a(alt_main.o)
 .debug_pubnames
                0x00000087       0x21 ../Test_leds_2_bsp/\libhal_bsp.a(alt_printf.o)
 .debug_pubnames
                0x000000a8       0x22 ../Test_leds_2_bsp/\libhal_bsp.a(alt_putchar.o)
 .debug_pubnames
                0x000000ca       0x21 ../Test_leds_2_bsp/\libhal_bsp.a(alt_putstr.o)
 .debug_pubnames
                0x000000eb       0x1d ../Test_leds_2_bsp/\libhal_bsp.a(alt_usleep.o)
 .debug_pubnames
                0x00000108       0x44 ../Test_leds_2_bsp/\libhal_bsp.a(alt_sys_init.o)
 .debug_pubnames
                0x0000014c       0x34 ../Test_leds_2_bsp/\libhal_bsp.a(altera_avalon_jtag_uart_write.o)
 .debug_pubnames
                0x00000180       0x25 ../Test_leds_2_bsp/\libhal_bsp.a(alt_busy_sleep.o)
 .debug_pubnames
                0x000001a5       0x2b ../Test_leds_2_bsp/\libhal_bsp.a(alt_dcache_flush_all.o)
 .debug_pubnames
                0x000001d0       0x2b ../Test_leds_2_bsp/\libhal_bsp.a(alt_icache_flush_all.o)
 .debug_pubnames
                0x000001fb       0x2c ../Test_leds_2_bsp/\libhal_bsp.a(altera_nios2_irq.o)
 .debug_pubnames
                0x00000227       0x1d c:/altera/11.0sp1/nios2eds/bin/gnu/h-i686-mingw32/bin/../lib/gcc/nios2-elf/4.1.2/../../../../nios2-elf/lib/mno-hw-mul\libsmallc.a(lib_a-strlen.o)
 .debug_pubnames
                0x00000244       0x48 c:/altera/11.0sp1/nios2eds/bin/gnu/h-i686-mingw32/bin/../lib/gcc/nios2-elf/4.1.2/mno-hw-mul\libgcc.a(lib2-divmod.o)
 .debug_pubnames
                0x0000028c       0x1f c:/altera/11.0sp1/nios2eds/bin/gnu/h-i686-mingw32/bin/../lib/gcc/nios2-elf/4.1.2/mno-hw-mul\libgcc.a(lib2-mul.o)

.debug_info     0x00000000     0x1038
 *(.debug_info .gnu.linkonce.wi.*)
 .debug_info    0x00000000       0x9c ../Test_leds_2_bsp//obj/HAL/src/crt0.o
 .debug_info    0x0000009c       0xa3 obj/hello_world_2.o
 .debug_info    0x0000013f      0x12e ../Test_leds_2_bsp/\libhal_bsp.a(alt_load.o)
 .debug_info    0x0000026d      0x125 ../Test_leds_2_bsp/\libhal_bsp.a(alt_main.o)
 .debug_info    0x00000392      0x11d ../Test_leds_2_bsp/\libhal_bsp.a(alt_printf.o)
 .debug_info    0x000004af       0xc5 ../Test_leds_2_bsp/\libhal_bsp.a(alt_putchar.o)
 .debug_info    0x00000574       0xc5 ../Test_leds_2_bsp/\libhal_bsp.a(alt_putstr.o)
 .debug_info    0x00000639       0xab ../Test_leds_2_bsp/\libhal_bsp.a(alt_usleep.o)
 .debug_info    0x000006e4      0x17d ../Test_leds_2_bsp/\libhal_bsp.a(alt_sys_init.o)
 .debug_info    0x00000861      0x18f ../Test_leds_2_bsp/\libhal_bsp.a(altera_avalon_jtag_uart_write.o)
 .debug_info    0x000009f0       0xd0 ../Test_leds_2_bsp/\libhal_bsp.a(alt_busy_sleep.o)
 .debug_info    0x00000ac0       0x8d ../Test_leds_2_bsp/\libhal_bsp.a(alt_dcache_flush_all.o)
 .debug_info    0x00000b4d       0x8d ../Test_leds_2_bsp/\libhal_bsp.a(alt_icache_flush_all.o)
 .debug_info    0x00000bda       0x8d ../Test_leds_2_bsp/\libhal_bsp.a(altera_nios2_irq.o)
 .debug_info    0x00000c67       0xc2 c:/altera/11.0sp1/nios2eds/bin/gnu/h-i686-mingw32/bin/../lib/gcc/nios2-elf/4.1.2/../../../../nios2-elf/lib/mno-hw-mul\libsmallc.a(lib_a-strlen.o)
 .debug_info    0x00000d29      0x21c c:/altera/11.0sp1/nios2eds/bin/gnu/h-i686-mingw32/bin/../lib/gcc/nios2-elf/4.1.2/mno-hw-mul\libgcc.a(lib2-divmod.o)
 .debug_info    0x00000f45       0xf3 c:/altera/11.0sp1/nios2eds/bin/gnu/h-i686-mingw32/bin/../lib/gcc/nios2-elf/4.1.2/mno-hw-mul\libgcc.a(lib2-mul.o)

.debug_abbrev   0x00000000      0x898
 *(.debug_abbrev)
 .debug_abbrev  0x00000000       0x12 ../Test_leds_2_bsp//obj/HAL/src/crt0.o
 .debug_abbrev  0x00000012       0x50 obj/hello_world_2.o
 .debug_abbrev  0x00000062       0x97 ../Test_leds_2_bsp/\libhal_bsp.a(alt_load.o)
 .debug_abbrev  0x000000f9       0xa6 ../Test_leds_2_bsp/\libhal_bsp.a(alt_main.o)
 .debug_abbrev  0x0000019f       0xc7 ../Test_leds_2_bsp/\libhal_bsp.a(alt_printf.o)
 .debug_abbrev  0x00000266       0x7b ../Test_leds_2_bsp/\libhal_bsp.a(alt_putchar.o)
 .debug_abbrev  0x000002e1       0x7c ../Test_leds_2_bsp/\libhal_bsp.a(alt_putstr.o)
 .debug_abbrev  0x0000035d       0x5d ../Test_leds_2_bsp/\libhal_bsp.a(alt_usleep.o)
 .debug_abbrev  0x000003ba       0xe3 ../Test_leds_2_bsp/\libhal_bsp.a(alt_sys_init.o)
 .debug_abbrev  0x0000049d       0xf0 ../Test_leds_2_bsp/\libhal_bsp.a(altera_avalon_jtag_uart_write.o)
 .debug_abbrev  0x0000058d       0x79 ../Test_leds_2_bsp/\libhal_bsp.a(alt_busy_sleep.o)
 .debug_abbrev  0x00000606       0x3f ../Test_leds_2_bsp/\libhal_bsp.a(alt_dcache_flush_all.o)
 .debug_abbrev  0x00000645       0x3f ../Test_leds_2_bsp/\libhal_bsp.a(alt_icache_flush_all.o)
 .debug_abbrev  0x00000684       0x3f ../Test_leds_2_bsp/\libhal_bsp.a(altera_nios2_irq.o)
 .debug_abbrev  0x000006c3       0x7a c:/altera/11.0sp1/nios2eds/bin/gnu/h-i686-mingw32/bin/../lib/gcc/nios2-elf/4.1.2/../../../../nios2-elf/lib/mno-hw-mul\libsmallc.a(lib_a-strlen.o)
 .debug_abbrev  0x0000073d       0xe0 c:/altera/11.0sp1/nios2eds/bin/gnu/h-i686-mingw32/bin/../lib/gcc/nios2-elf/4.1.2/mno-hw-mul\libgcc.a(lib2-divmod.o)
 .debug_abbrev  0x0000081d       0x7b c:/altera/11.0sp1/nios2eds/bin/gnu/h-i686-mingw32/bin/../lib/gcc/nios2-elf/4.1.2/mno-hw-mul\libgcc.a(lib2-mul.o)

.debug_line     0x00000000     0x221b
 *(.debug_line)
 .debug_line    0x00000000       0x66 ../Test_leds_2_bsp//obj/HAL/src/crt0.o
 .debug_line    0x00000066      0x259 obj/hello_world_2.o
 .debug_line    0x000002bf      0x217 ../Test_leds_2_bsp/\libhal_bsp.a(alt_load.o)
 .debug_line    0x000004d6      0x2c2 ../Test_leds_2_bsp/\libhal_bsp.a(alt_main.o)
 .debug_line    0x00000798      0x1f2 ../Test_leds_2_bsp/\libhal_bsp.a(alt_printf.o)
 .debug_line    0x0000098a      0x1f2 ../Test_leds_2_bsp/\libhal_bsp.a(alt_putchar.o)
 .debug_line    0x00000b7c      0x1d9 ../Test_leds_2_bsp/\libhal_bsp.a(alt_putstr.o)
 .debug_line    0x00000d55      0x202 ../Test_leds_2_bsp/\libhal_bsp.a(alt_usleep.o)
 .debug_line    0x00000f57      0x286 ../Test_leds_2_bsp/\libhal_bsp.a(alt_sys_init.o)
 .debug_line    0x000011dd      0x2f4 ../Test_leds_2_bsp/\libhal_bsp.a(altera_avalon_jtag_uart_write.o)
 .debug_line    0x000014d1      0x25e ../Test_leds_2_bsp/\libhal_bsp.a(alt_busy_sleep.o)
 .debug_line    0x0000172f      0x1b5 ../Test_leds_2_bsp/\libhal_bsp.a(alt_dcache_flush_all.o)
 .debug_line    0x000018e4      0x1b5 ../Test_leds_2_bsp/\libhal_bsp.a(alt_icache_flush_all.o)
 .debug_line    0x00001a99      0x1c9 ../Test_leds_2_bsp/\libhal_bsp.a(altera_nios2_irq.o)
 .debug_line    0x00001c62      0x250 c:/altera/11.0sp1/nios2eds/bin/gnu/h-i686-mingw32/bin/../lib/gcc/nios2-elf/4.1.2/../../../../nios2-elf/lib/mno-hw-mul\libsmallc.a(lib_a-strlen.o)
 .debug_line    0x00001eb2      0x24f c:/altera/11.0sp1/nios2eds/bin/gnu/h-i686-mingw32/bin/../lib/gcc/nios2-elf/4.1.2/mno-hw-mul\libgcc.a(lib2-divmod.o)
 .debug_line    0x00002101      0x11a c:/altera/11.0sp1/nios2eds/bin/gnu/h-i686-mingw32/bin/../lib/gcc/nios2-elf/4.1.2/mno-hw-mul\libgcc.a(lib2-mul.o)

.debug_frame    0x00000000      0x2b8
 *(.debug_frame)
 .debug_frame   0x00000000       0x28 obj/hello_world_2.o
 .debug_frame   0x00000028       0x38 ../Test_leds_2_bsp/\libhal_bsp.a(alt_load.o)
 .debug_frame   0x00000060       0x28 ../Test_leds_2_bsp/\libhal_bsp.a(alt_main.o)
 .debug_frame   0x00000088       0x2c ../Test_leds_2_bsp/\libhal_bsp.a(alt_printf.o)
 .debug_frame   0x000000b4       0x2c ../Test_leds_2_bsp/\libhal_bsp.a(alt_putchar.o)
 .debug_frame   0x000000e0       0x28 ../Test_leds_2_bsp/\libhal_bsp.a(alt_putstr.o)
 .debug_frame   0x00000108       0x20 ../Test_leds_2_bsp/\libhal_bsp.a(alt_usleep.o)
 .debug_frame   0x00000128       0x38 ../Test_leds_2_bsp/\libhal_bsp.a(alt_sys_init.o)
 .debug_frame   0x00000160       0x20 ../Test_leds_2_bsp/\libhal_bsp.a(altera_avalon_jtag_uart_write.o)
 .debug_frame   0x00000180       0x28 ../Test_leds_2_bsp/\libhal_bsp.a(alt_busy_sleep.o)
 .debug_frame   0x000001a8       0x20 ../Test_leds_2_bsp/\libhal_bsp.a(alt_dcache_flush_all.o)
 .debug_frame   0x000001c8       0x20 ../Test_leds_2_bsp/\libhal_bsp.a(alt_icache_flush_all.o)
 .debug_frame   0x000001e8       0x20 ../Test_leds_2_bsp/\libhal_bsp.a(altera_nios2_irq.o)
 .debug_frame   0x00000208       0x20 c:/altera/11.0sp1/nios2eds/bin/gnu/h-i686-mingw32/bin/../lib/gcc/nios2-elf/4.1.2/../../../../nios2-elf/lib/mno-hw-mul\libsmallc.a(lib_a-strlen.o)
 .debug_frame   0x00000228       0x70 c:/altera/11.0sp1/nios2eds/bin/gnu/h-i686-mingw32/bin/../lib/gcc/nios2-elf/4.1.2/mno-hw-mul\libgcc.a(lib2-divmod.o)
 .debug_frame   0x00000298       0x20 c:/altera/11.0sp1/nios2eds/bin/gnu/h-i686-mingw32/bin/../lib/gcc/nios2-elf/4.1.2/mno-hw-mul\libgcc.a(lib2-mul.o)

.debug_str      0x00000000      0x760
 *(.debug_str)
 .debug_str     0x00000000       0xd3 obj/hello_world_2.o
                                0x111 (size before relaxing)
 .debug_str     0x000000d3      0x15c ../Test_leds_2_bsp/\libhal_bsp.a(alt_load.o)
                                0x1f1 (size before relaxing)
 .debug_str     0x0000022f       0x75 ../Test_leds_2_bsp/\libhal_bsp.a(alt_main.o)
                                0x175 (size before relaxing)
 .debug_str     0x000002a4       0x46 ../Test_leds_2_bsp/\libhal_bsp.a(alt_printf.o)
                                 0xdc (size before relaxing)
 .debug_str     0x000002ea       0x4e ../Test_leds_2_bsp/\libhal_bsp.a(alt_putchar.o)
                                0x14e (size before relaxing)
 .debug_str     0x00000338       0x20 ../Test_leds_2_bsp/\libhal_bsp.a(alt_putstr.o)
                                0x14c (size before relaxing)
 .debug_str     0x00000358       0x27 ../Test_leds_2_bsp/\libhal_bsp.a(alt_usleep.o)
                                0x127 (size before relaxing)
 .debug_str     0x0000037f       0x85 ../Test_leds_2_bsp/\libhal_bsp.a(alt_sys_init.o)
                                0x1ea (size before relaxing)
 .debug_str     0x00000404       0x56 ../Test_leds_2_bsp/\libhal_bsp.a(altera_avalon_jtag_uart_write.o)
                                0x1ed (size before relaxing)
 .debug_str     0x0000045a       0x42 ../Test_leds_2_bsp/\libhal_bsp.a(alt_busy_sleep.o)
                                0x14a (size before relaxing)
 .debug_str     0x0000049c       0x34 ../Test_leds_2_bsp/\libhal_bsp.a(alt_dcache_flush_all.o)
                                0x134 (size before relaxing)
 .debug_str     0x000004d0       0x34 ../Test_leds_2_bsp/\libhal_bsp.a(alt_icache_flush_all.o)
                                0x134 (size before relaxing)
 .debug_str     0x00000504       0x31 ../Test_leds_2_bsp/\libhal_bsp.a(altera_nios2_irq.o)
                                0x131 (size before relaxing)
 .debug_str     0x00000535       0xe9 c:/altera/11.0sp1/nios2eds/bin/gnu/h-i686-mingw32/bin/../lib/gcc/nios2-elf/4.1.2/../../../../nios2-elf/lib/mno-hw-mul\libsmallc.a(lib_a-strlen.o)
                                0x184 (size before relaxing)
 .debug_str     0x0000061e      0x10b c:/altera/11.0sp1/nios2eds/bin/gnu/h-i686-mingw32/bin/../lib/gcc/nios2-elf/4.1.2/mno-hw-mul\libgcc.a(lib2-divmod.o)
                                0x1b4 (size before relaxing)
 .debug_str     0x00000729       0x37 c:/altera/11.0sp1/nios2eds/bin/gnu/h-i686-mingw32/bin/../lib/gcc/nios2-elf/4.1.2/mno-hw-mul\libgcc.a(lib2-mul.o)
                                0x175 (size before relaxing)

.debug_loc      0x00000000      0x551
 *(.debug_loc)
 .debug_loc     0x00000000       0x1f obj/hello_world_2.o
 .debug_loc     0x0000001f       0x1f ../Test_leds_2_bsp/\libhal_bsp.a(alt_load.o)
 .debug_loc     0x0000003e       0x1f ../Test_leds_2_bsp/\libhal_bsp.a(alt_main.o)
 .debug_loc     0x0000005d      0x175 ../Test_leds_2_bsp/\libhal_bsp.a(alt_printf.o)
 .debug_loc     0x000001d2       0x3d ../Test_leds_2_bsp/\libhal_bsp.a(alt_putchar.o)
 .debug_loc     0x0000020f       0x48 ../Test_leds_2_bsp/\libhal_bsp.a(alt_putstr.o)
 .debug_loc     0x00000257       0x13 ../Test_leds_2_bsp/\libhal_bsp.a(alt_usleep.o)
 .debug_loc     0x0000026a       0x32 ../Test_leds_2_bsp/\libhal_bsp.a(alt_sys_init.o)
 .debug_loc     0x0000029c       0x26 ../Test_leds_2_bsp/\libhal_bsp.a(altera_avalon_jtag_uart_write.o)
 .debug_loc     0x000002c2       0x50 ../Test_leds_2_bsp/\libhal_bsp.a(alt_busy_sleep.o)
 .debug_loc     0x00000312       0x1e c:/altera/11.0sp1/nios2eds/bin/gnu/h-i686-mingw32/bin/../lib/gcc/nios2-elf/4.1.2/../../../../nios2-elf/lib/mno-hw-mul\libsmallc.a(lib_a-strlen.o)
 .debug_loc     0x00000330      0x1d2 c:/altera/11.0sp1/nios2eds/bin/gnu/h-i686-mingw32/bin/../lib/gcc/nios2-elf/4.1.2/mno-hw-mul\libgcc.a(lib2-divmod.o)
 .debug_loc     0x00000502       0x4f c:/altera/11.0sp1/nios2eds/bin/gnu/h-i686-mingw32/bin/../lib/gcc/nios2-elf/4.1.2/mno-hw-mul\libgcc.a(lib2-mul.o)

.debug_macinfo
 *(.debug_macinfo)

.debug_weaknames
 *(.debug_weaknames)

.debug_funcnames
 *(.debug_funcnames)

.debug_typenames
 *(.debug_typenames)

.debug_varnames
 *(.debug_varnames)

.debug_alt_sim_info
                0x00000000       0x40
 *(.debug_alt_sim_info)
 .debug_alt_sim_info
                0x00000000       0x10 ../Test_leds_2_bsp//obj/HAL/src/crt0.o
 .debug_alt_sim_info
                0x00000010       0x30 ../Test_leds_2_bsp/\libhal_bsp.a(alt_busy_sleep.o)
                0x0000d000                __alt_data_end = 0xd000
                0x0000d000                PROVIDE (__alt_stack_pointer, __alt_data_end)
                0x0000863c                PROVIDE (__alt_stack_limit, __alt_stack_base)
                0x0000863c                PROVIDE (__alt_heap_start, end)
                0x0000d000                PROVIDE (__alt_heap_limit, 0xd000)
OUTPUT(Test_leds_2.elf elf32-littlenios2)

.debug_ranges   0x00000000       0x20
 .debug_ranges  0x00000000       0x20 ../Test_leds_2_bsp//obj/HAL/src/crt0.o
