Archive member included because of file (symbol)

../Test_pwm_bsp/\libhal_bsp.a(alt_load.o)
                              ../Test_pwm_bsp//obj/HAL/src/crt0.o (alt_load)
../Test_pwm_bsp/\libhal_bsp.a(alt_main.o)
                              ../Test_pwm_bsp//obj/HAL/src/crt0.o (alt_main)
../Test_pwm_bsp/\libhal_bsp.a(alt_putstr.o)
                              obj/hello_world_small.o (alt_putstr)
../Test_pwm_bsp/\libhal_bsp.a(alt_sys_init.o)
                              ../Test_pwm_bsp/\libhal_bsp.a(alt_main.o) (alt_sys_init)
../Test_pwm_bsp/\libhal_bsp.a(altera_avalon_jtag_uart_write.o)
                              ../Test_pwm_bsp/\libhal_bsp.a(alt_putstr.o) (altera_avalon_jtag_uart_write)
../Test_pwm_bsp/\libhal_bsp.a(alt_dcache_flush_all.o)
                              ../Test_pwm_bsp/\libhal_bsp.a(alt_load.o) (alt_dcache_flush_all)
../Test_pwm_bsp/\libhal_bsp.a(alt_icache_flush_all.o)
                              ../Test_pwm_bsp/\libhal_bsp.a(alt_load.o) (alt_icache_flush_all)
../Test_pwm_bsp/\libhal_bsp.a(altera_nios2_irq.o)
                              ../Test_pwm_bsp/\libhal_bsp.a(alt_sys_init.o) (altera_nios2_irq_init)
f:/quartus11/nios2eds/bin/gnu/h-i686-mingw32/bin/../lib/gcc/nios2-elf/4.1.2/../../../../nios2-elf/lib/mno-hw-mul\libsmallc.a(lib_a-strlen.o)
                              ../Test_pwm_bsp/\libhal_bsp.a(alt_putstr.o) (strlen)

Memory Configuration

Name             Origin             Length             Attributes
reset            0x00008000         0x00000020
onchip_memory2_0 0x00008020         0x00004fe0
*default*        0x00000000         0xffffffff

Linker script and memory map

LOAD ../Test_pwm_bsp//obj/HAL/src/crt0.o
                0x0000800c                exit = _exit
LOAD obj/hello_world_small.o
LOAD f:/quartus11/nios2eds/bin/gnu/h-i686-mingw32/bin/../lib/gcc/nios2-elf/4.1.2/../../../../nios2-elf/lib/mno-hw-mul\libstdc++.a
LOAD f:/quartus11/nios2eds/bin/gnu/h-i686-mingw32/bin/../lib/gcc/nios2-elf/4.1.2/../../../../nios2-elf/lib/mno-hw-mul\libm.a
LOAD f:/quartus11/nios2eds/bin/gnu/h-i686-mingw32/bin/../lib/gcc/nios2-elf/4.1.2/mno-hw-mul\libgcc.a
START GROUP
LOAD f:/quartus11/nios2eds/bin/gnu/h-i686-mingw32/bin/../lib/gcc/nios2-elf/4.1.2/../../../../nios2-elf/lib/mno-hw-mul\libsmallc.a
LOAD f:/quartus11/nios2eds/bin/gnu/h-i686-mingw32/bin/../lib/gcc/nios2-elf/4.1.2/mno-hw-mul\libgcc.a
LOAD ../Test_pwm_bsp/\libhal_bsp.a
END GROUP
LOAD f:/quartus11/nios2eds/bin/gnu/h-i686-mingw32/bin/../lib/gcc/nios2-elf/4.1.2/mno-hw-mul\libgcc.a
                0x00008000                __alt_mem_onchip_memory2_0 = 0x8000

.entry          0x00008000       0x20
 *(.entry)
 .entry         0x00008000       0x20 ../Test_pwm_bsp//obj/HAL/src/crt0.o
                0x00008000                __reset
                0x0000800c                _exit

.exceptions     0x00008020        0x0
                0x00008020                PROVIDE (__ram_exceptions_start, ABSOLUTE (.))
                0x00008020                . = ALIGN (0x20)
 *(.irq)
 *(.exceptions.entry.label)
 *(.exceptions.entry.user)
 *(.exceptions.entry)
 *(.exceptions.irqtest.user)
 *(.exceptions.irqtest)
 *(.exceptions.irqhandler.user)
 *(.exceptions.irqhandler)
 *(.exceptions.irqreturn.user)
 *(.exceptions.irqreturn)
 *(.exceptions.notirq.label)
 *(.exceptions.notirq.user)
 *(.exceptions.notirq)
 *(.exceptions.soft.user)
 *(.exceptions.soft)
 *(.exceptions.unknown.user)
 *(.exceptions.unknown)
 *(.exceptions.exit.label)
 *(.exceptions.exit.user)
 *(.exceptions.exit)
 *(.exceptions)
                0x00008020                PROVIDE (__ram_exceptions_end, ABSOLUTE (.))
                0x00008020                PROVIDE (__flash_exceptions_start, LOADADDR (.exceptions))

.text           0x00008020      0x1cc
                0x00008020                PROVIDE (stext, ABSOLUTE (.))
 *(.interp)
 *(.hash)
 *(.dynsym)
 *(.dynstr)
 *(.gnu.version)
 *(.gnu.version_d)
 *(.gnu.version_r)
 *(.rel.init)
 *(.rela.init)
 *(.rel.text .rel.text.* .rel.gnu.linkonce.t.*)
 *(.rela.text .rela.text.* .rela.gnu.linkonce.t.*)
 *(.rel.fini)
 *(.rela.fini)
 *(.rel.rodata .rel.rodata.* .rel.gnu.linkonce.r.*)
 *(.rela.rodata .rela.rodata.* .rela.gnu.linkonce.r.*)
 *(.rel.data .rel.data.* .rel.gnu.linkonce.d.*)
 *(.rela.data .rela.data.* .rela.gnu.linkonce.d.*)
 *(.rel.tdata .rel.tdata.* .rel.gnu.linkonce.td.*)
 *(.rela.tdata .rela.tdata.* .rela.gnu.linkonce.td.*)
 *(.rel.tbss .rel.tbss.* .rel.gnu.linkonce.tb.*)
 *(.rela.tbss .rela.tbss.* .rela.gnu.linkonce.tb.*)
 *(.rel.ctors)
 *(.rela.ctors)
 *(.rel.dtors)
 *(.rela.dtors)
 *(.rel.got)
 *(.rela.got)
 *(.rel.sdata .rel.sdata.* .rel.gnu.linkonce.s.*)
 *(.rela.sdata .rela.sdata.* .rela.gnu.linkonce.s.*)
 *(.rel.sbss .rel.sbss.* .rel.gnu.linkonce.sb.*)
 *(.rela.sbss .rela.sbss.* .rela.gnu.linkonce.sb.*)
 *(.rel.sdata2 .rel.sdata2.* .rel.gnu.linkonce.s2.*)
 *(.rela.sdata2 .rela.sdata2.* .rela.gnu.linkonce.s2.*)
 *(.rel.sbss2 .rel.sbss2.* .rel.gnu.linkonce.sb2.*)
 *(.rela.sbss2 .rela.sbss2.* .rela.gnu.linkonce.sb2.*)
 *(.rel.bss .rel.bss.* .rel.gnu.linkonce.b.*)
 *(.rela.bss .rela.bss.* .rela.gnu.linkonce.b.*)
 *(.rel.plt)
 *(.rela.plt)
 *(.rel.dyn)
 *(.init)
 *(.plt)
 *(.text .stub .text.* .gnu.linkonce.t.*)
 .text          0x00008020       0x3c ../Test_pwm_bsp//obj/HAL/src/crt0.o
                0x00008020                _start
 .text          0x0000805c       0x18 obj/hello_world_small.o
                0x0000805c                main
 .text          0x00008074       0x8c ../Test_pwm_bsp/\libhal_bsp.a(alt_load.o)
                0x00008094                alt_load
 .text          0x00008100       0x2c ../Test_pwm_bsp/\libhal_bsp.a(alt_main.o)
                0x00008100                alt_main
 .text          0x0000812c       0x38 ../Test_pwm_bsp/\libhal_bsp.a(alt_putstr.o)
                0x0000812c                alt_putstr
 .text          0x00008164       0x24 ../Test_pwm_bsp/\libhal_bsp.a(alt_sys_init.o)
                0x00008164                alt_sys_init
                0x00008168                alt_irq_init
 .text          0x00008188       0x34 ../Test_pwm_bsp/\libhal_bsp.a(altera_avalon_jtag_uart_write.o)
                0x00008188                altera_avalon_jtag_uart_write
 .text          0x000081bc        0x4 ../Test_pwm_bsp/\libhal_bsp.a(alt_dcache_flush_all.o)
                0x000081bc                alt_dcache_flush_all
 .text          0x000081c0        0x4 ../Test_pwm_bsp/\libhal_bsp.a(alt_icache_flush_all.o)
                0x000081c0                alt_icache_flush_all
 .text          0x000081c4        0x8 ../Test_pwm_bsp/\libhal_bsp.a(altera_nios2_irq.o)
                0x000081c4                altera_nios2_irq_init
 .text          0x000081cc       0x20 f:/quartus11/nios2eds/bin/gnu/h-i686-mingw32/bin/../lib/gcc/nios2-elf/4.1.2/../../../../nios2-elf/lib/mno-hw-mul\libsmallc.a(lib_a-strlen.o)
                0x000081cc                strlen
 *(.gnu.warning.*)
 *(.fini)
                0x000081ec                PROVIDE (__etext, ABSOLUTE (.))
                0x000081ec                PROVIDE (_etext, ABSOLUTE (.))
                0x000081ec                PROVIDE (etext, ABSOLUTE (.))
 *(.eh_frame_hdr)
                0x000081ec                . = ALIGN (0x4)
                0x000081ec                PROVIDE (__preinit_array_start, ABSOLUTE (.))
 *(.preinit_array)
                0x000081ec                PROVIDE (__preinit_array_end, ABSOLUTE (.))
                0x000081ec                PROVIDE (__init_array_start, ABSOLUTE (.))
 *(.init_array)
                0x000081ec                PROVIDE (__init_array_end, ABSOLUTE (.))
                0x000081ec                PROVIDE (__fini_array_start, ABSOLUTE (.))
 *(.fini_array)
                0x000081ec                PROVIDE (__fini_array_end, ABSOLUTE (.))
 *(.eh_frame)
 *(.gcc_except_table)
 *(.dynamic)
                0x000081ec                PROVIDE (__CTOR_LIST__, ABSOLUTE (.))
 *(.ctors)
 *(SORT(.ctors.*))
                0x000081ec                PROVIDE (__CTOR_END__, ABSOLUTE (.))
                0x000081ec                PROVIDE (__DTOR_LIST__, ABSOLUTE (.))
 *(.dtors)
 *(SORT(.dtors.*))
                0x000081ec                PROVIDE (__DTOR_END__, ABSOLUTE (.))
 *(.jcr)
                0x000081ec                . = ALIGN (0x4)

.rodata         0x000081ec       0x18
                0x000081ec                PROVIDE (__ram_rodata_start, ABSOLUTE (.))
                0x000081ec                . = ALIGN (0x4)
 *(.rodata .rodata.* .gnu.linkonce.r.*)
 .rodata.str1.4
                0x000081ec       0x18 obj/hello_world_small.o
 *(.rodata1)
                0x00008204                . = ALIGN (0x4)
                0x00008204                PROVIDE (__ram_rodata_end, ABSOLUTE (.))
                0x000081ec                PROVIDE (__flash_rodata_start, LOADADDR (.rodata))

.rwdata         0x00008204        0x4 load address 0x00008208
                0x00008204                PROVIDE (__ram_rwdata_start, ABSOLUTE (.))
                0x00008204                . = ALIGN (0x4)
 *(.got.plt)
 *(.got)
 *(.data1)
 *(.data .data.* .gnu.linkonce.d.*)
 .data          0x00008204        0x0 ../Test_pwm_bsp//obj/HAL/src/crt0.o
 .data          0x00008204        0x0 obj/hello_world_small.o
 .data          0x00008204        0x0 ../Test_pwm_bsp/\libhal_bsp.a(alt_load.o)
 .data          0x00008204        0x0 ../Test_pwm_bsp/\libhal_bsp.a(alt_main.o)
 .data          0x00008204        0x0 ../Test_pwm_bsp/\libhal_bsp.a(alt_putstr.o)
 .data          0x00008204        0x0 ../Test_pwm_bsp/\libhal_bsp.a(alt_sys_init.o)
 .data          0x00008204        0x0 ../Test_pwm_bsp/\libhal_bsp.a(altera_avalon_jtag_uart_write.o)
 .data          0x00008204        0x0 ../Test_pwm_bsp/\libhal_bsp.a(alt_dcache_flush_all.o)
 .data          0x00008204        0x0 ../Test_pwm_bsp/\libhal_bsp.a(alt_icache_flush_all.o)
 .data          0x00008204        0x0 ../Test_pwm_bsp/\libhal_bsp.a(altera_nios2_irq.o)
 .data          0x00008204        0x0 f:/quartus11/nios2eds/bin/gnu/h-i686-mingw32/bin/../lib/gcc/nios2-elf/4.1.2/../../../../nios2-elf/lib/mno-hw-mul\libsmallc.a(lib_a-strlen.o)
                0x00010204                _gp = ABSOLUTE ((. + 0x8000))
                0x00010204                PROVIDE (gp, _gp)
 *(.rwdata .rwdata.*)
 *(.sdata .sdata.* .gnu.linkonce.s.*)
 .sdata         0x00008204        0x4 ../Test_pwm_bsp/\libhal_bsp.a(alt_sys_init.o)
                0x00008204                jtag_uart_0
 *(.sdata2 .sdata2.* .gnu.linkonce.s2.*)
                0x00008208                . = ALIGN (0x4)
                0x00008208                _edata = ABSOLUTE (.)
                0x00008208                PROVIDE (edata, ABSOLUTE (.))
                0x00008208                PROVIDE (__ram_rwdata_end, ABSOLUTE (.))
                0x00008208                PROVIDE (__flash_rwdata_start, LOADADDR (.rwdata))

.bss            0x0000820c        0xc
                0x0000820c                __bss_start = ABSOLUTE (.)
                0x0000820c                PROVIDE (__sbss_start, ABSOLUTE (.))
                0x0000820c                PROVIDE (___sbss_start, ABSOLUTE (.))
 *(.dynsbss)
 *(.sbss .sbss.* .gnu.linkonce.sb.*)
 .sbss          0x0000820c        0xc ../Test_pwm_bsp/\libhal_bsp.a(alt_main.o)
                0x0000820c                alt_argc
                0x00008210                alt_argv
                0x00008214                alt_envp
 *(.sbss2 .sbss2.* .gnu.linkonce.sb2.*)
 *(.scommon)
                0x00008218                PROVIDE (__sbss_end, ABSOLUTE (.))
                0x00008218                PROVIDE (___sbss_end, ABSOLUTE (.))
 *(.dynbss)
 *(.bss .bss.* .gnu.linkonce.b.*)
 .bss           0x00008218        0x0 ../Test_pwm_bsp//obj/HAL/src/crt0.o
 .bss           0x00008218        0x0 obj/hello_world_small.o
 .bss           0x00008218        0x0 ../Test_pwm_bsp/\libhal_bsp.a(alt_load.o)
 .bss           0x00008218        0x0 ../Test_pwm_bsp/\libhal_bsp.a(alt_main.o)
 .bss           0x00008218        0x0 ../Test_pwm_bsp/\libhal_bsp.a(alt_putstr.o)
 .bss           0x00008218        0x0 ../Test_pwm_bsp/\libhal_bsp.a(alt_sys_init.o)
 .bss           0x00008218        0x0 ../Test_pwm_bsp/\libhal_bsp.a(altera_avalon_jtag_uart_write.o)
 .bss           0x00008218        0x0 ../Test_pwm_bsp/\libhal_bsp.a(alt_dcache_flush_all.o)
 .bss           0x00008218        0x0 ../Test_pwm_bsp/\libhal_bsp.a(alt_icache_flush_all.o)
 .bss           0x00008218        0x0 ../Test_pwm_bsp/\libhal_bsp.a(altera_nios2_irq.o)
 .bss           0x00008218        0x0 f:/quartus11/nios2eds/bin/gnu/h-i686-mingw32/bin/../lib/gcc/nios2-elf/4.1.2/../../../../nios2-elf/lib/mno-hw-mul\libsmallc.a(lib_a-strlen.o)
 *(COMMON)
                0x00008218                . = ALIGN (0x4)
                0x00008218                __bss_end = ABSOLUTE (.)

.onchip_memory2_0
                0x00008218        0x0
                0x00008218                PROVIDE (_alt_partition_onchip_memory2_0_start, ABSOLUTE (.))
 *(.onchip_memory2_0. onchip_memory2_0.*)
                0x00008218                . = ALIGN (0x4)
                0x00008218                PROVIDE (_alt_partition_onchip_memory2_0_end, ABSOLUTE (.))
                0x00008218                _end = ABSOLUTE (.)
                0x00008218                end = ABSOLUTE (.)
                0x00008218                __alt_stack_base = ABSOLUTE (.)
                0x00008218                PROVIDE (_alt_partition_onchip_memory2_0_load_addr, LOADADDR (.onchip_memory2_0))

.stab
 *(.stab)

.stabstr
 *(.stabstr)

.stab.excl
 *(.stab.excl)

.stab.exclstr
 *(.stab.exclstr)

.stab.index
 *(.stab.index)

.stab.indexstr
 *(.stab.indexstr)

.comment        0x00000000       0x26
 *(.comment)
 .comment       0x00000000       0x26 obj/hello_world_small.o
                                 0x27 (size before relaxing)
 .comment       0x00000000       0x27 ../Test_pwm_bsp/\libhal_bsp.a(alt_load.o)
 .comment       0x00000000       0x27 ../Test_pwm_bsp/\libhal_bsp.a(alt_main.o)
 .comment       0x00000000       0x27 ../Test_pwm_bsp/\libhal_bsp.a(alt_putstr.o)
 .comment       0x00000000       0x27 ../Test_pwm_bsp/\libhal_bsp.a(alt_sys_init.o)
 .comment       0x00000000       0x27 ../Test_pwm_bsp/\libhal_bsp.a(altera_avalon_jtag_uart_write.o)
 .comment       0x00000000       0x27 ../Test_pwm_bsp/\libhal_bsp.a(alt_dcache_flush_all.o)
 .comment       0x00000000       0x27 ../Test_pwm_bsp/\libhal_bsp.a(alt_icache_flush_all.o)
 .comment       0x00000000       0x27 ../Test_pwm_bsp/\libhal_bsp.a(altera_nios2_irq.o)
 .comment       0x00000000       0x27 f:/quartus11/nios2eds/bin/gnu/h-i686-mingw32/bin/../lib/gcc/nios2-elf/4.1.2/../../../../nios2-elf/lib/mno-hw-mul\libsmallc.a(lib_a-strlen.o)

.debug
 *(.debug)

.line
 *(.line)

.debug_srcinfo
 *(.debug_srcinfo)

.debug_sfnames
 *(.debug_sfnames)

.debug_aranges  0x00000000      0x168
 *(.debug_aranges)
 .debug_aranges
                0x00000000       0x28 ../Test_pwm_bsp//obj/HAL/src/crt0.o
 .debug_aranges
                0x00000028       0x20 obj/hello_world_small.o
 .debug_aranges
                0x00000048       0x20 ../Test_pwm_bsp/\libhal_bsp.a(alt_load.o)
 .debug_aranges
                0x00000068       0x20 ../Test_pwm_bsp/\libhal_bsp.a(alt_main.o)
 .debug_aranges
                0x00000088       0x20 ../Test_pwm_bsp/\libhal_bsp.a(alt_putstr.o)
 .debug_aranges
                0x000000a8       0x20 ../Test_pwm_bsp/\libhal_bsp.a(alt_sys_init.o)
 .debug_aranges
                0x000000c8       0x20 ../Test_pwm_bsp/\libhal_bsp.a(altera_avalon_jtag_uart_write.o)
 .debug_aranges
                0x000000e8       0x20 ../Test_pwm_bsp/\libhal_bsp.a(alt_dcache_flush_all.o)
 .debug_aranges
                0x00000108       0x20 ../Test_pwm_bsp/\libhal_bsp.a(alt_icache_flush_all.o)
 .debug_aranges
                0x00000128       0x20 ../Test_pwm_bsp/\libhal_bsp.a(altera_nios2_irq.o)
 .debug_aranges
                0x00000148       0x20 f:/quartus11/nios2eds/bin/gnu/h-i686-mingw32/bin/../lib/gcc/nios2-elf/4.1.2/../../../../nios2-elf/lib/mno-hw-mul\libsmallc.a(lib_a-strlen.o)

.debug_pubnames
                0x00000000      0x1b8
 *(.debug_pubnames)
 .debug_pubnames
                0x00000000       0x1b obj/hello_world_small.o
 .debug_pubnames
                0x0000001b       0x1f ../Test_pwm_bsp/\libhal_bsp.a(alt_load.o)
 .debug_pubnames
                0x0000003a       0x46 ../Test_pwm_bsp/\libhal_bsp.a(alt_main.o)
 .debug_pubnames
                0x00000080       0x21 ../Test_pwm_bsp/\libhal_bsp.a(alt_putstr.o)
 .debug_pubnames
                0x000000a1       0x44 ../Test_pwm_bsp/\libhal_bsp.a(alt_sys_init.o)
 .debug_pubnames
                0x000000e5       0x34 ../Test_pwm_bsp/\libhal_bsp.a(altera_avalon_jtag_uart_write.o)
 .debug_pubnames
                0x00000119       0x2b ../Test_pwm_bsp/\libhal_bsp.a(alt_dcache_flush_all.o)
 .debug_pubnames
                0x00000144       0x2b ../Test_pwm_bsp/\libhal_bsp.a(alt_icache_flush_all.o)
 .debug_pubnames
                0x0000016f       0x2c ../Test_pwm_bsp/\libhal_bsp.a(altera_nios2_irq.o)
 .debug_pubnames
                0x0000019b       0x1d f:/quartus11/nios2eds/bin/gnu/h-i686-mingw32/bin/../lib/gcc/nios2-elf/4.1.2/../../../../nios2-elf/lib/mno-hw-mul\libsmallc.a(lib_a-strlen.o)

.debug_info     0x00000000      0x9aa
 *(.debug_info .gnu.linkonce.wi.*)
 .debug_info    0x00000000       0x8b ../Test_pwm_bsp//obj/HAL/src/crt0.o
 .debug_info    0x0000008b       0x92 obj/hello_world_small.o
 .debug_info    0x0000011d      0x12e ../Test_pwm_bsp/\libhal_bsp.a(alt_load.o)
 .debug_info    0x0000024b      0x125 ../Test_pwm_bsp/\libhal_bsp.a(alt_main.o)
 .debug_info    0x00000370       0xc5 ../Test_pwm_bsp/\libhal_bsp.a(alt_putstr.o)
 .debug_info    0x00000435      0x17d ../Test_pwm_bsp/\libhal_bsp.a(alt_sys_init.o)
 .debug_info    0x000005b2      0x18f ../Test_pwm_bsp/\libhal_bsp.a(altera_avalon_jtag_uart_write.o)
 .debug_info    0x00000741       0x8d ../Test_pwm_bsp/\libhal_bsp.a(alt_dcache_flush_all.o)
 .debug_info    0x000007ce       0x8d ../Test_pwm_bsp/\libhal_bsp.a(alt_icache_flush_all.o)
 .debug_info    0x0000085b       0x8d ../Test_pwm_bsp/\libhal_bsp.a(altera_nios2_irq.o)
 .debug_info    0x000008e8       0xc2 f:/quartus11/nios2eds/bin/gnu/h-i686-mingw32/bin/../lib/gcc/nios2-elf/4.1.2/../../../../nios2-elf/lib/mno-hw-mul\libsmallc.a(lib_a-strlen.o)

.debug_abbrev   0x00000000      0x514
 *(.debug_abbrev)
 .debug_abbrev  0x00000000       0x12 ../Test_pwm_bsp//obj/HAL/src/crt0.o
 .debug_abbrev  0x00000012       0x3f obj/hello_world_small.o
 .debug_abbrev  0x00000051       0x97 ../Test_pwm_bsp/\libhal_bsp.a(alt_load.o)
 .debug_abbrev  0x000000e8       0xa6 ../Test_pwm_bsp/\libhal_bsp.a(alt_main.o)
 .debug_abbrev  0x0000018e       0x7c ../Test_pwm_bsp/\libhal_bsp.a(alt_putstr.o)
 .debug_abbrev  0x0000020a       0xe3 ../Test_pwm_bsp/\libhal_bsp.a(alt_sys_init.o)
 .debug_abbrev  0x000002ed       0xf0 ../Test_pwm_bsp/\libhal_bsp.a(altera_avalon_jtag_uart_write.o)
 .debug_abbrev  0x000003dd       0x3f ../Test_pwm_bsp/\libhal_bsp.a(alt_dcache_flush_all.o)
 .debug_abbrev  0x0000041c       0x3f ../Test_pwm_bsp/\libhal_bsp.a(alt_icache_flush_all.o)
 .debug_abbrev  0x0000045b       0x3f ../Test_pwm_bsp/\libhal_bsp.a(altera_nios2_irq.o)
 .debug_abbrev  0x0000049a       0x7a f:/quartus11/nios2eds/bin/gnu/h-i686-mingw32/bin/../lib/gcc/nios2-elf/4.1.2/../../../../nios2-elf/lib/mno-hw-mul\libsmallc.a(lib_a-strlen.o)

.debug_line     0x00000000     0x15cb
 *(.debug_line)
 .debug_line    0x00000000       0x66 ../Test_pwm_bsp//obj/HAL/src/crt0.o
 .debug_line    0x00000066      0x206 obj/hello_world_small.o
 .debug_line    0x0000026c      0x20d ../Test_pwm_bsp/\libhal_bsp.a(alt_load.o)
 .debug_line    0x00000479      0x2b8 ../Test_pwm_bsp/\libhal_bsp.a(alt_main.o)
 .debug_line    0x00000731      0x1cf ../Test_pwm_bsp/\libhal_bsp.a(alt_putstr.o)
 .debug_line    0x00000900      0x27c ../Test_pwm_bsp/\libhal_bsp.a(alt_sys_init.o)
 .debug_line    0x00000b7c      0x2ea ../Test_pwm_bsp/\libhal_bsp.a(altera_avalon_jtag_uart_write.o)
 .debug_line    0x00000e66      0x1ab ../Test_pwm_bsp/\libhal_bsp.a(alt_dcache_flush_all.o)
 .debug_line    0x00001011      0x1ab ../Test_pwm_bsp/\libhal_bsp.a(alt_icache_flush_all.o)
 .debug_line    0x000011bc      0x1bf ../Test_pwm_bsp/\libhal_bsp.a(altera_nios2_irq.o)
 .debug_line    0x0000137b      0x250 f:/quartus11/nios2eds/bin/gnu/h-i686-mingw32/bin/../lib/gcc/nios2-elf/4.1.2/../../../../nios2-elf/lib/mno-hw-mul\libsmallc.a(lib_a-strlen.o)

.debug_frame    0x00000000      0x188
 *(.debug_frame)
 .debug_frame   0x00000000       0x28 obj/hello_world_small.o
 .debug_frame   0x00000028       0x38 ../Test_pwm_bsp/\libhal_bsp.a(alt_load.o)
 .debug_frame   0x00000060       0x28 ../Test_pwm_bsp/\libhal_bsp.a(alt_main.o)
 .debug_frame   0x00000088       0x28 ../Test_pwm_bsp/\libhal_bsp.a(alt_putstr.o)
 .debug_frame   0x000000b0       0x38 ../Test_pwm_bsp/\libhal_bsp.a(alt_sys_init.o)
 .debug_frame   0x000000e8       0x20 ../Test_pwm_bsp/\libhal_bsp.a(altera_avalon_jtag_uart_write.o)
 .debug_frame   0x00000108       0x20 ../Test_pwm_bsp/\libhal_bsp.a(alt_dcache_flush_all.o)
 .debug_frame   0x00000128       0x20 ../Test_pwm_bsp/\libhal_bsp.a(alt_icache_flush_all.o)
 .debug_frame   0x00000148       0x20 ../Test_pwm_bsp/\libhal_bsp.a(altera_nios2_irq.o)
 .debug_frame   0x00000168       0x20 f:/quartus11/nios2eds/bin/gnu/h-i686-mingw32/bin/../lib/gcc/nios2-elf/4.1.2/../../../../nios2-elf/lib/mno-hw-mul\libsmallc.a(lib_a-strlen.o)

.debug_str      0x00000000      0x52f
 *(.debug_str)
 .debug_str     0x00000000       0xc6 obj/hello_world_small.o
                                0x104 (size before relaxing)
 .debug_str     0x000000c6      0x14b ../Test_pwm_bsp/\libhal_bsp.a(alt_load.o)
                                0x1e0 (size before relaxing)
 .debug_str     0x00000211       0x75 ../Test_pwm_bsp/\libhal_bsp.a(alt_main.o)
                                0x164 (size before relaxing)
 .debug_str     0x00000286       0x4c ../Test_pwm_bsp/\libhal_bsp.a(alt_putstr.o)
                                0x13b (size before relaxing)
 .debug_str     0x000002d2       0x85 ../Test_pwm_bsp/\libhal_bsp.a(alt_sys_init.o)
                                0x1d9 (size before relaxing)
 .debug_str     0x00000357       0x56 ../Test_pwm_bsp/\libhal_bsp.a(altera_avalon_jtag_uart_write.o)
                                0x1dc (size before relaxing)
 .debug_str     0x000003ad       0x34 ../Test_pwm_bsp/\libhal_bsp.a(alt_dcache_flush_all.o)
                                0x123 (size before relaxing)
 .debug_str     0x000003e1       0x34 ../Test_pwm_bsp/\libhal_bsp.a(alt_icache_flush_all.o)
                                0x123 (size before relaxing)
 .debug_str     0x00000415       0x31 ../Test_pwm_bsp/\libhal_bsp.a(altera_nios2_irq.o)
                                0x120 (size before relaxing)
 .debug_str     0x00000446       0xe9 f:/quartus11/nios2eds/bin/gnu/h-i686-mingw32/bin/../lib/gcc/nios2-elf/4.1.2/../../../../nios2-elf/lib/mno-hw-mul\libsmallc.a(lib_a-strlen.o)
                                0x184 (size before relaxing)

.debug_loc      0x00000000      0x11b
 *(.debug_loc)
 .debug_loc     0x00000000       0x1f obj/hello_world_small.o
 .debug_loc     0x0000001f       0x1f ../Test_pwm_bsp/\libhal_bsp.a(alt_load.o)
 .debug_loc     0x0000003e       0x1f ../Test_pwm_bsp/\libhal_bsp.a(alt_main.o)
 .debug_loc     0x0000005d       0x48 ../Test_pwm_bsp/\libhal_bsp.a(alt_putstr.o)
 .debug_loc     0x000000a5       0x32 ../Test_pwm_bsp/\libhal_bsp.a(alt_sys_init.o)
 .debug_loc     0x000000d7       0x26 ../Test_pwm_bsp/\libhal_bsp.a(altera_avalon_jtag_uart_write.o)
 .debug_loc     0x000000fd       0x1e f:/quartus11/nios2eds/bin/gnu/h-i686-mingw32/bin/../lib/gcc/nios2-elf/4.1.2/../../../../nios2-elf/lib/mno-hw-mul\libsmallc.a(lib_a-strlen.o)

.debug_macinfo
 *(.debug_macinfo)

.debug_weaknames
 *(.debug_weaknames)

.debug_funcnames
 *(.debug_funcnames)

.debug_typenames
 *(.debug_typenames)

.debug_varnames
 *(.debug_varnames)

.debug_alt_sim_info
                0x00000000       0x10
 *(.debug_alt_sim_info)
 .debug_alt_sim_info
                0x00000000       0x10 ../Test_pwm_bsp//obj/HAL/src/crt0.o
                0x0000d000                __alt_data_end = 0xd000
                0x0000d000                PROVIDE (__alt_stack_pointer, __alt_data_end)
                0x00008218                PROVIDE (__alt_stack_limit, __alt_stack_base)
                0x00008218                PROVIDE (__alt_heap_start, end)
                0x0000d000                PROVIDE (__alt_heap_limit, 0xd000)
OUTPUT(Test_pwm.elf elf32-littlenios2)

.debug_ranges   0x00000000       0x20
 .debug_ranges  0x00000000       0x20 ../Test_pwm_bsp//obj/HAL/src/crt0.o
