Archive member included because of file (symbol)

c:/altera/11.0sp1/nios2eds/bin/gnu/h-i686-mingw32/bin/../lib/gcc/nios2-elf/4.1.2/../../../../nios2-elf/lib/mno-hw-mul\libsmallc.a(lib_a-printf.o)
                              obj/hello_world_small.o (printf)
c:/altera/11.0sp1/nios2eds/bin/gnu/h-i686-mingw32/bin/../lib/gcc/nios2-elf/4.1.2/../../../../nios2-elf/lib/mno-hw-mul\libsmallc.a(lib_a-vfprintf.o)
                              c:/altera/11.0sp1/nios2eds/bin/gnu/h-i686-mingw32/bin/../lib/gcc/nios2-elf/4.1.2/../../../../nios2-elf/lib/mno-hw-mul\libsmallc.a(lib_a-printf.o) (___vfprintf_internal_r)
c:/altera/11.0sp1/nios2eds/bin/gnu/h-i686-mingw32/bin/../lib/gcc/nios2-elf/4.1.2/../../../../nios2-elf/lib/mno-hw-mul\libsmallc.a(lib_a-fvwrite_small_dev.o)
                              c:/altera/11.0sp1/nios2eds/bin/gnu/h-i686-mingw32/bin/../lib/gcc/nios2-elf/4.1.2/../../../../nios2-elf/lib/mno-hw-mul\libsmallc.a(lib_a-printf.o) (__sfvwrite_small_dev)
c:/altera/11.0sp1/nios2eds/bin/gnu/h-i686-mingw32/bin/../lib/gcc/nios2-elf/4.1.2/../../../../nios2-elf/lib/mno-hw-mul\libsmallc.a(lib_a-impure.o)
                              c:/altera/11.0sp1/nios2eds/bin/gnu/h-i686-mingw32/bin/../lib/gcc/nios2-elf/4.1.2/../../../../nios2-elf/lib/mno-hw-mul\libsmallc.a(lib_a-printf.o) (_impure_ptr)
c:/altera/11.0sp1/nios2eds/bin/gnu/h-i686-mingw32/bin/../lib/gcc/nios2-elf/4.1.2/../../../../nios2-elf/lib/mno-hw-mul\libsmallc.a(lib_a-strlen.o)
                              c:/altera/11.0sp1/nios2eds/bin/gnu/h-i686-mingw32/bin/../lib/gcc/nios2-elf/4.1.2/../../../../nios2-elf/lib/mno-hw-mul\libsmallc.a(lib_a-vfprintf.o) (strlen)
c:/altera/11.0sp1/nios2eds/bin/gnu/h-i686-mingw32/bin/../lib/gcc/nios2-elf/4.1.2/../../../../nios2-elf/lib/mno-hw-mul\libsmallc.a(lib_a-writer.o)
                              c:/altera/11.0sp1/nios2eds/bin/gnu/h-i686-mingw32/bin/../lib/gcc/nios2-elf/4.1.2/../../../../nios2-elf/lib/mno-hw-mul\libsmallc.a(lib_a-fvwrite_small_dev.o) (_write_r)
c:/altera/11.0sp1/nios2eds/bin/gnu/h-i686-mingw32/bin/../lib/gcc/nios2-elf/4.1.2/../../../../nios2-elf/lib/mno-hw-mul\libsmallc.a(lib_a-int_errno.o)
                              c:/altera/11.0sp1/nios2eds/bin/gnu/h-i686-mingw32/bin/../lib/gcc/nios2-elf/4.1.2/../../../../nios2-elf/lib/mno-hw-mul\libsmallc.a(lib_a-writer.o) (errno)
c:/altera/11.0sp1/nios2eds/bin/gnu/h-i686-mingw32/bin/../lib/gcc/nios2-elf/4.1.2/mno-hw-mul\libgcc.a(lib2-divmod.o)
                              c:/altera/11.0sp1/nios2eds/bin/gnu/h-i686-mingw32/bin/../lib/gcc/nios2-elf/4.1.2/../../../../nios2-elf/lib/mno-hw-mul\libsmallc.a(lib_a-vfprintf.o) (__udivsi3)
c:/altera/11.0sp1/nios2eds/bin/gnu/h-i686-mingw32/bin/../lib/gcc/nios2-elf/4.1.2/mno-hw-mul\libgcc.a(lib2-mul.o)
                              c:/altera/11.0sp1/nios2eds/bin/gnu/h-i686-mingw32/bin/../lib/gcc/nios2-elf/4.1.2/../../../../nios2-elf/lib/mno-hw-mul\libsmallc.a(lib_a-vfprintf.o) (__mulsi3)
../Barre_franche_test_bsp/\libhal_bsp.a(alt_load.o)
                              ../Barre_franche_test_bsp//obj/HAL/src/crt0.o (alt_load)
../Barre_franche_test_bsp/\libhal_bsp.a(alt_main.o)
                              ../Barre_franche_test_bsp//obj/HAL/src/crt0.o (alt_main)
../Barre_franche_test_bsp/\libhal_bsp.a(alt_putstr.o)
                              obj/hello_world_small.o (alt_putstr)
../Barre_franche_test_bsp/\libhal_bsp.a(alt_usleep.o)
                              obj/hello_world_small.o (usleep)
../Barre_franche_test_bsp/\libhal_bsp.a(alt_write.o)
                              c:/altera/11.0sp1/nios2eds/bin/gnu/h-i686-mingw32/bin/../lib/gcc/nios2-elf/4.1.2/../../../../nios2-elf/lib/mno-hw-mul\libsmallc.a(lib_a-writer.o) (write)
../Barre_franche_test_bsp/\libhal_bsp.a(alt_sys_init.o)
                              ../Barre_franche_test_bsp/\libhal_bsp.a(alt_main.o) (alt_sys_init)
../Barre_franche_test_bsp/\libhal_bsp.a(altera_avalon_jtag_uart_write.o)
                              ../Barre_franche_test_bsp/\libhal_bsp.a(alt_putstr.o) (altera_avalon_jtag_uart_write)
../Barre_franche_test_bsp/\libhal_bsp.a(alt_busy_sleep.o)
                              ../Barre_franche_test_bsp/\libhal_bsp.a(alt_usleep.o) (alt_busy_sleep)
../Barre_franche_test_bsp/\libhal_bsp.a(alt_dcache_flush_all.o)
                              ../Barre_franche_test_bsp/\libhal_bsp.a(alt_load.o) (alt_dcache_flush_all)
../Barre_franche_test_bsp/\libhal_bsp.a(alt_errno.o)
                              ../Barre_franche_test_bsp/\libhal_bsp.a(alt_write.o) (alt_errno)
../Barre_franche_test_bsp/\libhal_bsp.a(alt_icache_flush_all.o)
                              ../Barre_franche_test_bsp/\libhal_bsp.a(alt_load.o) (alt_icache_flush_all)
../Barre_franche_test_bsp/\libhal_bsp.a(altera_nios2_irq.o)
                              ../Barre_franche_test_bsp/\libhal_bsp.a(alt_sys_init.o) (altera_nios2_irq_init)

Allocating common symbols
Common symbol       size              file

errno               0x4               c:/altera/11.0sp1/nios2eds/bin/gnu/h-i686-mingw32/bin/../lib/gcc/nios2-elf/4.1.2/../../../../nios2-elf/lib/mno-hw-mul\libsmallc.a(lib_a-int_errno.o)

Memory Configuration

Name             Origin             Length             Attributes
reset            0x00008000         0x00000020
onchip_memory2_0 0x00008020         0x00004fe0
*default*        0x00000000         0xffffffff

Linker script and memory map

LOAD ../Barre_franche_test_bsp//obj/HAL/src/crt0.o
                0x0000800c                exit = _exit
LOAD obj/hello_world_small.o
LOAD c:/altera/11.0sp1/nios2eds/bin/gnu/h-i686-mingw32/bin/../lib/gcc/nios2-elf/4.1.2/../../../../nios2-elf/lib/mno-hw-mul\libstdc++.a
LOAD c:/altera/11.0sp1/nios2eds/bin/gnu/h-i686-mingw32/bin/../lib/gcc/nios2-elf/4.1.2/../../../../nios2-elf/lib/mno-hw-mul\libm.a
LOAD c:/altera/11.0sp1/nios2eds/bin/gnu/h-i686-mingw32/bin/../lib/gcc/nios2-elf/4.1.2/mno-hw-mul\libgcc.a
START GROUP
LOAD c:/altera/11.0sp1/nios2eds/bin/gnu/h-i686-mingw32/bin/../lib/gcc/nios2-elf/4.1.2/../../../../nios2-elf/lib/mno-hw-mul\libsmallc.a
LOAD c:/altera/11.0sp1/nios2eds/bin/gnu/h-i686-mingw32/bin/../lib/gcc/nios2-elf/4.1.2/mno-hw-mul\libgcc.a
LOAD ../Barre_franche_test_bsp/\libhal_bsp.a
END GROUP
LOAD c:/altera/11.0sp1/nios2eds/bin/gnu/h-i686-mingw32/bin/../lib/gcc/nios2-elf/4.1.2/mno-hw-mul\libgcc.a
                0x00008000                __alt_mem_onchip_memory2_0 = 0x8000

.entry          0x00008000       0x20
 *(.entry)
 .entry         0x00008000       0x20 ../Barre_franche_test_bsp//obj/HAL/src/crt0.o
                0x00008000                __reset
                0x0000800c                _exit

.exceptions     0x00008020        0x0
                0x00008020                PROVIDE (__ram_exceptions_start, ABSOLUTE (.))
                0x00008020                . = ALIGN (0x20)
 *(.irq)
 *(.exceptions.entry.label)
 *(.exceptions.entry.user)
 *(.exceptions.entry)
 *(.exceptions.irqtest.user)
 *(.exceptions.irqtest)
 *(.exceptions.irqhandler.user)
 *(.exceptions.irqhandler)
 *(.exceptions.irqreturn.user)
 *(.exceptions.irqreturn)
 *(.exceptions.notirq.label)
 *(.exceptions.notirq.user)
 *(.exceptions.notirq)
 *(.exceptions.soft.user)
 *(.exceptions.soft)
 *(.exceptions.unknown.user)
 *(.exceptions.unknown)
 *(.exceptions.exit.label)
 *(.exceptions.exit.user)
 *(.exceptions.exit)
 *(.exceptions)
                0x00008020                PROVIDE (__ram_exceptions_end, ABSOLUTE (.))
                0x00008020                PROVIDE (__flash_exceptions_start, LOADADDR (.exceptions))

.text           0x00008020      0xdcc
                0x00008020                PROVIDE (stext, ABSOLUTE (.))
 *(.interp)
 *(.hash)
 *(.dynsym)
 *(.dynstr)
 *(.gnu.version)
 *(.gnu.version_d)
 *(.gnu.version_r)
 *(.rel.init)
 *(.rela.init)
 *(.rel.text .rel.text.* .rel.gnu.linkonce.t.*)
 *(.rela.text .rela.text.* .rela.gnu.linkonce.t.*)
 *(.rel.fini)
 *(.rela.fini)
 *(.rel.rodata .rel.rodata.* .rel.gnu.linkonce.r.*)
 *(.rela.rodata .rela.rodata.* .rela.gnu.linkonce.r.*)
 *(.rel.data .rel.data.* .rel.gnu.linkonce.d.*)
 *(.rela.data .rela.data.* .rela.gnu.linkonce.d.*)
 *(.rel.tdata .rel.tdata.* .rel.gnu.linkonce.td.*)
 *(.rela.tdata .rela.tdata.* .rela.gnu.linkonce.td.*)
 *(.rel.tbss .rel.tbss.* .rel.gnu.linkonce.tb.*)
 *(.rela.tbss .rela.tbss.* .rela.gnu.linkonce.tb.*)
 *(.rel.ctors)
 *(.rela.ctors)
 *(.rel.dtors)
 *(.rela.dtors)
 *(.rel.got)
 *(.rela.got)
 *(.rel.sdata .rel.sdata.* .rel.gnu.linkonce.s.*)
 *(.rela.sdata .rela.sdata.* .rela.gnu.linkonce.s.*)
 *(.rel.sbss .rel.sbss.* .rel.gnu.linkonce.sb.*)
 *(.rela.sbss .rela.sbss.* .rela.gnu.linkonce.sb.*)
 *(.rel.sdata2 .rel.sdata2.* .rel.gnu.linkonce.s2.*)
 *(.rela.sdata2 .rela.sdata2.* .rela.gnu.linkonce.s2.*)
 *(.rel.sbss2 .rel.sbss2.* .rel.gnu.linkonce.sb2.*)
 *(.rela.sbss2 .rela.sbss2.* .rela.gnu.linkonce.sb2.*)
 *(.rel.bss .rel.bss.* .rel.gnu.linkonce.b.*)
 *(.rela.bss .rela.bss.* .rela.gnu.linkonce.b.*)
 *(.rel.plt)
 *(.rela.plt)
 *(.rel.dyn)
 *(.init)
 *(.plt)
 *(.text .stub .text.* .gnu.linkonce.t.*)
 .text          0x00008020       0x3c ../Barre_franche_test_bsp//obj/HAL/src/crt0.o
                0x00008020                _start
 .text          0x0000805c      0x11c obj/hello_world_small.o
                0x0000805c                main
 .text          0x00008178       0x98 c:/altera/11.0sp1/nios2eds/bin/gnu/h-i686-mingw32/bin/../lib/gcc/nios2-elf/4.1.2/../../../../nios2-elf/lib/mno-hw-mul\libsmallc.a(lib_a-printf.o)
                0x00008178                printf
                0x000081cc                _printf_r
 .text          0x00008210      0x6a4 c:/altera/11.0sp1/nios2eds/bin/gnu/h-i686-mingw32/bin/../lib/gcc/nios2-elf/4.1.2/../../../../nios2-elf/lib/mno-hw-mul\libsmallc.a(lib_a-vfprintf.o)
                0x00008290                ___vfprintf_internal_r
                0x00008890                __vfprintf_internal
 .text          0x000088b4       0xbc c:/altera/11.0sp1/nios2eds/bin/gnu/h-i686-mingw32/bin/../lib/gcc/nios2-elf/4.1.2/../../../../nios2-elf/lib/mno-hw-mul\libsmallc.a(lib_a-fvwrite_small_dev.o)
                0x000088b4                __sfvwrite_small_dev
 .text          0x00008970        0x0 c:/altera/11.0sp1/nios2eds/bin/gnu/h-i686-mingw32/bin/../lib/gcc/nios2-elf/4.1.2/../../../../nios2-elf/lib/mno-hw-mul\libsmallc.a(lib_a-impure.o)
 .text          0x00008970       0x20 c:/altera/11.0sp1/nios2eds/bin/gnu/h-i686-mingw32/bin/../lib/gcc/nios2-elf/4.1.2/../../../../nios2-elf/lib/mno-hw-mul\libsmallc.a(lib_a-strlen.o)
                0x00008970                strlen
 .text          0x00008990       0x78 c:/altera/11.0sp1/nios2eds/bin/gnu/h-i686-mingw32/bin/../lib/gcc/nios2-elf/4.1.2/../../../../nios2-elf/lib/mno-hw-mul\libsmallc.a(lib_a-writer.o)
                0x00008990                _write_r
 .text          0x00008a08        0x0 c:/altera/11.0sp1/nios2eds/bin/gnu/h-i686-mingw32/bin/../lib/gcc/nios2-elf/4.1.2/../../../../nios2-elf/lib/mno-hw-mul\libsmallc.a(lib_a-int_errno.o)
 .text          0x00008a08      0x14c c:/altera/11.0sp1/nios2eds/bin/gnu/h-i686-mingw32/bin/../lib/gcc/nios2-elf/4.1.2/mno-hw-mul\libgcc.a(lib2-divmod.o)
                0x00008a84                __divsi3
                0x00008ae4                __modsi3
                0x00008b44                __udivsi3
                0x00008b4c                __umodsi3
 .text          0x00008b54       0x38 c:/altera/11.0sp1/nios2eds/bin/gnu/h-i686-mingw32/bin/../lib/gcc/nios2-elf/4.1.2/mno-hw-mul\libgcc.a(lib2-mul.o)
                0x00008b54                __mulsi3
 .text          0x00008b8c       0x8c ../Barre_franche_test_bsp/\libhal_bsp.a(alt_load.o)
                0x00008bac                alt_load
 .text          0x00008c18       0x2c ../Barre_franche_test_bsp/\libhal_bsp.a(alt_main.o)
                0x00008c18                alt_main
 .text          0x00008c44       0x38 ../Barre_franche_test_bsp/\libhal_bsp.a(alt_putstr.o)
                0x00008c44                alt_putstr
 .text          0x00008c7c        0x4 ../Barre_franche_test_bsp/\libhal_bsp.a(alt_usleep.o)
                0x00008c7c                usleep
 .text          0x00008c80       0x78 ../Barre_franche_test_bsp/\libhal_bsp.a(alt_write.o)
                0x00008c80                write
 .text          0x00008cf8       0x24 ../Barre_franche_test_bsp/\libhal_bsp.a(alt_sys_init.o)
                0x00008cf8                alt_sys_init
                0x00008cfc                alt_irq_init
 .text          0x00008d1c       0x34 ../Barre_franche_test_bsp/\libhal_bsp.a(altera_avalon_jtag_uart_write.o)
                0x00008d1c                altera_avalon_jtag_uart_write
 .text          0x00008d50       0x8c ../Barre_franche_test_bsp/\libhal_bsp.a(alt_busy_sleep.o)
                0x00008d50                alt_busy_sleep
 .text          0x00008ddc        0x4 ../Barre_franche_test_bsp/\libhal_bsp.a(alt_dcache_flush_all.o)
                0x00008ddc                alt_dcache_flush_all
 .text          0x00008de0        0x0 ../Barre_franche_test_bsp/\libhal_bsp.a(alt_errno.o)
 .text          0x00008de0        0x4 ../Barre_franche_test_bsp/\libhal_bsp.a(alt_icache_flush_all.o)
                0x00008de0                alt_icache_flush_all
 .text          0x00008de4        0x8 ../Barre_franche_test_bsp/\libhal_bsp.a(altera_nios2_irq.o)
                0x00008de4                altera_nios2_irq_init
 *(.gnu.warning.*)
 *(.fini)
                0x00008dec                PROVIDE (__etext, ABSOLUTE (.))
                0x00008dec                PROVIDE (_etext, ABSOLUTE (.))
                0x00008dec                PROVIDE (etext, ABSOLUTE (.))
 *(.eh_frame_hdr)
                0x00008dec                . = ALIGN (0x4)
                0x00008dec                PROVIDE (__preinit_array_start, ABSOLUTE (.))
 *(.preinit_array)
                0x00008dec                PROVIDE (__preinit_array_end, ABSOLUTE (.))
                0x00008dec                PROVIDE (__init_array_start, ABSOLUTE (.))
 *(.init_array)
                0x00008dec                PROVIDE (__init_array_end, ABSOLUTE (.))
                0x00008dec                PROVIDE (__fini_array_start, ABSOLUTE (.))
 *(.fini_array)
                0x00008dec                PROVIDE (__fini_array_end, ABSOLUTE (.))
 *(.eh_frame)
 *(.gcc_except_table)
 *(.dynamic)
                0x00008dec                PROVIDE (__CTOR_LIST__, ABSOLUTE (.))
 *(.ctors)
 *(SORT(.ctors.*))
                0x00008dec                PROVIDE (__CTOR_END__, ABSOLUTE (.))
                0x00008dec                PROVIDE (__DTOR_LIST__, ABSOLUTE (.))
 *(.dtors)
 *(SORT(.dtors.*))
                0x00008dec                PROVIDE (__DTOR_END__, ABSOLUTE (.))
 *(.jcr)
                0x00008dec                . = ALIGN (0x4)

.rodata         0x00008dec       0x5c
                0x00008dec                PROVIDE (__ram_rodata_start, ABSOLUTE (.))
                0x00008dec                . = ALIGN (0x4)
 *(.rodata .rodata.* .gnu.linkonce.r.*)
 .rodata.str1.4
                0x00008dec       0x5c obj/hello_world_small.o
 *(.rodata1)
                0x00008e48                . = ALIGN (0x4)
                0x00008e48                PROVIDE (__ram_rodata_end, ABSOLUTE (.))
                0x00008dec                PROVIDE (__flash_rodata_start, LOADADDR (.rodata))

.rwdata         0x00008e48       0xf0 load address 0x00008f38
                0x00008e48                PROVIDE (__ram_rwdata_start, ABSOLUTE (.))
                0x00008e48                . = ALIGN (0x4)
 *(.got.plt)
 *(.got)
 *(.data1)
 *(.data .data.* .gnu.linkonce.d.*)
 .data          0x00008e48        0x0 ../Barre_franche_test_bsp//obj/HAL/src/crt0.o
 .data          0x00008e48        0x0 obj/hello_world_small.o
 .data          0x00008e48        0x0 c:/altera/11.0sp1/nios2eds/bin/gnu/h-i686-mingw32/bin/../lib/gcc/nios2-elf/4.1.2/../../../../nios2-elf/lib/mno-hw-mul\libsmallc.a(lib_a-printf.o)
 .data          0x00008e48        0x0 c:/altera/11.0sp1/nios2eds/bin/gnu/h-i686-mingw32/bin/../lib/gcc/nios2-elf/4.1.2/../../../../nios2-elf/lib/mno-hw-mul\libsmallc.a(lib_a-vfprintf.o)
 .data          0x00008e48        0x0 c:/altera/11.0sp1/nios2eds/bin/gnu/h-i686-mingw32/bin/../lib/gcc/nios2-elf/4.1.2/../../../../nios2-elf/lib/mno-hw-mul\libsmallc.a(lib_a-fvwrite_small_dev.o)
 .data          0x00008e48       0xe0 c:/altera/11.0sp1/nios2eds/bin/gnu/h-i686-mingw32/bin/../lib/gcc/nios2-elf/4.1.2/../../../../nios2-elf/lib/mno-hw-mul\libsmallc.a(lib_a-impure.o)
 .data          0x00008f28        0x0 c:/altera/11.0sp1/nios2eds/bin/gnu/h-i686-mingw32/bin/../lib/gcc/nios2-elf/4.1.2/../../../../nios2-elf/lib/mno-hw-mul\libsmallc.a(lib_a-strlen.o)
 .data          0x00008f28        0x0 c:/altera/11.0sp1/nios2eds/bin/gnu/h-i686-mingw32/bin/../lib/gcc/nios2-elf/4.1.2/../../../../nios2-elf/lib/mno-hw-mul\libsmallc.a(lib_a-writer.o)
 .data          0x00008f28        0x0 c:/altera/11.0sp1/nios2eds/bin/gnu/h-i686-mingw32/bin/../lib/gcc/nios2-elf/4.1.2/../../../../nios2-elf/lib/mno-hw-mul\libsmallc.a(lib_a-int_errno.o)
 .data          0x00008f28        0x0 c:/altera/11.0sp1/nios2eds/bin/gnu/h-i686-mingw32/bin/../lib/gcc/nios2-elf/4.1.2/mno-hw-mul\libgcc.a(lib2-divmod.o)
 .data          0x00008f28        0x0 c:/altera/11.0sp1/nios2eds/bin/gnu/h-i686-mingw32/bin/../lib/gcc/nios2-elf/4.1.2/mno-hw-mul\libgcc.a(lib2-mul.o)
 .data          0x00008f28        0x0 ../Barre_franche_test_bsp/\libhal_bsp.a(alt_load.o)
 .data          0x00008f28        0x0 ../Barre_franche_test_bsp/\libhal_bsp.a(alt_main.o)
 .data          0x00008f28        0x0 ../Barre_franche_test_bsp/\libhal_bsp.a(alt_putstr.o)
 .data          0x00008f28        0x0 ../Barre_franche_test_bsp/\libhal_bsp.a(alt_usleep.o)
 .data          0x00008f28        0x0 ../Barre_franche_test_bsp/\libhal_bsp.a(alt_write.o)
 .data          0x00008f28        0x0 ../Barre_franche_test_bsp/\libhal_bsp.a(alt_sys_init.o)
 .data          0x00008f28        0x0 ../Barre_franche_test_bsp/\libhal_bsp.a(altera_avalon_jtag_uart_write.o)
 .data          0x00008f28        0x0 ../Barre_franche_test_bsp/\libhal_bsp.a(alt_busy_sleep.o)
 .data          0x00008f28        0x0 ../Barre_franche_test_bsp/\libhal_bsp.a(alt_dcache_flush_all.o)
 .data          0x00008f28        0x0 ../Barre_franche_test_bsp/\libhal_bsp.a(alt_errno.o)
 .data          0x00008f28        0x0 ../Barre_franche_test_bsp/\libhal_bsp.a(alt_icache_flush_all.o)
 .data          0x00008f28        0x0 ../Barre_franche_test_bsp/\libhal_bsp.a(altera_nios2_irq.o)
                0x00010f28                _gp = ABSOLUTE ((. + 0x8000))
                0x00010f28                PROVIDE (gp, _gp)
 *(.rwdata .rwdata.*)
 *(.sdata .sdata.* .gnu.linkonce.s.*)
 .sdata         0x00008f28        0x8 c:/altera/11.0sp1/nios2eds/bin/gnu/h-i686-mingw32/bin/../lib/gcc/nios2-elf/4.1.2/../../../../nios2-elf/lib/mno-hw-mul\libsmallc.a(lib_a-impure.o)
                0x00008f28                _impure_ptr
                0x00008f2c                _global_impure_ptr
 .sdata         0x00008f30        0x4 ../Barre_franche_test_bsp/\libhal_bsp.a(alt_sys_init.o)
                0x00008f30                jtag_uart_0
 .sdata         0x00008f34        0x4 ../Barre_franche_test_bsp/\libhal_bsp.a(alt_errno.o)
                0x00008f34                alt_errno
 *(.sdata2 .sdata2.* .gnu.linkonce.s2.*)
                0x00008f38                . = ALIGN (0x4)
                0x00008f38                _edata = ABSOLUTE (.)
                0x00008f38                PROVIDE (edata, ABSOLUTE (.))
                0x00008f38                PROVIDE (__ram_rwdata_end, ABSOLUTE (.))
                0x00008f38                PROVIDE (__flash_rwdata_start, LOADADDR (.rwdata))

.bss            0x00009028       0x10
                0x00009028                __bss_start = ABSOLUTE (.)
                0x00009028                PROVIDE (__sbss_start, ABSOLUTE (.))
                0x00009028                PROVIDE (___sbss_start, ABSOLUTE (.))
 *(.dynsbss)
 *(.sbss .sbss.* .gnu.linkonce.sb.*)
 .sbss          0x00009028        0x4 c:/altera/11.0sp1/nios2eds/bin/gnu/h-i686-mingw32/bin/../lib/gcc/nios2-elf/4.1.2/../../../../nios2-elf/lib/mno-hw-mul\libsmallc.a(lib_a-int_errno.o)
                0x00009028                errno
 .sbss          0x0000902c        0xc ../Barre_franche_test_bsp/\libhal_bsp.a(alt_main.o)
                0x0000902c                alt_argc
                0x00009030                alt_argv
                0x00009034                alt_envp
 *(.sbss2 .sbss2.* .gnu.linkonce.sb2.*)
 *(.scommon)
                0x00009038                PROVIDE (__sbss_end, ABSOLUTE (.))
                0x00009038                PROVIDE (___sbss_end, ABSOLUTE (.))
 *(.dynbss)
 *(.bss .bss.* .gnu.linkonce.b.*)
 .bss           0x00009038        0x0 ../Barre_franche_test_bsp//obj/HAL/src/crt0.o
 .bss           0x00009038        0x0 obj/hello_world_small.o
 .bss           0x00009038        0x0 c:/altera/11.0sp1/nios2eds/bin/gnu/h-i686-mingw32/bin/../lib/gcc/nios2-elf/4.1.2/../../../../nios2-elf/lib/mno-hw-mul\libsmallc.a(lib_a-printf.o)
 .bss           0x00009038        0x0 c:/altera/11.0sp1/nios2eds/bin/gnu/h-i686-mingw32/bin/../lib/gcc/nios2-elf/4.1.2/../../../../nios2-elf/lib/mno-hw-mul\libsmallc.a(lib_a-vfprintf.o)
 .bss           0x00009038        0x0 c:/altera/11.0sp1/nios2eds/bin/gnu/h-i686-mingw32/bin/../lib/gcc/nios2-elf/4.1.2/../../../../nios2-elf/lib/mno-hw-mul\libsmallc.a(lib_a-fvwrite_small_dev.o)
 .bss           0x00009038        0x0 c:/altera/11.0sp1/nios2eds/bin/gnu/h-i686-mingw32/bin/../lib/gcc/nios2-elf/4.1.2/../../../../nios2-elf/lib/mno-hw-mul\libsmallc.a(lib_a-impure.o)
 .bss           0x00009038        0x0 c:/altera/11.0sp1/nios2eds/bin/gnu/h-i686-mingw32/bin/../lib/gcc/nios2-elf/4.1.2/../../../../nios2-elf/lib/mno-hw-mul\libsmallc.a(lib_a-strlen.o)
 .bss           0x00009038        0x0 c:/altera/11.0sp1/nios2eds/bin/gnu/h-i686-mingw32/bin/../lib/gcc/nios2-elf/4.1.2/../../../../nios2-elf/lib/mno-hw-mul\libsmallc.a(lib_a-writer.o)
 .bss           0x00009038        0x0 c:/altera/11.0sp1/nios2eds/bin/gnu/h-i686-mingw32/bin/../lib/gcc/nios2-elf/4.1.2/../../../../nios2-elf/lib/mno-hw-mul\libsmallc.a(lib_a-int_errno.o)
 .bss           0x00009038        0x0 c:/altera/11.0sp1/nios2eds/bin/gnu/h-i686-mingw32/bin/../lib/gcc/nios2-elf/4.1.2/mno-hw-mul\libgcc.a(lib2-divmod.o)
 .bss           0x00009038        0x0 c:/altera/11.0sp1/nios2eds/bin/gnu/h-i686-mingw32/bin/../lib/gcc/nios2-elf/4.1.2/mno-hw-mul\libgcc.a(lib2-mul.o)
 .bss           0x00009038        0x0 ../Barre_franche_test_bsp/\libhal_bsp.a(alt_load.o)
 .bss           0x00009038        0x0 ../Barre_franche_test_bsp/\libhal_bsp.a(alt_main.o)
 .bss           0x00009038        0x0 ../Barre_franche_test_bsp/\libhal_bsp.a(alt_putstr.o)
 .bss           0x00009038        0x0 ../Barre_franche_test_bsp/\libhal_bsp.a(alt_usleep.o)
 .bss           0x00009038        0x0 ../Barre_franche_test_bsp/\libhal_bsp.a(alt_write.o)
 .bss           0x00009038        0x0 ../Barre_franche_test_bsp/\libhal_bsp.a(alt_sys_init.o)
 .bss           0x00009038        0x0 ../Barre_franche_test_bsp/\libhal_bsp.a(altera_avalon_jtag_uart_write.o)
 .bss           0x00009038        0x0 ../Barre_franche_test_bsp/\libhal_bsp.a(alt_busy_sleep.o)
 .bss           0x00009038        0x0 ../Barre_franche_test_bsp/\libhal_bsp.a(alt_dcache_flush_all.o)
 .bss           0x00009038        0x0 ../Barre_franche_test_bsp/\libhal_bsp.a(alt_errno.o)
 .bss           0x00009038        0x0 ../Barre_franche_test_bsp/\libhal_bsp.a(alt_icache_flush_all.o)
 .bss           0x00009038        0x0 ../Barre_franche_test_bsp/\libhal_bsp.a(altera_nios2_irq.o)
 *(COMMON)
                0x00009038                . = ALIGN (0x4)
                0x00009038                __bss_end = ABSOLUTE (.)

.onchip_memory2_0
                0x00009038        0x0
                0x00009038                PROVIDE (_alt_partition_onchip_memory2_0_start, ABSOLUTE (.))
 *(.onchip_memory2_0. onchip_memory2_0.*)
                0x00009038                . = ALIGN (0x4)
                0x00009038                PROVIDE (_alt_partition_onchip_memory2_0_end, ABSOLUTE (.))
                0x00009038                _end = ABSOLUTE (.)
                0x00009038                end = ABSOLUTE (.)
                0x00009038                __alt_stack_base = ABSOLUTE (.)
                0x00009038                PROVIDE (_alt_partition_onchip_memory2_0_load_addr, LOADADDR (.onchip_memory2_0))

.stab
 *(.stab)

.stabstr
 *(.stabstr)

.stab.excl
 *(.stab.excl)

.stab.exclstr
 *(.stab.exclstr)

.stab.index
 *(.stab.index)

.stab.indexstr
 *(.stab.indexstr)

.comment        0x00000000       0x26
 *(.comment)
 .comment       0x00000000       0x26 obj/hello_world_small.o
                                 0x27 (size before relaxing)
 .comment       0x00000000       0x27 c:/altera/11.0sp1/nios2eds/bin/gnu/h-i686-mingw32/bin/../lib/gcc/nios2-elf/4.1.2/../../../../nios2-elf/lib/mno-hw-mul\libsmallc.a(lib_a-printf.o)
 .comment       0x00000000       0x27 c:/altera/11.0sp1/nios2eds/bin/gnu/h-i686-mingw32/bin/../lib/gcc/nios2-elf/4.1.2/../../../../nios2-elf/lib/mno-hw-mul\libsmallc.a(lib_a-vfprintf.o)
 .comment       0x00000000       0x27 c:/altera/11.0sp1/nios2eds/bin/gnu/h-i686-mingw32/bin/../lib/gcc/nios2-elf/4.1.2/../../../../nios2-elf/lib/mno-hw-mul\libsmallc.a(lib_a-fvwrite_small_dev.o)
 .comment       0x00000000       0x27 c:/altera/11.0sp1/nios2eds/bin/gnu/h-i686-mingw32/bin/../lib/gcc/nios2-elf/4.1.2/../../../../nios2-elf/lib/mno-hw-mul\libsmallc.a(lib_a-impure.o)
 .comment       0x00000000       0x27 c:/altera/11.0sp1/nios2eds/bin/gnu/h-i686-mingw32/bin/../lib/gcc/nios2-elf/4.1.2/../../../../nios2-elf/lib/mno-hw-mul\libsmallc.a(lib_a-strlen.o)
 .comment       0x00000000       0x27 c:/altera/11.0sp1/nios2eds/bin/gnu/h-i686-mingw32/bin/../lib/gcc/nios2-elf/4.1.2/../../../../nios2-elf/lib/mno-hw-mul\libsmallc.a(lib_a-writer.o)
 .comment       0x00000000       0x27 c:/altera/11.0sp1/nios2eds/bin/gnu/h-i686-mingw32/bin/../lib/gcc/nios2-elf/4.1.2/../../../../nios2-elf/lib/mno-hw-mul\libsmallc.a(lib_a-int_errno.o)
 .comment       0x00000000       0x27 c:/altera/11.0sp1/nios2eds/bin/gnu/h-i686-mingw32/bin/../lib/gcc/nios2-elf/4.1.2/mno-hw-mul\libgcc.a(lib2-divmod.o)
 .comment       0x00000000       0x27 c:/altera/11.0sp1/nios2eds/bin/gnu/h-i686-mingw32/bin/../lib/gcc/nios2-elf/4.1.2/mno-hw-mul\libgcc.a(lib2-mul.o)
 .comment       0x00000000       0x27 ../Barre_franche_test_bsp/\libhal_bsp.a(alt_load.o)
 .comment       0x00000000       0x27 ../Barre_franche_test_bsp/\libhal_bsp.a(alt_main.o)
 .comment       0x00000000       0x27 ../Barre_franche_test_bsp/\libhal_bsp.a(alt_putstr.o)
 .comment       0x00000000       0x27 ../Barre_franche_test_bsp/\libhal_bsp.a(alt_usleep.o)
 .comment       0x00000000       0x27 ../Barre_franche_test_bsp/\libhal_bsp.a(alt_write.o)
 .comment       0x00000000       0x27 ../Barre_franche_test_bsp/\libhal_bsp.a(alt_sys_init.o)
 .comment       0x00000000       0x27 ../Barre_franche_test_bsp/\libhal_bsp.a(altera_avalon_jtag_uart_write.o)
 .comment       0x00000000       0x27 ../Barre_franche_test_bsp/\libhal_bsp.a(alt_busy_sleep.o)
 .comment       0x00000000       0x27 ../Barre_franche_test_bsp/\libhal_bsp.a(alt_dcache_flush_all.o)
 .comment       0x00000000       0x27 ../Barre_franche_test_bsp/\libhal_bsp.a(alt_errno.o)
 .comment       0x00000000       0x27 ../Barre_franche_test_bsp/\libhal_bsp.a(alt_icache_flush_all.o)
 .comment       0x00000000       0x27 ../Barre_franche_test_bsp/\libhal_bsp.a(altera_nios2_irq.o)

.debug
 *(.debug)

.line
 *(.line)

.debug_srcinfo
 *(.debug_srcinfo)

.debug_sfnames
 *(.debug_sfnames)

.debug_aranges  0x00000000      0x288
 *(.debug_aranges)
 .debug_aranges
                0x00000000       0x28 ../Barre_franche_test_bsp//obj/HAL/src/crt0.o
 .debug_aranges
                0x00000028       0x20 obj/hello_world_small.o
 .debug_aranges
                0x00000048       0x20 c:/altera/11.0sp1/nios2eds/bin/gnu/h-i686-mingw32/bin/../lib/gcc/nios2-elf/4.1.2/../../../../nios2-elf/lib/mno-hw-mul\libsmallc.a(lib_a-printf.o)
 .debug_aranges
                0x00000068       0x20 c:/altera/11.0sp1/nios2eds/bin/gnu/h-i686-mingw32/bin/../lib/gcc/nios2-elf/4.1.2/../../../../nios2-elf/lib/mno-hw-mul\libsmallc.a(lib_a-vfprintf.o)
 .debug_aranges
                0x00000088       0x20 c:/altera/11.0sp1/nios2eds/bin/gnu/h-i686-mingw32/bin/../lib/gcc/nios2-elf/4.1.2/../../../../nios2-elf/lib/mno-hw-mul\libsmallc.a(lib_a-fvwrite_small_dev.o)
 .debug_aranges
                0x000000a8       0x20 c:/altera/11.0sp1/nios2eds/bin/gnu/h-i686-mingw32/bin/../lib/gcc/nios2-elf/4.1.2/../../../../nios2-elf/lib/mno-hw-mul\libsmallc.a(lib_a-strlen.o)
 .debug_aranges
                0x000000c8       0x20 c:/altera/11.0sp1/nios2eds/bin/gnu/h-i686-mingw32/bin/../lib/gcc/nios2-elf/4.1.2/../../../../nios2-elf/lib/mno-hw-mul\libsmallc.a(lib_a-writer.o)
 .debug_aranges
                0x000000e8       0x20 c:/altera/11.0sp1/nios2eds/bin/gnu/h-i686-mingw32/bin/../lib/gcc/nios2-elf/4.1.2/mno-hw-mul\libgcc.a(lib2-divmod.o)
 .debug_aranges
                0x00000108       0x20 c:/altera/11.0sp1/nios2eds/bin/gnu/h-i686-mingw32/bin/../lib/gcc/nios2-elf/4.1.2/mno-hw-mul\libgcc.a(lib2-mul.o)
 .debug_aranges
                0x00000128       0x20 ../Barre_franche_test_bsp/\libhal_bsp.a(alt_load.o)
 .debug_aranges
                0x00000148       0x20 ../Barre_franche_test_bsp/\libhal_bsp.a(alt_main.o)
 .debug_aranges
                0x00000168       0x20 ../Barre_franche_test_bsp/\libhal_bsp.a(alt_putstr.o)
 .debug_aranges
                0x00000188       0x20 ../Barre_franche_test_bsp/\libhal_bsp.a(alt_usleep.o)
 .debug_aranges
                0x000001a8       0x20 ../Barre_franche_test_bsp/\libhal_bsp.a(alt_write.o)
 .debug_aranges
                0x000001c8       0x20 ../Barre_franche_test_bsp/\libhal_bsp.a(alt_sys_init.o)
 .debug_aranges
                0x000001e8       0x20 ../Barre_franche_test_bsp/\libhal_bsp.a(altera_avalon_jtag_uart_write.o)
 .debug_aranges
                0x00000208       0x20 ../Barre_franche_test_bsp/\libhal_bsp.a(alt_busy_sleep.o)
 .debug_aranges
                0x00000228       0x20 ../Barre_franche_test_bsp/\libhal_bsp.a(alt_dcache_flush_all.o)
 .debug_aranges
                0x00000248       0x20 ../Barre_franche_test_bsp/\libhal_bsp.a(alt_icache_flush_all.o)
 .debug_aranges
                0x00000268       0x20 ../Barre_franche_test_bsp/\libhal_bsp.a(altera_nios2_irq.o)

.debug_pubnames
                0x00000000      0x3ac
 *(.debug_pubnames)
 .debug_pubnames
                0x00000000       0x1b obj/hello_world_small.o
 .debug_pubnames
                0x0000001b       0x2b c:/altera/11.0sp1/nios2eds/bin/gnu/h-i686-mingw32/bin/../lib/gcc/nios2-elf/4.1.2/../../../../nios2-elf/lib/mno-hw-mul\libsmallc.a(lib_a-printf.o)
 .debug_pubnames
                0x00000046       0x45 c:/altera/11.0sp1/nios2eds/bin/gnu/h-i686-mingw32/bin/../lib/gcc/nios2-elf/4.1.2/../../../../nios2-elf/lib/mno-hw-mul\libsmallc.a(lib_a-vfprintf.o)
 .debug_pubnames
                0x0000008b       0x2b c:/altera/11.0sp1/nios2eds/bin/gnu/h-i686-mingw32/bin/../lib/gcc/nios2-elf/4.1.2/../../../../nios2-elf/lib/mno-hw-mul\libsmallc.a(lib_a-fvwrite_small_dev.o)
 .debug_pubnames
                0x000000b6       0x39 c:/altera/11.0sp1/nios2eds/bin/gnu/h-i686-mingw32/bin/../lib/gcc/nios2-elf/4.1.2/../../../../nios2-elf/lib/mno-hw-mul\libsmallc.a(lib_a-impure.o)
 .debug_pubnames
                0x000000ef       0x1d c:/altera/11.0sp1/nios2eds/bin/gnu/h-i686-mingw32/bin/../lib/gcc/nios2-elf/4.1.2/../../../../nios2-elf/lib/mno-hw-mul\libsmallc.a(lib_a-strlen.o)
 .debug_pubnames
                0x0000010c       0x1f c:/altera/11.0sp1/nios2eds/bin/gnu/h-i686-mingw32/bin/../lib/gcc/nios2-elf/4.1.2/../../../../nios2-elf/lib/mno-hw-mul\libsmallc.a(lib_a-writer.o)
 .debug_pubnames
                0x0000012b       0x1c c:/altera/11.0sp1/nios2eds/bin/gnu/h-i686-mingw32/bin/../lib/gcc/nios2-elf/4.1.2/../../../../nios2-elf/lib/mno-hw-mul\libsmallc.a(lib_a-int_errno.o)
 .debug_pubnames
                0x00000147       0x48 c:/altera/11.0sp1/nios2eds/bin/gnu/h-i686-mingw32/bin/../lib/gcc/nios2-elf/4.1.2/mno-hw-mul\libgcc.a(lib2-divmod.o)
 .debug_pubnames
                0x0000018f       0x1f c:/altera/11.0sp1/nios2eds/bin/gnu/h-i686-mingw32/bin/../lib/gcc/nios2-elf/4.1.2/mno-hw-mul\libgcc.a(lib2-mul.o)
 .debug_pubnames
                0x000001ae       0x1f ../Barre_franche_test_bsp/\libhal_bsp.a(alt_load.o)
 .debug_pubnames
                0x000001cd       0x46 ../Barre_franche_test_bsp/\libhal_bsp.a(alt_main.o)
 .debug_pubnames
                0x00000213       0x21 ../Barre_franche_test_bsp/\libhal_bsp.a(alt_putstr.o)
 .debug_pubnames
                0x00000234       0x1d ../Barre_franche_test_bsp/\libhal_bsp.a(alt_usleep.o)
 .debug_pubnames
                0x00000251       0x1c ../Barre_franche_test_bsp/\libhal_bsp.a(alt_write.o)
 .debug_pubnames
                0x0000026d       0x44 ../Barre_franche_test_bsp/\libhal_bsp.a(alt_sys_init.o)
 .debug_pubnames
                0x000002b1       0x34 ../Barre_franche_test_bsp/\libhal_bsp.a(altera_avalon_jtag_uart_write.o)
 .debug_pubnames
                0x000002e5       0x25 ../Barre_franche_test_bsp/\libhal_bsp.a(alt_busy_sleep.o)
 .debug_pubnames
                0x0000030a       0x2b ../Barre_franche_test_bsp/\libhal_bsp.a(alt_dcache_flush_all.o)
 .debug_pubnames
                0x00000335       0x20 ../Barre_franche_test_bsp/\libhal_bsp.a(alt_errno.o)
 .debug_pubnames
                0x00000355       0x2b ../Barre_franche_test_bsp/\libhal_bsp.a(alt_icache_flush_all.o)
 .debug_pubnames
                0x00000380       0x2c ../Barre_franche_test_bsp/\libhal_bsp.a(altera_nios2_irq.o)

.debug_info     0x00000000     0x3483
 *(.debug_info .gnu.linkonce.wi.*)
 .debug_info    0x00000000       0xb1 ../Barre_franche_test_bsp//obj/HAL/src/crt0.o
 .debug_info    0x000000b1       0xa7 obj/hello_world_small.o
 .debug_info    0x00000158      0x6c8 c:/altera/11.0sp1/nios2eds/bin/gnu/h-i686-mingw32/bin/../lib/gcc/nios2-elf/4.1.2/../../../../nios2-elf/lib/mno-hw-mul\libsmallc.a(lib_a-printf.o)
 .debug_info    0x00000820      0x94c c:/altera/11.0sp1/nios2eds/bin/gnu/h-i686-mingw32/bin/../lib/gcc/nios2-elf/4.1.2/../../../../nios2-elf/lib/mno-hw-mul\libsmallc.a(lib_a-vfprintf.o)
 .debug_info    0x0000116c      0x68e c:/altera/11.0sp1/nios2eds/bin/gnu/h-i686-mingw32/bin/../lib/gcc/nios2-elf/4.1.2/../../../../nios2-elf/lib/mno-hw-mul\libsmallc.a(lib_a-fvwrite_small_dev.o)
 .debug_info    0x000017fa      0x636 c:/altera/11.0sp1/nios2eds/bin/gnu/h-i686-mingw32/bin/../lib/gcc/nios2-elf/4.1.2/../../../../nios2-elf/lib/mno-hw-mul\libsmallc.a(lib_a-impure.o)
 .debug_info    0x00001e30       0xc2 c:/altera/11.0sp1/nios2eds/bin/gnu/h-i686-mingw32/bin/../lib/gcc/nios2-elf/4.1.2/../../../../nios2-elf/lib/mno-hw-mul\libsmallc.a(lib_a-strlen.o)
 .debug_info    0x00001ef2      0x68c c:/altera/11.0sp1/nios2eds/bin/gnu/h-i686-mingw32/bin/../lib/gcc/nios2-elf/4.1.2/../../../../nios2-elf/lib/mno-hw-mul\libsmallc.a(lib_a-writer.o)
 .debug_info    0x0000257e       0x8c c:/altera/11.0sp1/nios2eds/bin/gnu/h-i686-mingw32/bin/../lib/gcc/nios2-elf/4.1.2/../../../../nios2-elf/lib/mno-hw-mul\libsmallc.a(lib_a-int_errno.o)
 .debug_info    0x0000260a      0x21c c:/altera/11.0sp1/nios2eds/bin/gnu/h-i686-mingw32/bin/../lib/gcc/nios2-elf/4.1.2/mno-hw-mul\libgcc.a(lib2-divmod.o)
 .debug_info    0x00002826       0xf3 c:/altera/11.0sp1/nios2eds/bin/gnu/h-i686-mingw32/bin/../lib/gcc/nios2-elf/4.1.2/mno-hw-mul\libgcc.a(lib2-mul.o)
 .debug_info    0x00002919      0x12e ../Barre_franche_test_bsp/\libhal_bsp.a(alt_load.o)
 .debug_info    0x00002a47      0x125 ../Barre_franche_test_bsp/\libhal_bsp.a(alt_main.o)
 .debug_info    0x00002b6c       0xc5 ../Barre_franche_test_bsp/\libhal_bsp.a(alt_putstr.o)
 .debug_info    0x00002c31       0xab ../Barre_franche_test_bsp/\libhal_bsp.a(alt_usleep.o)
 .debug_info    0x00002cdc      0x179 ../Barre_franche_test_bsp/\libhal_bsp.a(alt_write.o)
 .debug_info    0x00002e55      0x17d ../Barre_franche_test_bsp/\libhal_bsp.a(alt_sys_init.o)
 .debug_info    0x00002fd2      0x18f ../Barre_franche_test_bsp/\libhal_bsp.a(altera_avalon_jtag_uart_write.o)
 .debug_info    0x00003161       0xd0 ../Barre_franche_test_bsp/\libhal_bsp.a(alt_busy_sleep.o)
 .debug_info    0x00003231       0x8d ../Barre_franche_test_bsp/\libhal_bsp.a(alt_dcache_flush_all.o)
 .debug_info    0x000032be       0xab ../Barre_franche_test_bsp/\libhal_bsp.a(alt_errno.o)
 .debug_info    0x00003369       0x8d ../Barre_franche_test_bsp/\libhal_bsp.a(alt_icache_flush_all.o)
 .debug_info    0x000033f6       0x8d ../Barre_franche_test_bsp/\libhal_bsp.a(altera_nios2_irq.o)

.debug_abbrev   0x00000000     0x10bb
 *(.debug_abbrev)
 .debug_abbrev  0x00000000       0x12 ../Barre_franche_test_bsp//obj/HAL/src/crt0.o
 .debug_abbrev  0x00000012       0x5b obj/hello_world_small.o
 .debug_abbrev  0x0000006d      0x179 c:/altera/11.0sp1/nios2eds/bin/gnu/h-i686-mingw32/bin/../lib/gcc/nios2-elf/4.1.2/../../../../nios2-elf/lib/mno-hw-mul\libsmallc.a(lib_a-printf.o)
 .debug_abbrev  0x000001e6      0x247 c:/altera/11.0sp1/nios2eds/bin/gnu/h-i686-mingw32/bin/../lib/gcc/nios2-elf/4.1.2/../../../../nios2-elf/lib/mno-hw-mul\libsmallc.a(lib_a-vfprintf.o)
 .debug_abbrev  0x0000042d      0x179 c:/altera/11.0sp1/nios2eds/bin/gnu/h-i686-mingw32/bin/../lib/gcc/nios2-elf/4.1.2/../../../../nios2-elf/lib/mno-hw-mul\libsmallc.a(lib_a-fvwrite_small_dev.o)
 .debug_abbrev  0x000005a6      0x13f c:/altera/11.0sp1/nios2eds/bin/gnu/h-i686-mingw32/bin/../lib/gcc/nios2-elf/4.1.2/../../../../nios2-elf/lib/mno-hw-mul\libsmallc.a(lib_a-impure.o)
 .debug_abbrev  0x000006e5       0x7a c:/altera/11.0sp1/nios2eds/bin/gnu/h-i686-mingw32/bin/../lib/gcc/nios2-elf/4.1.2/../../../../nios2-elf/lib/mno-hw-mul\libsmallc.a(lib_a-strlen.o)
 .debug_abbrev  0x0000075f      0x16c c:/altera/11.0sp1/nios2eds/bin/gnu/h-i686-mingw32/bin/../lib/gcc/nios2-elf/4.1.2/../../../../nios2-elf/lib/mno-hw-mul\libsmallc.a(lib_a-writer.o)
 .debug_abbrev  0x000008cb       0x3b c:/altera/11.0sp1/nios2eds/bin/gnu/h-i686-mingw32/bin/../lib/gcc/nios2-elf/4.1.2/../../../../nios2-elf/lib/mno-hw-mul\libsmallc.a(lib_a-int_errno.o)
 .debug_abbrev  0x00000906       0xe0 c:/altera/11.0sp1/nios2eds/bin/gnu/h-i686-mingw32/bin/../lib/gcc/nios2-elf/4.1.2/mno-hw-mul\libgcc.a(lib2-divmod.o)
 .debug_abbrev  0x000009e6       0x7b c:/altera/11.0sp1/nios2eds/bin/gnu/h-i686-mingw32/bin/../lib/gcc/nios2-elf/4.1.2/mno-hw-mul\libgcc.a(lib2-mul.o)
 .debug_abbrev  0x00000a61       0x97 ../Barre_franche_test_bsp/\libhal_bsp.a(alt_load.o)
 .debug_abbrev  0x00000af8       0xa6 ../Barre_franche_test_bsp/\libhal_bsp.a(alt_main.o)
 .debug_abbrev  0x00000b9e       0x7c ../Barre_franche_test_bsp/\libhal_bsp.a(alt_putstr.o)
 .debug_abbrev  0x00000c1a       0x5d ../Barre_franche_test_bsp/\libhal_bsp.a(alt_usleep.o)
 .debug_abbrev  0x00000c77       0xdd ../Barre_franche_test_bsp/\libhal_bsp.a(alt_write.o)
 .debug_abbrev  0x00000d54       0xe3 ../Barre_franche_test_bsp/\libhal_bsp.a(alt_sys_init.o)
 .debug_abbrev  0x00000e37       0xf0 ../Barre_franche_test_bsp/\libhal_bsp.a(altera_avalon_jtag_uart_write.o)
 .debug_abbrev  0x00000f27       0x79 ../Barre_franche_test_bsp/\libhal_bsp.a(alt_busy_sleep.o)
 .debug_abbrev  0x00000fa0       0x3f ../Barre_franche_test_bsp/\libhal_bsp.a(alt_dcache_flush_all.o)
 .debug_abbrev  0x00000fdf       0x5e ../Barre_franche_test_bsp/\libhal_bsp.a(alt_errno.o)
 .debug_abbrev  0x0000103d       0x3f ../Barre_franche_test_bsp/\libhal_bsp.a(alt_icache_flush_all.o)
 .debug_abbrev  0x0000107c       0x3f ../Barre_franche_test_bsp/\libhal_bsp.a(altera_nios2_irq.o)

.debug_line     0x00000000     0x34c6
 *(.debug_line)
 .debug_line    0x00000000       0x66 ../Barre_franche_test_bsp//obj/HAL/src/crt0.o
 .debug_line    0x00000066      0x28a obj/hello_world_small.o
 .debug_line    0x000002f0      0x2be c:/altera/11.0sp1/nios2eds/bin/gnu/h-i686-mingw32/bin/../lib/gcc/nios2-elf/4.1.2/../../../../nios2-elf/lib/mno-hw-mul\libsmallc.a(lib_a-printf.o)
 .debug_line    0x000005ae      0x5f3 c:/altera/11.0sp1/nios2eds/bin/gnu/h-i686-mingw32/bin/../lib/gcc/nios2-elf/4.1.2/../../../../nios2-elf/lib/mno-hw-mul\libsmallc.a(lib_a-vfprintf.o)
 .debug_line    0x00000ba1      0x2a9 c:/altera/11.0sp1/nios2eds/bin/gnu/h-i686-mingw32/bin/../lib/gcc/nios2-elf/4.1.2/../../../../nios2-elf/lib/mno-hw-mul\libsmallc.a(lib_a-fvwrite_small_dev.o)
 .debug_line    0x00000e4a      0x230 c:/altera/11.0sp1/nios2eds/bin/gnu/h-i686-mingw32/bin/../lib/gcc/nios2-elf/4.1.2/../../../../nios2-elf/lib/mno-hw-mul\libsmallc.a(lib_a-impure.o)
 .debug_line    0x0000107a      0x250 c:/altera/11.0sp1/nios2eds/bin/gnu/h-i686-mingw32/bin/../lib/gcc/nios2-elf/4.1.2/../../../../nios2-elf/lib/mno-hw-mul\libsmallc.a(lib_a-strlen.o)
 .debug_line    0x000012ca      0x29d c:/altera/11.0sp1/nios2eds/bin/gnu/h-i686-mingw32/bin/../lib/gcc/nios2-elf/4.1.2/../../../../nios2-elf/lib/mno-hw-mul\libsmallc.a(lib_a-writer.o)
 .debug_line    0x00001567      0x1e2 c:/altera/11.0sp1/nios2eds/bin/gnu/h-i686-mingw32/bin/../lib/gcc/nios2-elf/4.1.2/../../../../nios2-elf/lib/mno-hw-mul\libsmallc.a(lib_a-int_errno.o)
 .debug_line    0x00001749      0x24f c:/altera/11.0sp1/nios2eds/bin/gnu/h-i686-mingw32/bin/../lib/gcc/nios2-elf/4.1.2/mno-hw-mul\libgcc.a(lib2-divmod.o)
 .debug_line    0x00001998      0x11a c:/altera/11.0sp1/nios2eds/bin/gnu/h-i686-mingw32/bin/../lib/gcc/nios2-elf/4.1.2/mno-hw-mul\libgcc.a(lib2-mul.o)
 .debug_line    0x00001ab2      0x217 ../Barre_franche_test_bsp/\libhal_bsp.a(alt_load.o)
 .debug_line    0x00001cc9      0x2c2 ../Barre_franche_test_bsp/\libhal_bsp.a(alt_main.o)
 .debug_line    0x00001f8b      0x1d9 ../Barre_franche_test_bsp/\libhal_bsp.a(alt_putstr.o)
 .debug_line    0x00002164      0x202 ../Barre_franche_test_bsp/\libhal_bsp.a(alt_usleep.o)
 .debug_line    0x00002366      0x2ab ../Barre_franche_test_bsp/\libhal_bsp.a(alt_write.o)
 .debug_line    0x00002611      0x286 ../Barre_franche_test_bsp/\libhal_bsp.a(alt_sys_init.o)
 .debug_line    0x00002897      0x2f4 ../Barre_franche_test_bsp/\libhal_bsp.a(altera_avalon_jtag_uart_write.o)
 .debug_line    0x00002b8b      0x25e ../Barre_franche_test_bsp/\libhal_bsp.a(alt_busy_sleep.o)
 .debug_line    0x00002de9      0x1b5 ../Barre_franche_test_bsp/\libhal_bsp.a(alt_dcache_flush_all.o)
 .debug_line    0x00002f9e      0x1aa ../Barre_franche_test_bsp/\libhal_bsp.a(alt_errno.o)
 .debug_line    0x00003148      0x1b5 ../Barre_franche_test_bsp/\libhal_bsp.a(alt_icache_flush_all.o)
 .debug_line    0x000032fd      0x1c9 ../Barre_franche_test_bsp/\libhal_bsp.a(altera_nios2_irq.o)

.debug_frame    0x00000000      0x388
 *(.debug_frame)
 .debug_frame   0x00000000       0x28 obj/hello_world_small.o
 .debug_frame   0x00000028       0x40 c:/altera/11.0sp1/nios2eds/bin/gnu/h-i686-mingw32/bin/../lib/gcc/nios2-elf/4.1.2/../../../../nios2-elf/lib/mno-hw-mul\libsmallc.a(lib_a-printf.o)
 .debug_frame   0x00000068       0x64 c:/altera/11.0sp1/nios2eds/bin/gnu/h-i686-mingw32/bin/../lib/gcc/nios2-elf/4.1.2/../../../../nios2-elf/lib/mno-hw-mul\libsmallc.a(lib_a-vfprintf.o)
 .debug_frame   0x000000cc       0x30 c:/altera/11.0sp1/nios2eds/bin/gnu/h-i686-mingw32/bin/../lib/gcc/nios2-elf/4.1.2/../../../../nios2-elf/lib/mno-hw-mul\libsmallc.a(lib_a-fvwrite_small_dev.o)
 .debug_frame   0x000000fc       0x20 c:/altera/11.0sp1/nios2eds/bin/gnu/h-i686-mingw32/bin/../lib/gcc/nios2-elf/4.1.2/../../../../nios2-elf/lib/mno-hw-mul\libsmallc.a(lib_a-strlen.o)
 .debug_frame   0x0000011c       0x2c c:/altera/11.0sp1/nios2eds/bin/gnu/h-i686-mingw32/bin/../lib/gcc/nios2-elf/4.1.2/../../../../nios2-elf/lib/mno-hw-mul\libsmallc.a(lib_a-writer.o)
 .debug_frame   0x00000148       0x70 c:/altera/11.0sp1/nios2eds/bin/gnu/h-i686-mingw32/bin/../lib/gcc/nios2-elf/4.1.2/mno-hw-mul\libgcc.a(lib2-divmod.o)
 .debug_frame   0x000001b8       0x20 c:/altera/11.0sp1/nios2eds/bin/gnu/h-i686-mingw32/bin/../lib/gcc/nios2-elf/4.1.2/mno-hw-mul\libgcc.a(lib2-mul.o)
 .debug_frame   0x000001d8       0x38 ../Barre_franche_test_bsp/\libhal_bsp.a(alt_load.o)
 .debug_frame   0x00000210       0x28 ../Barre_franche_test_bsp/\libhal_bsp.a(alt_main.o)
 .debug_frame   0x00000238       0x28 ../Barre_franche_test_bsp/\libhal_bsp.a(alt_putstr.o)
 .debug_frame   0x00000260       0x20 ../Barre_franche_test_bsp/\libhal_bsp.a(alt_usleep.o)
 .debug_frame   0x00000280       0x28 ../Barre_franche_test_bsp/\libhal_bsp.a(alt_write.o)
 .debug_frame   0x000002a8       0x38 ../Barre_franche_test_bsp/\libhal_bsp.a(alt_sys_init.o)
 .debug_frame   0x000002e0       0x20 ../Barre_franche_test_bsp/\libhal_bsp.a(altera_avalon_jtag_uart_write.o)
 .debug_frame   0x00000300       0x28 ../Barre_franche_test_bsp/\libhal_bsp.a(alt_busy_sleep.o)
 .debug_frame   0x00000328       0x20 ../Barre_franche_test_bsp/\libhal_bsp.a(alt_dcache_flush_all.o)
 .debug_frame   0x00000348       0x20 ../Barre_franche_test_bsp/\libhal_bsp.a(alt_icache_flush_all.o)
 .debug_frame   0x00000368       0x20 ../Barre_franche_test_bsp/\libhal_bsp.a(altera_nios2_irq.o)

.debug_str      0x00000000      0xdfd
 *(.debug_str)
 .debug_str     0x00000000       0xec obj/hello_world_small.o
                                0x12a (size before relaxing)
 .debug_str     0x000000ec      0x3a3 c:/altera/11.0sp1/nios2eds/bin/gnu/h-i686-mingw32/bin/../lib/gcc/nios2-elf/4.1.2/../../../../nios2-elf/lib/mno-hw-mul\libsmallc.a(lib_a-printf.o)
                                0x466 (size before relaxing)
 .debug_str     0x0000048f      0x115 c:/altera/11.0sp1/nios2eds/bin/gnu/h-i686-mingw32/bin/../lib/gcc/nios2-elf/4.1.2/../../../../nios2-elf/lib/mno-hw-mul\libsmallc.a(lib_a-vfprintf.o)
                                0x562 (size before relaxing)
 .debug_str     0x000005a4       0x70 c:/altera/11.0sp1/nios2eds/bin/gnu/h-i686-mingw32/bin/../lib/gcc/nios2-elf/4.1.2/../../../../nios2-elf/lib/mno-hw-mul\libsmallc.a(lib_a-fvwrite_small_dev.o)
                                0x46a (size before relaxing)
 .debug_str     0x00000614       0xf8 c:/altera/11.0sp1/nios2eds/bin/gnu/h-i686-mingw32/bin/../lib/gcc/nios2-elf/4.1.2/../../../../nios2-elf/lib/mno-hw-mul\libsmallc.a(lib_a-impure.o)
                                0x45d (size before relaxing)
 .debug_str     0x0000070c       0xe2 c:/altera/11.0sp1/nios2eds/bin/gnu/h-i686-mingw32/bin/../lib/gcc/nios2-elf/4.1.2/../../../../nios2-elf/lib/mno-hw-mul\libsmallc.a(lib_a-strlen.o)
                                0x184 (size before relaxing)
 .debug_str     0x000007ee       0x4f c:/altera/11.0sp1/nios2eds/bin/gnu/h-i686-mingw32/bin/../lib/gcc/nios2-elf/4.1.2/../../../../nios2-elf/lib/mno-hw-mul\libsmallc.a(lib_a-writer.o)
                                0x451 (size before relaxing)
 .debug_str     0x0000083d       0x40 c:/altera/11.0sp1/nios2eds/bin/gnu/h-i686-mingw32/bin/../lib/gcc/nios2-elf/4.1.2/../../../../nios2-elf/lib/mno-hw-mul\libsmallc.a(lib_a-int_errno.o)
                                0x177 (size before relaxing)
 .debug_str     0x0000087d      0x10b c:/altera/11.0sp1/nios2eds/bin/gnu/h-i686-mingw32/bin/../lib/gcc/nios2-elf/4.1.2/mno-hw-mul\libgcc.a(lib2-divmod.o)
                                0x1b4 (size before relaxing)
 .debug_str     0x00000988       0x37 c:/altera/11.0sp1/nios2eds/bin/gnu/h-i686-mingw32/bin/../lib/gcc/nios2-elf/4.1.2/mno-hw-mul\libgcc.a(lib2-mul.o)
                                0x175 (size before relaxing)
 .debug_str     0x000009bf      0x171 ../Barre_franche_test_bsp/\libhal_bsp.a(alt_load.o)
                                0x206 (size before relaxing)
 .debug_str     0x00000b30       0x70 ../Barre_franche_test_bsp/\libhal_bsp.a(alt_main.o)
                                0x18a (size before relaxing)
 .debug_str     0x00000ba0       0x4c ../Barre_franche_test_bsp/\libhal_bsp.a(alt_putstr.o)
                                0x161 (size before relaxing)
 .debug_str     0x00000bec       0x27 ../Barre_franche_test_bsp/\libhal_bsp.a(alt_usleep.o)
                                0x13c (size before relaxing)
 .debug_str     0x00000c13       0x2c ../Barre_franche_test_bsp/\libhal_bsp.a(alt_write.o)
                                0x1b6 (size before relaxing)
 .debug_str     0x00000c3f       0x85 ../Barre_franche_test_bsp/\libhal_bsp.a(alt_sys_init.o)
                                0x1ff (size before relaxing)
 .debug_str     0x00000cc4       0x4a ../Barre_franche_test_bsp/\libhal_bsp.a(altera_avalon_jtag_uart_write.o)
                                0x202 (size before relaxing)
 .debug_str     0x00000d0e       0x42 ../Barre_franche_test_bsp/\libhal_bsp.a(alt_busy_sleep.o)
                                0x15f (size before relaxing)
 .debug_str     0x00000d50       0x34 ../Barre_franche_test_bsp/\libhal_bsp.a(alt_dcache_flush_all.o)
                                0x149 (size before relaxing)
 .debug_str     0x00000d84       0x14 ../Barre_franche_test_bsp/\libhal_bsp.a(alt_errno.o)
                                0x139 (size before relaxing)
 .debug_str     0x00000d98       0x34 ../Barre_franche_test_bsp/\libhal_bsp.a(alt_icache_flush_all.o)
                                0x149 (size before relaxing)
 .debug_str     0x00000dcc       0x31 ../Barre_franche_test_bsp/\libhal_bsp.a(altera_nios2_irq.o)
                                0x146 (size before relaxing)

.debug_loc      0x00000000      0xd65
 *(.debug_loc)
 .debug_loc     0x00000000       0x1f obj/hello_world_small.o
 .debug_loc     0x0000001f       0x8d c:/altera/11.0sp1/nios2eds/bin/gnu/h-i686-mingw32/bin/../lib/gcc/nios2-elf/4.1.2/../../../../nios2-elf/lib/mno-hw-mul\libsmallc.a(lib_a-printf.o)
 .debug_loc     0x000000ac      0x6a6 c:/altera/11.0sp1/nios2eds/bin/gnu/h-i686-mingw32/bin/../lib/gcc/nios2-elf/4.1.2/../../../../nios2-elf/lib/mno-hw-mul\libsmallc.a(lib_a-vfprintf.o)
 .debug_loc     0x00000752      0x162 c:/altera/11.0sp1/nios2eds/bin/gnu/h-i686-mingw32/bin/../lib/gcc/nios2-elf/4.1.2/../../../../nios2-elf/lib/mno-hw-mul\libsmallc.a(lib_a-fvwrite_small_dev.o)
 .debug_loc     0x000008b4       0x1e c:/altera/11.0sp1/nios2eds/bin/gnu/h-i686-mingw32/bin/../lib/gcc/nios2-elf/4.1.2/../../../../nios2-elf/lib/mno-hw-mul\libsmallc.a(lib_a-strlen.o)
 .debug_loc     0x000008d2       0x97 c:/altera/11.0sp1/nios2eds/bin/gnu/h-i686-mingw32/bin/../lib/gcc/nios2-elf/4.1.2/../../../../nios2-elf/lib/mno-hw-mul\libsmallc.a(lib_a-writer.o)
 .debug_loc     0x00000969      0x1d2 c:/altera/11.0sp1/nios2eds/bin/gnu/h-i686-mingw32/bin/../lib/gcc/nios2-elf/4.1.2/mno-hw-mul\libgcc.a(lib2-divmod.o)
 .debug_loc     0x00000b3b       0x4f c:/altera/11.0sp1/nios2eds/bin/gnu/h-i686-mingw32/bin/../lib/gcc/nios2-elf/4.1.2/mno-hw-mul\libgcc.a(lib2-mul.o)
 .debug_loc     0x00000b8a       0x1f ../Barre_franche_test_bsp/\libhal_bsp.a(alt_load.o)
 .debug_loc     0x00000ba9       0x1f ../Barre_franche_test_bsp/\libhal_bsp.a(alt_main.o)
 .debug_loc     0x00000bc8       0x48 ../Barre_franche_test_bsp/\libhal_bsp.a(alt_putstr.o)
 .debug_loc     0x00000c10       0x13 ../Barre_franche_test_bsp/\libhal_bsp.a(alt_usleep.o)
 .debug_loc     0x00000c23       0x9a ../Barre_franche_test_bsp/\libhal_bsp.a(alt_write.o)
 .debug_loc     0x00000cbd       0x32 ../Barre_franche_test_bsp/\libhal_bsp.a(alt_sys_init.o)
 .debug_loc     0x00000cef       0x26 ../Barre_franche_test_bsp/\libhal_bsp.a(altera_avalon_jtag_uart_write.o)
 .debug_loc     0x00000d15       0x50 ../Barre_franche_test_bsp/\libhal_bsp.a(alt_busy_sleep.o)

.debug_macinfo
 *(.debug_macinfo)

.debug_weaknames
 *(.debug_weaknames)

.debug_funcnames
 *(.debug_funcnames)

.debug_typenames
 *(.debug_typenames)

.debug_varnames
 *(.debug_varnames)

.debug_alt_sim_info
                0x00000000       0x40
 *(.debug_alt_sim_info)
 .debug_alt_sim_info
                0x00000000       0x10 ../Barre_franche_test_bsp//obj/HAL/src/crt0.o
 .debug_alt_sim_info
                0x00000010       0x30 ../Barre_franche_test_bsp/\libhal_bsp.a(alt_busy_sleep.o)
                0x0000d000                __alt_data_end = 0xd000
                0x0000d000                PROVIDE (__alt_stack_pointer, __alt_data_end)
                0x00009038                PROVIDE (__alt_stack_limit, __alt_stack_base)
                0x00009038                PROVIDE (__alt_heap_start, end)
                0x0000d000                PROVIDE (__alt_heap_limit, 0xd000)
OUTPUT(Barre_franche_test.elf elf32-littlenios2)

.debug_ranges   0x00000000       0xc8
 .debug_ranges  0x00000000       0x20 ../Barre_franche_test_bsp//obj/HAL/src/crt0.o
 .debug_ranges  0x00000020       0xa8 c:/altera/11.0sp1/nios2eds/bin/gnu/h-i686-mingw32/bin/../lib/gcc/nios2-elf/4.1.2/../../../../nios2-elf/lib/mno-hw-mul\libsmallc.a(lib_a-vfprintf.o)
