Archive member included because of file (symbol)

../Pwm_test_bsp/\libhal_bsp.a(alt_load.o)
                              ../Pwm_test_bsp//obj/HAL/src/crt0.o (alt_load)
../Pwm_test_bsp/\libhal_bsp.a(alt_main.o)
                              ../Pwm_test_bsp//obj/HAL/src/crt0.o (alt_main)
../Pwm_test_bsp/\libhal_bsp.a(alt_putstr.o)
                              obj/hello_world_small.o (alt_putstr)
../Pwm_test_bsp/\libhal_bsp.a(alt_usleep.o)
                              obj/hello_world_small.o (usleep)
../Pwm_test_bsp/\libhal_bsp.a(alt_sys_init.o)
                              ../Pwm_test_bsp/\libhal_bsp.a(alt_main.o) (alt_sys_init)
../Pwm_test_bsp/\libhal_bsp.a(altera_avalon_jtag_uart_write.o)
                              ../Pwm_test_bsp/\libhal_bsp.a(alt_putstr.o) (altera_avalon_jtag_uart_write)
../Pwm_test_bsp/\libhal_bsp.a(alt_busy_sleep.o)
                              ../Pwm_test_bsp/\libhal_bsp.a(alt_usleep.o) (alt_busy_sleep)
../Pwm_test_bsp/\libhal_bsp.a(alt_dcache_flush_all.o)
                              ../Pwm_test_bsp/\libhal_bsp.a(alt_load.o) (alt_dcache_flush_all)
../Pwm_test_bsp/\libhal_bsp.a(alt_icache_flush_all.o)
                              ../Pwm_test_bsp/\libhal_bsp.a(alt_load.o) (alt_icache_flush_all)
../Pwm_test_bsp/\libhal_bsp.a(altera_nios2_irq.o)
                              ../Pwm_test_bsp/\libhal_bsp.a(alt_sys_init.o) (altera_nios2_irq_init)
c:/altera/11.0sp1/nios2eds/bin/gnu/h-i686-mingw32/bin/../lib/gcc/nios2-elf/4.1.2/../../../../nios2-elf/lib/mno-hw-mul\libsmallc.a(lib_a-strlen.o)
                              ../Pwm_test_bsp/\libhal_bsp.a(alt_putstr.o) (strlen)
c:/altera/11.0sp1/nios2eds/bin/gnu/h-i686-mingw32/bin/../lib/gcc/nios2-elf/4.1.2/mno-hw-mul\libgcc.a(lib2-divmod.o)
                              ../Pwm_test_bsp/\libhal_bsp.a(alt_busy_sleep.o) (__udivsi3)
c:/altera/11.0sp1/nios2eds/bin/gnu/h-i686-mingw32/bin/../lib/gcc/nios2-elf/4.1.2/mno-hw-mul\libgcc.a(lib2-mul.o)
                              ../Pwm_test_bsp/\libhal_bsp.a(alt_busy_sleep.o) (__mulsi3)

Memory Configuration

Name             Origin             Length             Attributes
reset            0x00008000         0x00000020
onchip_memory2_0 0x00008020         0x00004fe0
*default*        0x00000000         0xffffffff

Linker script and memory map

LOAD ../Pwm_test_bsp//obj/HAL/src/crt0.o
                0x0000800c                exit = _exit
LOAD obj/hello_world_small.o
LOAD c:/altera/11.0sp1/nios2eds/bin/gnu/h-i686-mingw32/bin/../lib/gcc/nios2-elf/4.1.2/../../../../nios2-elf/lib/mno-hw-mul\libstdc++.a
LOAD c:/altera/11.0sp1/nios2eds/bin/gnu/h-i686-mingw32/bin/../lib/gcc/nios2-elf/4.1.2/../../../../nios2-elf/lib/mno-hw-mul\libm.a
LOAD c:/altera/11.0sp1/nios2eds/bin/gnu/h-i686-mingw32/bin/../lib/gcc/nios2-elf/4.1.2/mno-hw-mul\libgcc.a
START GROUP
LOAD c:/altera/11.0sp1/nios2eds/bin/gnu/h-i686-mingw32/bin/../lib/gcc/nios2-elf/4.1.2/../../../../nios2-elf/lib/mno-hw-mul\libsmallc.a
LOAD c:/altera/11.0sp1/nios2eds/bin/gnu/h-i686-mingw32/bin/../lib/gcc/nios2-elf/4.1.2/mno-hw-mul\libgcc.a
LOAD ../Pwm_test_bsp/\libhal_bsp.a
END GROUP
LOAD c:/altera/11.0sp1/nios2eds/bin/gnu/h-i686-mingw32/bin/../lib/gcc/nios2-elf/4.1.2/mno-hw-mul\libgcc.a
                0x00008000                __alt_mem_onchip_memory2_0 = 0x8000

.entry          0x00008000       0x20
 *(.entry)
 .entry         0x00008000       0x20 ../Pwm_test_bsp//obj/HAL/src/crt0.o
                0x00008000                __reset
                0x0000800c                _exit

.exceptions     0x00008020        0x0
                0x00008020                PROVIDE (__ram_exceptions_start, ABSOLUTE (.))
                0x00008020                . = ALIGN (0x20)
 *(.irq)
 *(.exceptions.entry.label)
 *(.exceptions.entry.user)
 *(.exceptions.entry)
 *(.exceptions.irqtest.user)
 *(.exceptions.irqtest)
 *(.exceptions.irqhandler.user)
 *(.exceptions.irqhandler)
 *(.exceptions.irqreturn.user)
 *(.exceptions.irqreturn)
 *(.exceptions.notirq.label)
 *(.exceptions.notirq.user)
 *(.exceptions.notirq)
 *(.exceptions.soft.user)
 *(.exceptions.soft)
 *(.exceptions.unknown.user)
 *(.exceptions.unknown)
 *(.exceptions.exit.label)
 *(.exceptions.exit.user)
 *(.exceptions.exit)
 *(.exceptions)
                0x00008020                PROVIDE (__ram_exceptions_end, ABSOLUTE (.))
                0x00008020                PROVIDE (__flash_exceptions_start, LOADADDR (.exceptions))

.text           0x00008020      0x478
                0x00008020                PROVIDE (stext, ABSOLUTE (.))
 *(.interp)
 *(.hash)
 *(.dynsym)
 *(.dynstr)
 *(.gnu.version)
 *(.gnu.version_d)
 *(.gnu.version_r)
 *(.rel.init)
 *(.rela.init)
 *(.rel.text .rel.text.* .rel.gnu.linkonce.t.*)
 *(.rela.text .rela.text.* .rela.gnu.linkonce.t.*)
 *(.rel.fini)
 *(.rela.fini)
 *(.rel.rodata .rel.rodata.* .rel.gnu.linkonce.r.*)
 *(.rela.rodata .rela.rodata.* .rela.gnu.linkonce.r.*)
 *(.rel.data .rel.data.* .rel.gnu.linkonce.d.*)
 *(.rela.data .rela.data.* .rela.gnu.linkonce.d.*)
 *(.rel.tdata .rel.tdata.* .rel.gnu.linkonce.td.*)
 *(.rela.tdata .rela.tdata.* .rela.gnu.linkonce.td.*)
 *(.rel.tbss .rel.tbss.* .rel.gnu.linkonce.tb.*)
 *(.rela.tbss .rela.tbss.* .rela.gnu.linkonce.tb.*)
 *(.rel.ctors)
 *(.rela.ctors)
 *(.rel.dtors)
 *(.rela.dtors)
 *(.rel.got)
 *(.rela.got)
 *(.rel.sdata .rel.sdata.* .rel.gnu.linkonce.s.*)
 *(.rela.sdata .rela.sdata.* .rela.gnu.linkonce.s.*)
 *(.rel.sbss .rel.sbss.* .rel.gnu.linkonce.sb.*)
 *(.rela.sbss .rela.sbss.* .rela.gnu.linkonce.sb.*)
 *(.rel.sdata2 .rel.sdata2.* .rel.gnu.linkonce.s2.*)
 *(.rela.sdata2 .rela.sdata2.* .rela.gnu.linkonce.s2.*)
 *(.rel.sbss2 .rel.sbss2.* .rel.gnu.linkonce.sb2.*)
 *(.rela.sbss2 .rela.sbss2.* .rela.gnu.linkonce.sb2.*)
 *(.rel.bss .rel.bss.* .rel.gnu.linkonce.b.*)
 *(.rela.bss .rela.bss.* .rela.gnu.linkonce.b.*)
 *(.rel.plt)
 *(.rela.plt)
 *(.rel.dyn)
 *(.init)
 *(.plt)
 *(.text .stub .text.* .gnu.linkonce.t.*)
 .text          0x00008020       0x3c ../Pwm_test_bsp//obj/HAL/src/crt0.o
                0x00008020                _start
 .text          0x0000805c       0xb0 obj/hello_world_small.o
                0x0000805c                main
 .text          0x0000810c       0x8c ../Pwm_test_bsp/\libhal_bsp.a(alt_load.o)
                0x0000812c                alt_load
 .text          0x00008198       0x2c ../Pwm_test_bsp/\libhal_bsp.a(alt_main.o)
                0x00008198                alt_main
 .text          0x000081c4       0x38 ../Pwm_test_bsp/\libhal_bsp.a(alt_putstr.o)
                0x000081c4                alt_putstr
 .text          0x000081fc        0x4 ../Pwm_test_bsp/\libhal_bsp.a(alt_usleep.o)
                0x000081fc                usleep
 .text          0x00008200       0x24 ../Pwm_test_bsp/\libhal_bsp.a(alt_sys_init.o)
                0x00008200                alt_sys_init
                0x00008204                alt_irq_init
 .text          0x00008224       0x34 ../Pwm_test_bsp/\libhal_bsp.a(altera_avalon_jtag_uart_write.o)
                0x00008224                altera_avalon_jtag_uart_write
 .text          0x00008258       0x8c ../Pwm_test_bsp/\libhal_bsp.a(alt_busy_sleep.o)
                0x00008258                alt_busy_sleep
 .text          0x000082e4        0x4 ../Pwm_test_bsp/\libhal_bsp.a(alt_dcache_flush_all.o)
                0x000082e4                alt_dcache_flush_all
 .text          0x000082e8        0x4 ../Pwm_test_bsp/\libhal_bsp.a(alt_icache_flush_all.o)
                0x000082e8                alt_icache_flush_all
 .text          0x000082ec        0x8 ../Pwm_test_bsp/\libhal_bsp.a(altera_nios2_irq.o)
                0x000082ec                altera_nios2_irq_init
 .text          0x000082f4       0x20 c:/altera/11.0sp1/nios2eds/bin/gnu/h-i686-mingw32/bin/../lib/gcc/nios2-elf/4.1.2/../../../../nios2-elf/lib/mno-hw-mul\libsmallc.a(lib_a-strlen.o)
                0x000082f4                strlen
 .text          0x00008314      0x14c c:/altera/11.0sp1/nios2eds/bin/gnu/h-i686-mingw32/bin/../lib/gcc/nios2-elf/4.1.2/mno-hw-mul\libgcc.a(lib2-divmod.o)
                0x00008390                __divsi3
                0x000083f0                __modsi3
                0x00008450                __udivsi3
                0x00008458                __umodsi3
 .text          0x00008460       0x38 c:/altera/11.0sp1/nios2eds/bin/gnu/h-i686-mingw32/bin/../lib/gcc/nios2-elf/4.1.2/mno-hw-mul\libgcc.a(lib2-mul.o)
                0x00008460                __mulsi3
 *(.gnu.warning.*)
 *(.fini)
                0x00008498                PROVIDE (__etext, ABSOLUTE (.))
                0x00008498                PROVIDE (_etext, ABSOLUTE (.))
                0x00008498                PROVIDE (etext, ABSOLUTE (.))
 *(.eh_frame_hdr)
                0x00008498                . = ALIGN (0x4)
                0x00008498                PROVIDE (__preinit_array_start, ABSOLUTE (.))
 *(.preinit_array)
                0x00008498                PROVIDE (__preinit_array_end, ABSOLUTE (.))
                0x00008498                PROVIDE (__init_array_start, ABSOLUTE (.))
 *(.init_array)
                0x00008498                PROVIDE (__init_array_end, ABSOLUTE (.))
                0x00008498                PROVIDE (__fini_array_start, ABSOLUTE (.))
 *(.fini_array)
                0x00008498                PROVIDE (__fini_array_end, ABSOLUTE (.))
 *(.eh_frame)
 *(.gcc_except_table)
 *(.dynamic)
                0x00008498                PROVIDE (__CTOR_LIST__, ABSOLUTE (.))
 *(.ctors)
 *(SORT(.ctors.*))
                0x00008498                PROVIDE (__CTOR_END__, ABSOLUTE (.))
                0x00008498                PROVIDE (__DTOR_LIST__, ABSOLUTE (.))
 *(.dtors)
 *(SORT(.dtors.*))
                0x00008498                PROVIDE (__DTOR_END__, ABSOLUTE (.))
 *(.jcr)
                0x00008498                . = ALIGN (0x4)

.rodata         0x00008498       0x18
                0x00008498                PROVIDE (__ram_rodata_start, ABSOLUTE (.))
                0x00008498                . = ALIGN (0x4)
 *(.rodata .rodata.* .gnu.linkonce.r.*)
 .rodata.str1.4
                0x00008498       0x18 obj/hello_world_small.o
 *(.rodata1)
                0x000084b0                . = ALIGN (0x4)
                0x000084b0                PROVIDE (__ram_rodata_end, ABSOLUTE (.))
                0x00008498                PROVIDE (__flash_rodata_start, LOADADDR (.rodata))

.rwdata         0x000084b0        0x4 load address 0x000084b4
                0x000084b0                PROVIDE (__ram_rwdata_start, ABSOLUTE (.))
                0x000084b0                . = ALIGN (0x4)
 *(.got.plt)
 *(.got)
 *(.data1)
 *(.data .data.* .gnu.linkonce.d.*)
 .data          0x000084b0        0x0 ../Pwm_test_bsp//obj/HAL/src/crt0.o
 .data          0x000084b0        0x0 obj/hello_world_small.o
 .data          0x000084b0        0x0 ../Pwm_test_bsp/\libhal_bsp.a(alt_load.o)
 .data          0x000084b0        0x0 ../Pwm_test_bsp/\libhal_bsp.a(alt_main.o)
 .data          0x000084b0        0x0 ../Pwm_test_bsp/\libhal_bsp.a(alt_putstr.o)
 .data          0x000084b0        0x0 ../Pwm_test_bsp/\libhal_bsp.a(alt_usleep.o)
 .data          0x000084b0        0x0 ../Pwm_test_bsp/\libhal_bsp.a(alt_sys_init.o)
 .data          0x000084b0        0x0 ../Pwm_test_bsp/\libhal_bsp.a(altera_avalon_jtag_uart_write.o)
 .data          0x000084b0        0x0 ../Pwm_test_bsp/\libhal_bsp.a(alt_busy_sleep.o)
 .data          0x000084b0        0x0 ../Pwm_test_bsp/\libhal_bsp.a(alt_dcache_flush_all.o)
 .data          0x000084b0        0x0 ../Pwm_test_bsp/\libhal_bsp.a(alt_icache_flush_all.o)
 .data          0x000084b0        0x0 ../Pwm_test_bsp/\libhal_bsp.a(altera_nios2_irq.o)
 .data          0x000084b0        0x0 c:/altera/11.0sp1/nios2eds/bin/gnu/h-i686-mingw32/bin/../lib/gcc/nios2-elf/4.1.2/../../../../nios2-elf/lib/mno-hw-mul\libsmallc.a(lib_a-strlen.o)
 .data          0x000084b0        0x0 c:/altera/11.0sp1/nios2eds/bin/gnu/h-i686-mingw32/bin/../lib/gcc/nios2-elf/4.1.2/mno-hw-mul\libgcc.a(lib2-divmod.o)
 .data          0x000084b0        0x0 c:/altera/11.0sp1/nios2eds/bin/gnu/h-i686-mingw32/bin/../lib/gcc/nios2-elf/4.1.2/mno-hw-mul\libgcc.a(lib2-mul.o)
                0x000104b0                _gp = ABSOLUTE ((. + 0x8000))
                0x000104b0                PROVIDE (gp, _gp)
 *(.rwdata .rwdata.*)
 *(.sdata .sdata.* .gnu.linkonce.s.*)
 .sdata         0x000084b0        0x4 ../Pwm_test_bsp/\libhal_bsp.a(alt_sys_init.o)
                0x000084b0                jtag_uart_0
 *(.sdata2 .sdata2.* .gnu.linkonce.s2.*)
                0x000084b4                . = ALIGN (0x4)
                0x000084b4                _edata = ABSOLUTE (.)
                0x000084b4                PROVIDE (edata, ABSOLUTE (.))
                0x000084b4                PROVIDE (__ram_rwdata_end, ABSOLUTE (.))
                0x000084b4                PROVIDE (__flash_rwdata_start, LOADADDR (.rwdata))

.bss            0x000084b8        0xc
                0x000084b8                __bss_start = ABSOLUTE (.)
                0x000084b8                PROVIDE (__sbss_start, ABSOLUTE (.))
                0x000084b8                PROVIDE (___sbss_start, ABSOLUTE (.))
 *(.dynsbss)
 *(.sbss .sbss.* .gnu.linkonce.sb.*)
 .sbss          0x000084b8        0xc ../Pwm_test_bsp/\libhal_bsp.a(alt_main.o)
                0x000084b8                alt_argc
                0x000084bc                alt_argv
                0x000084c0                alt_envp
 *(.sbss2 .sbss2.* .gnu.linkonce.sb2.*)
 *(.scommon)
                0x000084c4                PROVIDE (__sbss_end, ABSOLUTE (.))
                0x000084c4                PROVIDE (___sbss_end, ABSOLUTE (.))
 *(.dynbss)
 *(.bss .bss.* .gnu.linkonce.b.*)
 .bss           0x000084c4        0x0 ../Pwm_test_bsp//obj/HAL/src/crt0.o
 .bss           0x000084c4        0x0 obj/hello_world_small.o
 .bss           0x000084c4        0x0 ../Pwm_test_bsp/\libhal_bsp.a(alt_load.o)
 .bss           0x000084c4        0x0 ../Pwm_test_bsp/\libhal_bsp.a(alt_main.o)
 .bss           0x000084c4        0x0 ../Pwm_test_bsp/\libhal_bsp.a(alt_putstr.o)
 .bss           0x000084c4        0x0 ../Pwm_test_bsp/\libhal_bsp.a(alt_usleep.o)
 .bss           0x000084c4        0x0 ../Pwm_test_bsp/\libhal_bsp.a(alt_sys_init.o)
 .bss           0x000084c4        0x0 ../Pwm_test_bsp/\libhal_bsp.a(altera_avalon_jtag_uart_write.o)
 .bss           0x000084c4        0x0 ../Pwm_test_bsp/\libhal_bsp.a(alt_busy_sleep.o)
 .bss           0x000084c4        0x0 ../Pwm_test_bsp/\libhal_bsp.a(alt_dcache_flush_all.o)
 .bss           0x000084c4        0x0 ../Pwm_test_bsp/\libhal_bsp.a(alt_icache_flush_all.o)
 .bss           0x000084c4        0x0 ../Pwm_test_bsp/\libhal_bsp.a(altera_nios2_irq.o)
 .bss           0x000084c4        0x0 c:/altera/11.0sp1/nios2eds/bin/gnu/h-i686-mingw32/bin/../lib/gcc/nios2-elf/4.1.2/../../../../nios2-elf/lib/mno-hw-mul\libsmallc.a(lib_a-strlen.o)
 .bss           0x000084c4        0x0 c:/altera/11.0sp1/nios2eds/bin/gnu/h-i686-mingw32/bin/../lib/gcc/nios2-elf/4.1.2/mno-hw-mul\libgcc.a(lib2-divmod.o)
 .bss           0x000084c4        0x0 c:/altera/11.0sp1/nios2eds/bin/gnu/h-i686-mingw32/bin/../lib/gcc/nios2-elf/4.1.2/mno-hw-mul\libgcc.a(lib2-mul.o)
 *(COMMON)
                0x000084c4                . = ALIGN (0x4)
                0x000084c4                __bss_end = ABSOLUTE (.)

.onchip_memory2_0
                0x000084c4        0x0
                0x000084c4                PROVIDE (_alt_partition_onchip_memory2_0_start, ABSOLUTE (.))
 *(.onchip_memory2_0. onchip_memory2_0.*)
                0x000084c4                . = ALIGN (0x4)
                0x000084c4                PROVIDE (_alt_partition_onchip_memory2_0_end, ABSOLUTE (.))
                0x000084c4                _end = ABSOLUTE (.)
                0x000084c4                end = ABSOLUTE (.)
                0x000084c4                __alt_stack_base = ABSOLUTE (.)
                0x000084c4                PROVIDE (_alt_partition_onchip_memory2_0_load_addr, LOADADDR (.onchip_memory2_0))

.stab
 *(.stab)

.stabstr
 *(.stabstr)

.stab.excl
 *(.stab.excl)

.stab.exclstr
 *(.stab.exclstr)

.stab.index
 *(.stab.index)

.stab.indexstr
 *(.stab.indexstr)

.comment        0x00000000       0x26
 *(.comment)
 .comment       0x00000000       0x26 obj/hello_world_small.o
                                 0x27 (size before relaxing)
 .comment       0x00000000       0x27 ../Pwm_test_bsp/\libhal_bsp.a(alt_load.o)
 .comment       0x00000000       0x27 ../Pwm_test_bsp/\libhal_bsp.a(alt_main.o)
 .comment       0x00000000       0x27 ../Pwm_test_bsp/\libhal_bsp.a(alt_putstr.o)
 .comment       0x00000000       0x27 ../Pwm_test_bsp/\libhal_bsp.a(alt_usleep.o)
 .comment       0x00000000       0x27 ../Pwm_test_bsp/\libhal_bsp.a(alt_sys_init.o)
 .comment       0x00000000       0x27 ../Pwm_test_bsp/\libhal_bsp.a(altera_avalon_jtag_uart_write.o)
 .comment       0x00000000       0x27 ../Pwm_test_bsp/\libhal_bsp.a(alt_busy_sleep.o)
 .comment       0x00000000       0x27 ../Pwm_test_bsp/\libhal_bsp.a(alt_dcache_flush_all.o)
 .comment       0x00000000       0x27 ../Pwm_test_bsp/\libhal_bsp.a(alt_icache_flush_all.o)
 .comment       0x00000000       0x27 ../Pwm_test_bsp/\libhal_bsp.a(altera_nios2_irq.o)
 .comment       0x00000000       0x27 c:/altera/11.0sp1/nios2eds/bin/gnu/h-i686-mingw32/bin/../lib/gcc/nios2-elf/4.1.2/../../../../nios2-elf/lib/mno-hw-mul\libsmallc.a(lib_a-strlen.o)
 .comment       0x00000000       0x27 c:/altera/11.0sp1/nios2eds/bin/gnu/h-i686-mingw32/bin/../lib/gcc/nios2-elf/4.1.2/mno-hw-mul\libgcc.a(lib2-divmod.o)
 .comment       0x00000000       0x27 c:/altera/11.0sp1/nios2eds/bin/gnu/h-i686-mingw32/bin/../lib/gcc/nios2-elf/4.1.2/mno-hw-mul\libgcc.a(lib2-mul.o)

.debug
 *(.debug)

.line
 *(.line)

.debug_srcinfo
 *(.debug_srcinfo)

.debug_sfnames
 *(.debug_sfnames)

.debug_aranges  0x00000000      0x1e8
 *(.debug_aranges)
 .debug_aranges
                0x00000000       0x28 ../Pwm_test_bsp//obj/HAL/src/crt0.o
 .debug_aranges
                0x00000028       0x20 obj/hello_world_small.o
 .debug_aranges
                0x00000048       0x20 ../Pwm_test_bsp/\libhal_bsp.a(alt_load.o)
 .debug_aranges
                0x00000068       0x20 ../Pwm_test_bsp/\libhal_bsp.a(alt_main.o)
 .debug_aranges
                0x00000088       0x20 ../Pwm_test_bsp/\libhal_bsp.a(alt_putstr.o)
 .debug_aranges
                0x000000a8       0x20 ../Pwm_test_bsp/\libhal_bsp.a(alt_usleep.o)
 .debug_aranges
                0x000000c8       0x20 ../Pwm_test_bsp/\libhal_bsp.a(alt_sys_init.o)
 .debug_aranges
                0x000000e8       0x20 ../Pwm_test_bsp/\libhal_bsp.a(altera_avalon_jtag_uart_write.o)
 .debug_aranges
                0x00000108       0x20 ../Pwm_test_bsp/\libhal_bsp.a(alt_busy_sleep.o)
 .debug_aranges
                0x00000128       0x20 ../Pwm_test_bsp/\libhal_bsp.a(alt_dcache_flush_all.o)
 .debug_aranges
                0x00000148       0x20 ../Pwm_test_bsp/\libhal_bsp.a(alt_icache_flush_all.o)
 .debug_aranges
                0x00000168       0x20 ../Pwm_test_bsp/\libhal_bsp.a(altera_nios2_irq.o)
 .debug_aranges
                0x00000188       0x20 c:/altera/11.0sp1/nios2eds/bin/gnu/h-i686-mingw32/bin/../lib/gcc/nios2-elf/4.1.2/../../../../nios2-elf/lib/mno-hw-mul\libsmallc.a(lib_a-strlen.o)
 .debug_aranges
                0x000001a8       0x20 c:/altera/11.0sp1/nios2eds/bin/gnu/h-i686-mingw32/bin/../lib/gcc/nios2-elf/4.1.2/mno-hw-mul\libgcc.a(lib2-divmod.o)
 .debug_aranges
                0x000001c8       0x20 c:/altera/11.0sp1/nios2eds/bin/gnu/h-i686-mingw32/bin/../lib/gcc/nios2-elf/4.1.2/mno-hw-mul\libgcc.a(lib2-mul.o)

.debug_pubnames
                0x00000000      0x261
 *(.debug_pubnames)
 .debug_pubnames
                0x00000000       0x1b obj/hello_world_small.o
 .debug_pubnames
                0x0000001b       0x1f ../Pwm_test_bsp/\libhal_bsp.a(alt_load.o)
 .debug_pubnames
                0x0000003a       0x46 ../Pwm_test_bsp/\libhal_bsp.a(alt_main.o)
 .debug_pubnames
                0x00000080       0x21 ../Pwm_test_bsp/\libhal_bsp.a(alt_putstr.o)
 .debug_pubnames
                0x000000a1       0x1d ../Pwm_test_bsp/\libhal_bsp.a(alt_usleep.o)
 .debug_pubnames
                0x000000be       0x44 ../Pwm_test_bsp/\libhal_bsp.a(alt_sys_init.o)
 .debug_pubnames
                0x00000102       0x34 ../Pwm_test_bsp/\libhal_bsp.a(altera_avalon_jtag_uart_write.o)
 .debug_pubnames
                0x00000136       0x25 ../Pwm_test_bsp/\libhal_bsp.a(alt_busy_sleep.o)
 .debug_pubnames
                0x0000015b       0x2b ../Pwm_test_bsp/\libhal_bsp.a(alt_dcache_flush_all.o)
 .debug_pubnames
                0x00000186       0x2b ../Pwm_test_bsp/\libhal_bsp.a(alt_icache_flush_all.o)
 .debug_pubnames
                0x000001b1       0x2c ../Pwm_test_bsp/\libhal_bsp.a(altera_nios2_irq.o)
 .debug_pubnames
                0x000001dd       0x1d c:/altera/11.0sp1/nios2eds/bin/gnu/h-i686-mingw32/bin/../lib/gcc/nios2-elf/4.1.2/../../../../nios2-elf/lib/mno-hw-mul\libsmallc.a(lib_a-strlen.o)
 .debug_pubnames
                0x000001fa       0x48 c:/altera/11.0sp1/nios2eds/bin/gnu/h-i686-mingw32/bin/../lib/gcc/nios2-elf/4.1.2/mno-hw-mul\libgcc.a(lib2-divmod.o)
 .debug_pubnames
                0x00000242       0x1f c:/altera/11.0sp1/nios2eds/bin/gnu/h-i686-mingw32/bin/../lib/gcc/nios2-elf/4.1.2/mno-hw-mul\libgcc.a(lib2-mul.o)

.debug_info     0x00000000      0xe46
 *(.debug_info .gnu.linkonce.wi.*)
 .debug_info    0x00000000       0x9d ../Pwm_test_bsp//obj/HAL/src/crt0.o
 .debug_info    0x0000009d       0x92 obj/hello_world_small.o
 .debug_info    0x0000012f      0x12e ../Pwm_test_bsp/\libhal_bsp.a(alt_load.o)
 .debug_info    0x0000025d      0x125 ../Pwm_test_bsp/\libhal_bsp.a(alt_main.o)
 .debug_info    0x00000382       0xc5 ../Pwm_test_bsp/\libhal_bsp.a(alt_putstr.o)
 .debug_info    0x00000447       0xab ../Pwm_test_bsp/\libhal_bsp.a(alt_usleep.o)
 .debug_info    0x000004f2      0x17d ../Pwm_test_bsp/\libhal_bsp.a(alt_sys_init.o)
 .debug_info    0x0000066f      0x18f ../Pwm_test_bsp/\libhal_bsp.a(altera_avalon_jtag_uart_write.o)
 .debug_info    0x000007fe       0xd0 ../Pwm_test_bsp/\libhal_bsp.a(alt_busy_sleep.o)
 .debug_info    0x000008ce       0x8d ../Pwm_test_bsp/\libhal_bsp.a(alt_dcache_flush_all.o)
 .debug_info    0x0000095b       0x8d ../Pwm_test_bsp/\libhal_bsp.a(alt_icache_flush_all.o)
 .debug_info    0x000009e8       0x8d ../Pwm_test_bsp/\libhal_bsp.a(altera_nios2_irq.o)
 .debug_info    0x00000a75       0xc2 c:/altera/11.0sp1/nios2eds/bin/gnu/h-i686-mingw32/bin/../lib/gcc/nios2-elf/4.1.2/../../../../nios2-elf/lib/mno-hw-mul\libsmallc.a(lib_a-strlen.o)
 .debug_info    0x00000b37      0x21c c:/altera/11.0sp1/nios2eds/bin/gnu/h-i686-mingw32/bin/../lib/gcc/nios2-elf/4.1.2/mno-hw-mul\libgcc.a(lib2-divmod.o)
 .debug_info    0x00000d53       0xf3 c:/altera/11.0sp1/nios2eds/bin/gnu/h-i686-mingw32/bin/../lib/gcc/nios2-elf/4.1.2/mno-hw-mul\libgcc.a(lib2-mul.o)

.debug_abbrev   0x00000000      0x745
 *(.debug_abbrev)
 .debug_abbrev  0x00000000       0x12 ../Pwm_test_bsp//obj/HAL/src/crt0.o
 .debug_abbrev  0x00000012       0x3f obj/hello_world_small.o
 .debug_abbrev  0x00000051       0x97 ../Pwm_test_bsp/\libhal_bsp.a(alt_load.o)
 .debug_abbrev  0x000000e8       0xa6 ../Pwm_test_bsp/\libhal_bsp.a(alt_main.o)
 .debug_abbrev  0x0000018e       0x7c ../Pwm_test_bsp/\libhal_bsp.a(alt_putstr.o)
 .debug_abbrev  0x0000020a       0x5d ../Pwm_test_bsp/\libhal_bsp.a(alt_usleep.o)
 .debug_abbrev  0x00000267       0xe3 ../Pwm_test_bsp/\libhal_bsp.a(alt_sys_init.o)
 .debug_abbrev  0x0000034a       0xf0 ../Pwm_test_bsp/\libhal_bsp.a(altera_avalon_jtag_uart_write.o)
 .debug_abbrev  0x0000043a       0x79 ../Pwm_test_bsp/\libhal_bsp.a(alt_busy_sleep.o)
 .debug_abbrev  0x000004b3       0x3f ../Pwm_test_bsp/\libhal_bsp.a(alt_dcache_flush_all.o)
 .debug_abbrev  0x000004f2       0x3f ../Pwm_test_bsp/\libhal_bsp.a(alt_icache_flush_all.o)
 .debug_abbrev  0x00000531       0x3f ../Pwm_test_bsp/\libhal_bsp.a(altera_nios2_irq.o)
 .debug_abbrev  0x00000570       0x7a c:/altera/11.0sp1/nios2eds/bin/gnu/h-i686-mingw32/bin/../lib/gcc/nios2-elf/4.1.2/../../../../nios2-elf/lib/mno-hw-mul\libsmallc.a(lib_a-strlen.o)
 .debug_abbrev  0x000005ea       0xe0 c:/altera/11.0sp1/nios2eds/bin/gnu/h-i686-mingw32/bin/../lib/gcc/nios2-elf/4.1.2/mno-hw-mul\libgcc.a(lib2-divmod.o)
 .debug_abbrev  0x000006ca       0x7b c:/altera/11.0sp1/nios2eds/bin/gnu/h-i686-mingw32/bin/../lib/gcc/nios2-elf/4.1.2/mno-hw-mul\libgcc.a(lib2-mul.o)

.debug_line     0x00000000     0x1e2e
 *(.debug_line)
 .debug_line    0x00000000       0x66 ../Pwm_test_bsp//obj/HAL/src/crt0.o
 .debug_line    0x00000066      0x250 obj/hello_world_small.o
 .debug_line    0x000002b6      0x217 ../Pwm_test_bsp/\libhal_bsp.a(alt_load.o)
 .debug_line    0x000004cd      0x2c2 ../Pwm_test_bsp/\libhal_bsp.a(alt_main.o)
 .debug_line    0x0000078f      0x1d9 ../Pwm_test_bsp/\libhal_bsp.a(alt_putstr.o)
 .debug_line    0x00000968      0x202 ../Pwm_test_bsp/\libhal_bsp.a(alt_usleep.o)
 .debug_line    0x00000b6a      0x286 ../Pwm_test_bsp/\libhal_bsp.a(alt_sys_init.o)
 .debug_line    0x00000df0      0x2f4 ../Pwm_test_bsp/\libhal_bsp.a(altera_avalon_jtag_uart_write.o)
 .debug_line    0x000010e4      0x25e ../Pwm_test_bsp/\libhal_bsp.a(alt_busy_sleep.o)
 .debug_line    0x00001342      0x1b5 ../Pwm_test_bsp/\libhal_bsp.a(alt_dcache_flush_all.o)
 .debug_line    0x000014f7      0x1b5 ../Pwm_test_bsp/\libhal_bsp.a(alt_icache_flush_all.o)
 .debug_line    0x000016ac      0x1c9 ../Pwm_test_bsp/\libhal_bsp.a(altera_nios2_irq.o)
 .debug_line    0x00001875      0x250 c:/altera/11.0sp1/nios2eds/bin/gnu/h-i686-mingw32/bin/../lib/gcc/nios2-elf/4.1.2/../../../../nios2-elf/lib/mno-hw-mul\libsmallc.a(lib_a-strlen.o)
 .debug_line    0x00001ac5      0x24f c:/altera/11.0sp1/nios2eds/bin/gnu/h-i686-mingw32/bin/../lib/gcc/nios2-elf/4.1.2/mno-hw-mul\libgcc.a(lib2-divmod.o)
 .debug_line    0x00001d14      0x11a c:/altera/11.0sp1/nios2eds/bin/gnu/h-i686-mingw32/bin/../lib/gcc/nios2-elf/4.1.2/mno-hw-mul\libgcc.a(lib2-mul.o)

.debug_frame    0x00000000      0x268
 *(.debug_frame)
 .debug_frame   0x00000000       0x30 obj/hello_world_small.o
 .debug_frame   0x00000030       0x38 ../Pwm_test_bsp/\libhal_bsp.a(alt_load.o)
 .debug_frame   0x00000068       0x28 ../Pwm_test_bsp/\libhal_bsp.a(alt_main.o)
 .debug_frame   0x00000090       0x28 ../Pwm_test_bsp/\libhal_bsp.a(alt_putstr.o)
 .debug_frame   0x000000b8       0x20 ../Pwm_test_bsp/\libhal_bsp.a(alt_usleep.o)
 .debug_frame   0x000000d8       0x38 ../Pwm_test_bsp/\libhal_bsp.a(alt_sys_init.o)
 .debug_frame   0x00000110       0x20 ../Pwm_test_bsp/\libhal_bsp.a(altera_avalon_jtag_uart_write.o)
 .debug_frame   0x00000130       0x28 ../Pwm_test_bsp/\libhal_bsp.a(alt_busy_sleep.o)
 .debug_frame   0x00000158       0x20 ../Pwm_test_bsp/\libhal_bsp.a(alt_dcache_flush_all.o)
 .debug_frame   0x00000178       0x20 ../Pwm_test_bsp/\libhal_bsp.a(alt_icache_flush_all.o)
 .debug_frame   0x00000198       0x20 ../Pwm_test_bsp/\libhal_bsp.a(altera_nios2_irq.o)
 .debug_frame   0x000001b8       0x20 c:/altera/11.0sp1/nios2eds/bin/gnu/h-i686-mingw32/bin/../lib/gcc/nios2-elf/4.1.2/../../../../nios2-elf/lib/mno-hw-mul\libsmallc.a(lib_a-strlen.o)
 .debug_frame   0x000001d8       0x70 c:/altera/11.0sp1/nios2eds/bin/gnu/h-i686-mingw32/bin/../lib/gcc/nios2-elf/4.1.2/mno-hw-mul\libgcc.a(lib2-divmod.o)
 .debug_frame   0x00000248       0x20 c:/altera/11.0sp1/nios2eds/bin/gnu/h-i686-mingw32/bin/../lib/gcc/nios2-elf/4.1.2/mno-hw-mul\libgcc.a(lib2-mul.o)

.debug_str      0x00000000      0x6fe
 *(.debug_str)
 .debug_str     0x00000000       0xd8 obj/hello_world_small.o
                                0x116 (size before relaxing)
 .debug_str     0x000000d8      0x15d ../Pwm_test_bsp/\libhal_bsp.a(alt_load.o)
                                0x1f2 (size before relaxing)
 .debug_str     0x00000235       0x75 ../Pwm_test_bsp/\libhal_bsp.a(alt_main.o)
                                0x176 (size before relaxing)
 .debug_str     0x000002aa       0x4c ../Pwm_test_bsp/\libhal_bsp.a(alt_putstr.o)
                                0x14d (size before relaxing)
 .debug_str     0x000002f6       0x27 ../Pwm_test_bsp/\libhal_bsp.a(alt_usleep.o)
                                0x128 (size before relaxing)
 .debug_str     0x0000031d       0x85 ../Pwm_test_bsp/\libhal_bsp.a(alt_sys_init.o)
                                0x1eb (size before relaxing)
 .debug_str     0x000003a2       0x56 ../Pwm_test_bsp/\libhal_bsp.a(altera_avalon_jtag_uart_write.o)
                                0x1ee (size before relaxing)
 .debug_str     0x000003f8       0x42 ../Pwm_test_bsp/\libhal_bsp.a(alt_busy_sleep.o)
                                0x14b (size before relaxing)
 .debug_str     0x0000043a       0x34 ../Pwm_test_bsp/\libhal_bsp.a(alt_dcache_flush_all.o)
                                0x135 (size before relaxing)
 .debug_str     0x0000046e       0x34 ../Pwm_test_bsp/\libhal_bsp.a(alt_icache_flush_all.o)
                                0x135 (size before relaxing)
 .debug_str     0x000004a2       0x31 ../Pwm_test_bsp/\libhal_bsp.a(altera_nios2_irq.o)
                                0x132 (size before relaxing)
 .debug_str     0x000004d3       0xe9 c:/altera/11.0sp1/nios2eds/bin/gnu/h-i686-mingw32/bin/../lib/gcc/nios2-elf/4.1.2/../../../../nios2-elf/lib/mno-hw-mul\libsmallc.a(lib_a-strlen.o)
                                0x184 (size before relaxing)
 .debug_str     0x000005bc      0x10b c:/altera/11.0sp1/nios2eds/bin/gnu/h-i686-mingw32/bin/../lib/gcc/nios2-elf/4.1.2/mno-hw-mul\libgcc.a(lib2-divmod.o)
                                0x1b4 (size before relaxing)
 .debug_str     0x000006c7       0x37 c:/altera/11.0sp1/nios2eds/bin/gnu/h-i686-mingw32/bin/../lib/gcc/nios2-elf/4.1.2/mno-hw-mul\libgcc.a(lib2-mul.o)
                                0x175 (size before relaxing)

.debug_loc      0x00000000      0x39f
 *(.debug_loc)
 .debug_loc     0x00000000       0x1f obj/hello_world_small.o
 .debug_loc     0x0000001f       0x1f ../Pwm_test_bsp/\libhal_bsp.a(alt_load.o)
 .debug_loc     0x0000003e       0x1f ../Pwm_test_bsp/\libhal_bsp.a(alt_main.o)
 .debug_loc     0x0000005d       0x48 ../Pwm_test_bsp/\libhal_bsp.a(alt_putstr.o)
 .debug_loc     0x000000a5       0x13 ../Pwm_test_bsp/\libhal_bsp.a(alt_usleep.o)
 .debug_loc     0x000000b8       0x32 ../Pwm_test_bsp/\libhal_bsp.a(alt_sys_init.o)
 .debug_loc     0x000000ea       0x26 ../Pwm_test_bsp/\libhal_bsp.a(altera_avalon_jtag_uart_write.o)
 .debug_loc     0x00000110       0x50 ../Pwm_test_bsp/\libhal_bsp.a(alt_busy_sleep.o)
 .debug_loc     0x00000160       0x1e c:/altera/11.0sp1/nios2eds/bin/gnu/h-i686-mingw32/bin/../lib/gcc/nios2-elf/4.1.2/../../../../nios2-elf/lib/mno-hw-mul\libsmallc.a(lib_a-strlen.o)
 .debug_loc     0x0000017e      0x1d2 c:/altera/11.0sp1/nios2eds/bin/gnu/h-i686-mingw32/bin/../lib/gcc/nios2-elf/4.1.2/mno-hw-mul\libgcc.a(lib2-divmod.o)
 .debug_loc     0x00000350       0x4f c:/altera/11.0sp1/nios2eds/bin/gnu/h-i686-mingw32/bin/../lib/gcc/nios2-elf/4.1.2/mno-hw-mul\libgcc.a(lib2-mul.o)

.debug_macinfo
 *(.debug_macinfo)

.debug_weaknames
 *(.debug_weaknames)

.debug_funcnames
 *(.debug_funcnames)

.debug_typenames
 *(.debug_typenames)

.debug_varnames
 *(.debug_varnames)

.debug_alt_sim_info
                0x00000000       0x40
 *(.debug_alt_sim_info)
 .debug_alt_sim_info
                0x00000000       0x10 ../Pwm_test_bsp//obj/HAL/src/crt0.o
 .debug_alt_sim_info
                0x00000010       0x30 ../Pwm_test_bsp/\libhal_bsp.a(alt_busy_sleep.o)
                0x0000d000                __alt_data_end = 0xd000
                0x0000d000                PROVIDE (__alt_stack_pointer, __alt_data_end)
                0x000084c4                PROVIDE (__alt_stack_limit, __alt_stack_base)
                0x000084c4                PROVIDE (__alt_heap_start, end)
                0x0000d000                PROVIDE (__alt_heap_limit, 0xd000)
OUTPUT(Pwm_test.elf elf32-littlenios2)

.debug_ranges   0x00000000       0x20
 .debug_ranges  0x00000000       0x20 ../Pwm_test_bsp//obj/HAL/src/crt0.o
