Archive member included because of file (symbol)

c:/altera/11.0sp1/nios2eds/bin/gnu/h-i686-mingw32/bin/../lib/gcc/nios2-elf/4.1.2/../../../../nios2-elf/lib/mno-hw-mul\libsmallc.a(lib_a-printf.o)
                              obj/hello_world_small.o (printf)
c:/altera/11.0sp1/nios2eds/bin/gnu/h-i686-mingw32/bin/../lib/gcc/nios2-elf/4.1.2/../../../../nios2-elf/lib/mno-hw-mul\libsmallc.a(lib_a-vfprintf.o)
                              c:/altera/11.0sp1/nios2eds/bin/gnu/h-i686-mingw32/bin/../lib/gcc/nios2-elf/4.1.2/../../../../nios2-elf/lib/mno-hw-mul\libsmallc.a(lib_a-printf.o) (___vfprintf_internal_r)
c:/altera/11.0sp1/nios2eds/bin/gnu/h-i686-mingw32/bin/../lib/gcc/nios2-elf/4.1.2/../../../../nios2-elf/lib/mno-hw-mul\libsmallc.a(lib_a-fvwrite_small_dev.o)
                              c:/altera/11.0sp1/nios2eds/bin/gnu/h-i686-mingw32/bin/../lib/gcc/nios2-elf/4.1.2/../../../../nios2-elf/lib/mno-hw-mul\libsmallc.a(lib_a-printf.o) (__sfvwrite_small_dev)
c:/altera/11.0sp1/nios2eds/bin/gnu/h-i686-mingw32/bin/../lib/gcc/nios2-elf/4.1.2/../../../../nios2-elf/lib/mno-hw-mul\libsmallc.a(lib_a-impure.o)
                              c:/altera/11.0sp1/nios2eds/bin/gnu/h-i686-mingw32/bin/../lib/gcc/nios2-elf/4.1.2/../../../../nios2-elf/lib/mno-hw-mul\libsmallc.a(lib_a-printf.o) (_impure_ptr)
c:/altera/11.0sp1/nios2eds/bin/gnu/h-i686-mingw32/bin/../lib/gcc/nios2-elf/4.1.2/../../../../nios2-elf/lib/mno-hw-mul\libsmallc.a(lib_a-strlen.o)
                              c:/altera/11.0sp1/nios2eds/bin/gnu/h-i686-mingw32/bin/../lib/gcc/nios2-elf/4.1.2/../../../../nios2-elf/lib/mno-hw-mul\libsmallc.a(lib_a-vfprintf.o) (strlen)
c:/altera/11.0sp1/nios2eds/bin/gnu/h-i686-mingw32/bin/../lib/gcc/nios2-elf/4.1.2/../../../../nios2-elf/lib/mno-hw-mul\libsmallc.a(lib_a-writer.o)
                              c:/altera/11.0sp1/nios2eds/bin/gnu/h-i686-mingw32/bin/../lib/gcc/nios2-elf/4.1.2/../../../../nios2-elf/lib/mno-hw-mul\libsmallc.a(lib_a-fvwrite_small_dev.o) (_write_r)
c:/altera/11.0sp1/nios2eds/bin/gnu/h-i686-mingw32/bin/../lib/gcc/nios2-elf/4.1.2/../../../../nios2-elf/lib/mno-hw-mul\libsmallc.a(lib_a-int_errno.o)
                              c:/altera/11.0sp1/nios2eds/bin/gnu/h-i686-mingw32/bin/../lib/gcc/nios2-elf/4.1.2/../../../../nios2-elf/lib/mno-hw-mul\libsmallc.a(lib_a-writer.o) (errno)
c:/altera/11.0sp1/nios2eds/bin/gnu/h-i686-mingw32/bin/../lib/gcc/nios2-elf/4.1.2/mno-hw-mul\libgcc.a(lib2-divmod.o)
                              c:/altera/11.0sp1/nios2eds/bin/gnu/h-i686-mingw32/bin/../lib/gcc/nios2-elf/4.1.2/../../../../nios2-elf/lib/mno-hw-mul\libsmallc.a(lib_a-vfprintf.o) (__udivsi3)
c:/altera/11.0sp1/nios2eds/bin/gnu/h-i686-mingw32/bin/../lib/gcc/nios2-elf/4.1.2/mno-hw-mul\libgcc.a(lib2-mul.o)
                              c:/altera/11.0sp1/nios2eds/bin/gnu/h-i686-mingw32/bin/../lib/gcc/nios2-elf/4.1.2/../../../../nios2-elf/lib/mno-hw-mul\libsmallc.a(lib_a-vfprintf.o) (__mulsi3)
../Pwm_test_bsp/\libhal_bsp.a(alt_load.o)
                              ../Pwm_test_bsp//obj/HAL/src/crt0.o (alt_load)
../Pwm_test_bsp/\libhal_bsp.a(alt_main.o)
                              ../Pwm_test_bsp//obj/HAL/src/crt0.o (alt_main)
../Pwm_test_bsp/\libhal_bsp.a(alt_putstr.o)
                              obj/hello_world_small.o (alt_putstr)
../Pwm_test_bsp/\libhal_bsp.a(alt_usleep.o)
                              obj/hello_world_small.o (usleep)
../Pwm_test_bsp/\libhal_bsp.a(alt_write.o)
                              c:/altera/11.0sp1/nios2eds/bin/gnu/h-i686-mingw32/bin/../lib/gcc/nios2-elf/4.1.2/../../../../nios2-elf/lib/mno-hw-mul\libsmallc.a(lib_a-writer.o) (write)
../Pwm_test_bsp/\libhal_bsp.a(alt_sys_init.o)
                              ../Pwm_test_bsp/\libhal_bsp.a(alt_main.o) (alt_sys_init)
../Pwm_test_bsp/\libhal_bsp.a(altera_avalon_jtag_uart_write.o)
                              ../Pwm_test_bsp/\libhal_bsp.a(alt_putstr.o) (altera_avalon_jtag_uart_write)
../Pwm_test_bsp/\libhal_bsp.a(alt_busy_sleep.o)
                              ../Pwm_test_bsp/\libhal_bsp.a(alt_usleep.o) (alt_busy_sleep)
../Pwm_test_bsp/\libhal_bsp.a(alt_dcache_flush_all.o)
                              ../Pwm_test_bsp/\libhal_bsp.a(alt_load.o) (alt_dcache_flush_all)
../Pwm_test_bsp/\libhal_bsp.a(alt_errno.o)
                              ../Pwm_test_bsp/\libhal_bsp.a(alt_write.o) (alt_errno)
../Pwm_test_bsp/\libhal_bsp.a(alt_icache_flush_all.o)
                              ../Pwm_test_bsp/\libhal_bsp.a(alt_load.o) (alt_icache_flush_all)
../Pwm_test_bsp/\libhal_bsp.a(altera_nios2_irq.o)
                              ../Pwm_test_bsp/\libhal_bsp.a(alt_sys_init.o) (altera_nios2_irq_init)

Allocating common symbols
Common symbol       size              file

errno               0x4               c:/altera/11.0sp1/nios2eds/bin/gnu/h-i686-mingw32/bin/../lib/gcc/nios2-elf/4.1.2/../../../../nios2-elf/lib/mno-hw-mul\libsmallc.a(lib_a-int_errno.o)

Memory Configuration

Name             Origin             Length             Attributes
reset            0x00008000         0x00000020
onchip_memory2_0 0x00008020         0x00004fe0
*default*        0x00000000         0xffffffff

Linker script and memory map

LOAD ../Pwm_test_bsp//obj/HAL/src/crt0.o
                0x0000800c                exit = _exit
LOAD obj/hello_world_small.o
LOAD c:/altera/11.0sp1/nios2eds/bin/gnu/h-i686-mingw32/bin/../lib/gcc/nios2-elf/4.1.2/../../../../nios2-elf/lib/mno-hw-mul\libstdc++.a
LOAD c:/altera/11.0sp1/nios2eds/bin/gnu/h-i686-mingw32/bin/../lib/gcc/nios2-elf/4.1.2/../../../../nios2-elf/lib/mno-hw-mul\libm.a
LOAD c:/altera/11.0sp1/nios2eds/bin/gnu/h-i686-mingw32/bin/../lib/gcc/nios2-elf/4.1.2/mno-hw-mul\libgcc.a
START GROUP
LOAD c:/altera/11.0sp1/nios2eds/bin/gnu/h-i686-mingw32/bin/../lib/gcc/nios2-elf/4.1.2/../../../../nios2-elf/lib/mno-hw-mul\libsmallc.a
LOAD c:/altera/11.0sp1/nios2eds/bin/gnu/h-i686-mingw32/bin/../lib/gcc/nios2-elf/4.1.2/mno-hw-mul\libgcc.a
LOAD ../Pwm_test_bsp/\libhal_bsp.a
END GROUP
LOAD c:/altera/11.0sp1/nios2eds/bin/gnu/h-i686-mingw32/bin/../lib/gcc/nios2-elf/4.1.2/mno-hw-mul\libgcc.a
                0x00008000                __alt_mem_onchip_memory2_0 = 0x8000

.entry          0x00008000       0x20
 *(.entry)
 .entry         0x00008000       0x20 ../Pwm_test_bsp//obj/HAL/src/crt0.o
                0x00008000                __reset
                0x0000800c                _exit

.exceptions     0x00008020        0x0
                0x00008020                PROVIDE (__ram_exceptions_start, ABSOLUTE (.))
                0x00008020                . = ALIGN (0x20)
 *(.irq)
 *(.exceptions.entry.label)
 *(.exceptions.entry.user)
 *(.exceptions.entry)
 *(.exceptions.irqtest.user)
 *(.exceptions.irqtest)
 *(.exceptions.irqhandler.user)
 *(.exceptions.irqhandler)
 *(.exceptions.irqreturn.user)
 *(.exceptions.irqreturn)
 *(.exceptions.notirq.label)
 *(.exceptions.notirq.user)
 *(.exceptions.notirq)
 *(.exceptions.soft.user)
 *(.exceptions.soft)
 *(.exceptions.unknown.user)
 *(.exceptions.unknown)
 *(.exceptions.exit.label)
 *(.exceptions.exit.user)
 *(.exceptions.exit)
 *(.exceptions)
                0x00008020                PROVIDE (__ram_exceptions_end, ABSOLUTE (.))
                0x00008020                PROVIDE (__flash_exceptions_start, LOADADDR (.exceptions))

.text           0x00008020      0xd90
                0x00008020                PROVIDE (stext, ABSOLUTE (.))
 *(.interp)
 *(.hash)
 *(.dynsym)
 *(.dynstr)
 *(.gnu.version)
 *(.gnu.version_d)
 *(.gnu.version_r)
 *(.rel.init)
 *(.rela.init)
 *(.rel.text .rel.text.* .rel.gnu.linkonce.t.*)
 *(.rela.text .rela.text.* .rela.gnu.linkonce.t.*)
 *(.rel.fini)
 *(.rela.fini)
 *(.rel.rodata .rel.rodata.* .rel.gnu.linkonce.r.*)
 *(.rela.rodata .rela.rodata.* .rela.gnu.linkonce.r.*)
 *(.rel.data .rel.data.* .rel.gnu.linkonce.d.*)
 *(.rela.data .rela.data.* .rela.gnu.linkonce.d.*)
 *(.rel.tdata .rel.tdata.* .rel.gnu.linkonce.td.*)
 *(.rela.tdata .rela.tdata.* .rela.gnu.linkonce.td.*)
 *(.rel.tbss .rel.tbss.* .rel.gnu.linkonce.tb.*)
 *(.rela.tbss .rela.tbss.* .rela.gnu.linkonce.tb.*)
 *(.rel.ctors)
 *(.rela.ctors)
 *(.rel.dtors)
 *(.rela.dtors)
 *(.rel.got)
 *(.rela.got)
 *(.rel.sdata .rel.sdata.* .rel.gnu.linkonce.s.*)
 *(.rela.sdata .rela.sdata.* .rela.gnu.linkonce.s.*)
 *(.rel.sbss .rel.sbss.* .rel.gnu.linkonce.sb.*)
 *(.rela.sbss .rela.sbss.* .rela.gnu.linkonce.sb.*)
 *(.rel.sdata2 .rel.sdata2.* .rel.gnu.linkonce.s2.*)
 *(.rela.sdata2 .rela.sdata2.* .rela.gnu.linkonce.s2.*)
 *(.rel.sbss2 .rel.sbss2.* .rel.gnu.linkonce.sb2.*)
 *(.rela.sbss2 .rela.sbss2.* .rela.gnu.linkonce.sb2.*)
 *(.rel.bss .rel.bss.* .rel.gnu.linkonce.b.*)
 *(.rela.bss .rela.bss.* .rela.gnu.linkonce.b.*)
 *(.rel.plt)
 *(.rela.plt)
 *(.rel.dyn)
 *(.init)
 *(.plt)
 *(.text .stub .text.* .gnu.linkonce.t.*)
 .text          0x00008020       0x3c ../Pwm_test_bsp//obj/HAL/src/crt0.o
                0x00008020                _start
 .text          0x0000805c       0xe0 obj/hello_world_small.o
                0x0000805c                main
 .text          0x0000813c       0x98 c:/altera/11.0sp1/nios2eds/bin/gnu/h-i686-mingw32/bin/../lib/gcc/nios2-elf/4.1.2/../../../../nios2-elf/lib/mno-hw-mul\libsmallc.a(lib_a-printf.o)
                0x0000813c                printf
                0x00008190                _printf_r
 .text          0x000081d4      0x6a4 c:/altera/11.0sp1/nios2eds/bin/gnu/h-i686-mingw32/bin/../lib/gcc/nios2-elf/4.1.2/../../../../nios2-elf/lib/mno-hw-mul\libsmallc.a(lib_a-vfprintf.o)
                0x00008254                ___vfprintf_internal_r
                0x00008854                __vfprintf_internal
 .text          0x00008878       0xbc c:/altera/11.0sp1/nios2eds/bin/gnu/h-i686-mingw32/bin/../lib/gcc/nios2-elf/4.1.2/../../../../nios2-elf/lib/mno-hw-mul\libsmallc.a(lib_a-fvwrite_small_dev.o)
                0x00008878                __sfvwrite_small_dev
 .text          0x00008934        0x0 c:/altera/11.0sp1/nios2eds/bin/gnu/h-i686-mingw32/bin/../lib/gcc/nios2-elf/4.1.2/../../../../nios2-elf/lib/mno-hw-mul\libsmallc.a(lib_a-impure.o)
 .text          0x00008934       0x20 c:/altera/11.0sp1/nios2eds/bin/gnu/h-i686-mingw32/bin/../lib/gcc/nios2-elf/4.1.2/../../../../nios2-elf/lib/mno-hw-mul\libsmallc.a(lib_a-strlen.o)
                0x00008934                strlen
 .text          0x00008954       0x78 c:/altera/11.0sp1/nios2eds/bin/gnu/h-i686-mingw32/bin/../lib/gcc/nios2-elf/4.1.2/../../../../nios2-elf/lib/mno-hw-mul\libsmallc.a(lib_a-writer.o)
                0x00008954                _write_r
 .text          0x000089cc        0x0 c:/altera/11.0sp1/nios2eds/bin/gnu/h-i686-mingw32/bin/../lib/gcc/nios2-elf/4.1.2/../../../../nios2-elf/lib/mno-hw-mul\libsmallc.a(lib_a-int_errno.o)
 .text          0x000089cc      0x14c c:/altera/11.0sp1/nios2eds/bin/gnu/h-i686-mingw32/bin/../lib/gcc/nios2-elf/4.1.2/mno-hw-mul\libgcc.a(lib2-divmod.o)
                0x00008a48                __divsi3
                0x00008aa8                __modsi3
                0x00008b08                __udivsi3
                0x00008b10                __umodsi3
 .text          0x00008b18       0x38 c:/altera/11.0sp1/nios2eds/bin/gnu/h-i686-mingw32/bin/../lib/gcc/nios2-elf/4.1.2/mno-hw-mul\libgcc.a(lib2-mul.o)
                0x00008b18                __mulsi3
 .text          0x00008b50       0x8c ../Pwm_test_bsp/\libhal_bsp.a(alt_load.o)
                0x00008b70                alt_load
 .text          0x00008bdc       0x2c ../Pwm_test_bsp/\libhal_bsp.a(alt_main.o)
                0x00008bdc                alt_main
 .text          0x00008c08       0x38 ../Pwm_test_bsp/\libhal_bsp.a(alt_putstr.o)
                0x00008c08                alt_putstr
 .text          0x00008c40        0x4 ../Pwm_test_bsp/\libhal_bsp.a(alt_usleep.o)
                0x00008c40                usleep
 .text          0x00008c44       0x78 ../Pwm_test_bsp/\libhal_bsp.a(alt_write.o)
                0x00008c44                write
 .text          0x00008cbc       0x24 ../Pwm_test_bsp/\libhal_bsp.a(alt_sys_init.o)
                0x00008cbc                alt_sys_init
                0x00008cc0                alt_irq_init
 .text          0x00008ce0       0x34 ../Pwm_test_bsp/\libhal_bsp.a(altera_avalon_jtag_uart_write.o)
                0x00008ce0                altera_avalon_jtag_uart_write
 .text          0x00008d14       0x8c ../Pwm_test_bsp/\libhal_bsp.a(alt_busy_sleep.o)
                0x00008d14                alt_busy_sleep
 .text          0x00008da0        0x4 ../Pwm_test_bsp/\libhal_bsp.a(alt_dcache_flush_all.o)
                0x00008da0                alt_dcache_flush_all
 .text          0x00008da4        0x0 ../Pwm_test_bsp/\libhal_bsp.a(alt_errno.o)
 .text          0x00008da4        0x4 ../Pwm_test_bsp/\libhal_bsp.a(alt_icache_flush_all.o)
                0x00008da4                alt_icache_flush_all
 .text          0x00008da8        0x8 ../Pwm_test_bsp/\libhal_bsp.a(altera_nios2_irq.o)
                0x00008da8                altera_nios2_irq_init
 *(.gnu.warning.*)
 *(.fini)
                0x00008db0                PROVIDE (__etext, ABSOLUTE (.))
                0x00008db0                PROVIDE (_etext, ABSOLUTE (.))
                0x00008db0                PROVIDE (etext, ABSOLUTE (.))
 *(.eh_frame_hdr)
                0x00008db0                . = ALIGN (0x4)
                0x00008db0                PROVIDE (__preinit_array_start, ABSOLUTE (.))
 *(.preinit_array)
                0x00008db0                PROVIDE (__preinit_array_end, ABSOLUTE (.))
                0x00008db0                PROVIDE (__init_array_start, ABSOLUTE (.))
 *(.init_array)
                0x00008db0                PROVIDE (__init_array_end, ABSOLUTE (.))
                0x00008db0                PROVIDE (__fini_array_start, ABSOLUTE (.))
 *(.fini_array)
                0x00008db0                PROVIDE (__fini_array_end, ABSOLUTE (.))
 *(.eh_frame)
 *(.gcc_except_table)
 *(.dynamic)
                0x00008db0                PROVIDE (__CTOR_LIST__, ABSOLUTE (.))
 *(.ctors)
 *(SORT(.ctors.*))
                0x00008db0                PROVIDE (__CTOR_END__, ABSOLUTE (.))
                0x00008db0                PROVIDE (__DTOR_LIST__, ABSOLUTE (.))
 *(.dtors)
 *(SORT(.dtors.*))
                0x00008db0                PROVIDE (__DTOR_END__, ABSOLUTE (.))
 *(.jcr)
                0x00008db0                . = ALIGN (0x4)

.rodata         0x00008db0       0x40
                0x00008db0                PROVIDE (__ram_rodata_start, ABSOLUTE (.))
                0x00008db0                . = ALIGN (0x4)
 *(.rodata .rodata.* .gnu.linkonce.r.*)
 .rodata.str1.4
                0x00008db0       0x40 obj/hello_world_small.o
 *(.rodata1)
                0x00008df0                . = ALIGN (0x4)
                0x00008df0                PROVIDE (__ram_rodata_end, ABSOLUTE (.))
                0x00008db0                PROVIDE (__flash_rodata_start, LOADADDR (.rodata))

.rwdata         0x00008df0       0xf0 load address 0x00008ee0
                0x00008df0                PROVIDE (__ram_rwdata_start, ABSOLUTE (.))
                0x00008df0                . = ALIGN (0x4)
 *(.got.plt)
 *(.got)
 *(.data1)
 *(.data .data.* .gnu.linkonce.d.*)
 .data          0x00008df0        0x0 ../Pwm_test_bsp//obj/HAL/src/crt0.o
 .data          0x00008df0        0x0 obj/hello_world_small.o
 .data          0x00008df0        0x0 c:/altera/11.0sp1/nios2eds/bin/gnu/h-i686-mingw32/bin/../lib/gcc/nios2-elf/4.1.2/../../../../nios2-elf/lib/mno-hw-mul\libsmallc.a(lib_a-printf.o)
 .data          0x00008df0        0x0 c:/altera/11.0sp1/nios2eds/bin/gnu/h-i686-mingw32/bin/../lib/gcc/nios2-elf/4.1.2/../../../../nios2-elf/lib/mno-hw-mul\libsmallc.a(lib_a-vfprintf.o)
 .data          0x00008df0        0x0 c:/altera/11.0sp1/nios2eds/bin/gnu/h-i686-mingw32/bin/../lib/gcc/nios2-elf/4.1.2/../../../../nios2-elf/lib/mno-hw-mul\libsmallc.a(lib_a-fvwrite_small_dev.o)
 .data          0x00008df0       0xe0 c:/altera/11.0sp1/nios2eds/bin/gnu/h-i686-mingw32/bin/../lib/gcc/nios2-elf/4.1.2/../../../../nios2-elf/lib/mno-hw-mul\libsmallc.a(lib_a-impure.o)
 .data          0x00008ed0        0x0 c:/altera/11.0sp1/nios2eds/bin/gnu/h-i686-mingw32/bin/../lib/gcc/nios2-elf/4.1.2/../../../../nios2-elf/lib/mno-hw-mul\libsmallc.a(lib_a-strlen.o)
 .data          0x00008ed0        0x0 c:/altera/11.0sp1/nios2eds/bin/gnu/h-i686-mingw32/bin/../lib/gcc/nios2-elf/4.1.2/../../../../nios2-elf/lib/mno-hw-mul\libsmallc.a(lib_a-writer.o)
 .data          0x00008ed0        0x0 c:/altera/11.0sp1/nios2eds/bin/gnu/h-i686-mingw32/bin/../lib/gcc/nios2-elf/4.1.2/../../../../nios2-elf/lib/mno-hw-mul\libsmallc.a(lib_a-int_errno.o)
 .data          0x00008ed0        0x0 c:/altera/11.0sp1/nios2eds/bin/gnu/h-i686-mingw32/bin/../lib/gcc/nios2-elf/4.1.2/mno-hw-mul\libgcc.a(lib2-divmod.o)
 .data          0x00008ed0        0x0 c:/altera/11.0sp1/nios2eds/bin/gnu/h-i686-mingw32/bin/../lib/gcc/nios2-elf/4.1.2/mno-hw-mul\libgcc.a(lib2-mul.o)
 .data          0x00008ed0        0x0 ../Pwm_test_bsp/\libhal_bsp.a(alt_load.o)
 .data          0x00008ed0        0x0 ../Pwm_test_bsp/\libhal_bsp.a(alt_main.o)
 .data          0x00008ed0        0x0 ../Pwm_test_bsp/\libhal_bsp.a(alt_putstr.o)
 .data          0x00008ed0        0x0 ../Pwm_test_bsp/\libhal_bsp.a(alt_usleep.o)
 .data          0x00008ed0        0x0 ../Pwm_test_bsp/\libhal_bsp.a(alt_write.o)
 .data          0x00008ed0        0x0 ../Pwm_test_bsp/\libhal_bsp.a(alt_sys_init.o)
 .data          0x00008ed0        0x0 ../Pwm_test_bsp/\libhal_bsp.a(altera_avalon_jtag_uart_write.o)
 .data          0x00008ed0        0x0 ../Pwm_test_bsp/\libhal_bsp.a(alt_busy_sleep.o)
 .data          0x00008ed0        0x0 ../Pwm_test_bsp/\libhal_bsp.a(alt_dcache_flush_all.o)
 .data          0x00008ed0        0x0 ../Pwm_test_bsp/\libhal_bsp.a(alt_errno.o)
 .data          0x00008ed0        0x0 ../Pwm_test_bsp/\libhal_bsp.a(alt_icache_flush_all.o)
 .data          0x00008ed0        0x0 ../Pwm_test_bsp/\libhal_bsp.a(altera_nios2_irq.o)
                0x00010ed0                _gp = ABSOLUTE ((. + 0x8000))
                0x00010ed0                PROVIDE (gp, _gp)
 *(.rwdata .rwdata.*)
 *(.sdata .sdata.* .gnu.linkonce.s.*)
 .sdata         0x00008ed0        0x8 c:/altera/11.0sp1/nios2eds/bin/gnu/h-i686-mingw32/bin/../lib/gcc/nios2-elf/4.1.2/../../../../nios2-elf/lib/mno-hw-mul\libsmallc.a(lib_a-impure.o)
                0x00008ed0                _impure_ptr
                0x00008ed4                _global_impure_ptr
 .sdata         0x00008ed8        0x4 ../Pwm_test_bsp/\libhal_bsp.a(alt_sys_init.o)
                0x00008ed8                jtag_uart_0
 .sdata         0x00008edc        0x4 ../Pwm_test_bsp/\libhal_bsp.a(alt_errno.o)
                0x00008edc                alt_errno
 *(.sdata2 .sdata2.* .gnu.linkonce.s2.*)
                0x00008ee0                . = ALIGN (0x4)
                0x00008ee0                _edata = ABSOLUTE (.)
                0x00008ee0                PROVIDE (edata, ABSOLUTE (.))
                0x00008ee0                PROVIDE (__ram_rwdata_end, ABSOLUTE (.))
                0x00008ee0                PROVIDE (__flash_rwdata_start, LOADADDR (.rwdata))

.bss            0x00008fd0       0x10
                0x00008fd0                __bss_start = ABSOLUTE (.)
                0x00008fd0                PROVIDE (__sbss_start, ABSOLUTE (.))
                0x00008fd0                PROVIDE (___sbss_start, ABSOLUTE (.))
 *(.dynsbss)
 *(.sbss .sbss.* .gnu.linkonce.sb.*)
 .sbss          0x00008fd0        0x4 c:/altera/11.0sp1/nios2eds/bin/gnu/h-i686-mingw32/bin/../lib/gcc/nios2-elf/4.1.2/../../../../nios2-elf/lib/mno-hw-mul\libsmallc.a(lib_a-int_errno.o)
                0x00008fd0                errno
 .sbss          0x00008fd4        0xc ../Pwm_test_bsp/\libhal_bsp.a(alt_main.o)
                0x00008fd4                alt_argc
                0x00008fd8                alt_argv
                0x00008fdc                alt_envp
 *(.sbss2 .sbss2.* .gnu.linkonce.sb2.*)
 *(.scommon)
                0x00008fe0                PROVIDE (__sbss_end, ABSOLUTE (.))
                0x00008fe0                PROVIDE (___sbss_end, ABSOLUTE (.))
 *(.dynbss)
 *(.bss .bss.* .gnu.linkonce.b.*)
 .bss           0x00008fe0        0x0 ../Pwm_test_bsp//obj/HAL/src/crt0.o
 .bss           0x00008fe0        0x0 obj/hello_world_small.o
 .bss           0x00008fe0        0x0 c:/altera/11.0sp1/nios2eds/bin/gnu/h-i686-mingw32/bin/../lib/gcc/nios2-elf/4.1.2/../../../../nios2-elf/lib/mno-hw-mul\libsmallc.a(lib_a-printf.o)
 .bss           0x00008fe0        0x0 c:/altera/11.0sp1/nios2eds/bin/gnu/h-i686-mingw32/bin/../lib/gcc/nios2-elf/4.1.2/../../../../nios2-elf/lib/mno-hw-mul\libsmallc.a(lib_a-vfprintf.o)
 .bss           0x00008fe0        0x0 c:/altera/11.0sp1/nios2eds/bin/gnu/h-i686-mingw32/bin/../lib/gcc/nios2-elf/4.1.2/../../../../nios2-elf/lib/mno-hw-mul\libsmallc.a(lib_a-fvwrite_small_dev.o)
 .bss           0x00008fe0        0x0 c:/altera/11.0sp1/nios2eds/bin/gnu/h-i686-mingw32/bin/../lib/gcc/nios2-elf/4.1.2/../../../../nios2-elf/lib/mno-hw-mul\libsmallc.a(lib_a-impure.o)
 .bss           0x00008fe0        0x0 c:/altera/11.0sp1/nios2eds/bin/gnu/h-i686-mingw32/bin/../lib/gcc/nios2-elf/4.1.2/../../../../nios2-elf/lib/mno-hw-mul\libsmallc.a(lib_a-strlen.o)
 .bss           0x00008fe0        0x0 c:/altera/11.0sp1/nios2eds/bin/gnu/h-i686-mingw32/bin/../lib/gcc/nios2-elf/4.1.2/../../../../nios2-elf/lib/mno-hw-mul\libsmallc.a(lib_a-writer.o)
 .bss           0x00008fe0        0x0 c:/altera/11.0sp1/nios2eds/bin/gnu/h-i686-mingw32/bin/../lib/gcc/nios2-elf/4.1.2/../../../../nios2-elf/lib/mno-hw-mul\libsmallc.a(lib_a-int_errno.o)
 .bss           0x00008fe0        0x0 c:/altera/11.0sp1/nios2eds/bin/gnu/h-i686-mingw32/bin/../lib/gcc/nios2-elf/4.1.2/mno-hw-mul\libgcc.a(lib2-divmod.o)
 .bss           0x00008fe0        0x0 c:/altera/11.0sp1/nios2eds/bin/gnu/h-i686-mingw32/bin/../lib/gcc/nios2-elf/4.1.2/mno-hw-mul\libgcc.a(lib2-mul.o)
 .bss           0x00008fe0        0x0 ../Pwm_test_bsp/\libhal_bsp.a(alt_load.o)
 .bss           0x00008fe0        0x0 ../Pwm_test_bsp/\libhal_bsp.a(alt_main.o)
 .bss           0x00008fe0        0x0 ../Pwm_test_bsp/\libhal_bsp.a(alt_putstr.o)
 .bss           0x00008fe0        0x0 ../Pwm_test_bsp/\libhal_bsp.a(alt_usleep.o)
 .bss           0x00008fe0        0x0 ../Pwm_test_bsp/\libhal_bsp.a(alt_write.o)
 .bss           0x00008fe0        0x0 ../Pwm_test_bsp/\libhal_bsp.a(alt_sys_init.o)
 .bss           0x00008fe0        0x0 ../Pwm_test_bsp/\libhal_bsp.a(altera_avalon_jtag_uart_write.o)
 .bss           0x00008fe0        0x0 ../Pwm_test_bsp/\libhal_bsp.a(alt_busy_sleep.o)
 .bss           0x00008fe0        0x0 ../Pwm_test_bsp/\libhal_bsp.a(alt_dcache_flush_all.o)
 .bss           0x00008fe0        0x0 ../Pwm_test_bsp/\libhal_bsp.a(alt_errno.o)
 .bss           0x00008fe0        0x0 ../Pwm_test_bsp/\libhal_bsp.a(alt_icache_flush_all.o)
 .bss           0x00008fe0        0x0 ../Pwm_test_bsp/\libhal_bsp.a(altera_nios2_irq.o)
 *(COMMON)
                0x00008fe0                . = ALIGN (0x4)
                0x00008fe0                __bss_end = ABSOLUTE (.)

.onchip_memory2_0
                0x00008fe0        0x0
                0x00008fe0                PROVIDE (_alt_partition_onchip_memory2_0_start, ABSOLUTE (.))
 *(.onchip_memory2_0. onchip_memory2_0.*)
                0x00008fe0                . = ALIGN (0x4)
                0x00008fe0                PROVIDE (_alt_partition_onchip_memory2_0_end, ABSOLUTE (.))
                0x00008fe0                _end = ABSOLUTE (.)
                0x00008fe0                end = ABSOLUTE (.)
                0x00008fe0                __alt_stack_base = ABSOLUTE (.)
                0x00008fe0                PROVIDE (_alt_partition_onchip_memory2_0_load_addr, LOADADDR (.onchip_memory2_0))

.stab
 *(.stab)

.stabstr
 *(.stabstr)

.stab.excl
 *(.stab.excl)

.stab.exclstr
 *(.stab.exclstr)

.stab.index
 *(.stab.index)

.stab.indexstr
 *(.stab.indexstr)

.comment        0x00000000       0x26
 *(.comment)
 .comment       0x00000000       0x26 obj/hello_world_small.o
                                 0x27 (size before relaxing)
 .comment       0x00000000       0x27 c:/altera/11.0sp1/nios2eds/bin/gnu/h-i686-mingw32/bin/../lib/gcc/nios2-elf/4.1.2/../../../../nios2-elf/lib/mno-hw-mul\libsmallc.a(lib_a-printf.o)
 .comment       0x00000000       0x27 c:/altera/11.0sp1/nios2eds/bin/gnu/h-i686-mingw32/bin/../lib/gcc/nios2-elf/4.1.2/../../../../nios2-elf/lib/mno-hw-mul\libsmallc.a(lib_a-vfprintf.o)
 .comment       0x00000000       0x27 c:/altera/11.0sp1/nios2eds/bin/gnu/h-i686-mingw32/bin/../lib/gcc/nios2-elf/4.1.2/../../../../nios2-elf/lib/mno-hw-mul\libsmallc.a(lib_a-fvwrite_small_dev.o)
 .comment       0x00000000       0x27 c:/altera/11.0sp1/nios2eds/bin/gnu/h-i686-mingw32/bin/../lib/gcc/nios2-elf/4.1.2/../../../../nios2-elf/lib/mno-hw-mul\libsmallc.a(lib_a-impure.o)
 .comment       0x00000000       0x27 c:/altera/11.0sp1/nios2eds/bin/gnu/h-i686-mingw32/bin/../lib/gcc/nios2-elf/4.1.2/../../../../nios2-elf/lib/mno-hw-mul\libsmallc.a(lib_a-strlen.o)
 .comment       0x00000000       0x27 c:/altera/11.0sp1/nios2eds/bin/gnu/h-i686-mingw32/bin/../lib/gcc/nios2-elf/4.1.2/../../../../nios2-elf/lib/mno-hw-mul\libsmallc.a(lib_a-writer.o)
 .comment       0x00000000       0x27 c:/altera/11.0sp1/nios2eds/bin/gnu/h-i686-mingw32/bin/../lib/gcc/nios2-elf/4.1.2/../../../../nios2-elf/lib/mno-hw-mul\libsmallc.a(lib_a-int_errno.o)
 .comment       0x00000000       0x27 c:/altera/11.0sp1/nios2eds/bin/gnu/h-i686-mingw32/bin/../lib/gcc/nios2-elf/4.1.2/mno-hw-mul\libgcc.a(lib2-divmod.o)
 .comment       0x00000000       0x27 c:/altera/11.0sp1/nios2eds/bin/gnu/h-i686-mingw32/bin/../lib/gcc/nios2-elf/4.1.2/mno-hw-mul\libgcc.a(lib2-mul.o)
 .comment       0x00000000       0x27 ../Pwm_test_bsp/\libhal_bsp.a(alt_load.o)
 .comment       0x00000000       0x27 ../Pwm_test_bsp/\libhal_bsp.a(alt_main.o)
 .comment       0x00000000       0x27 ../Pwm_test_bsp/\libhal_bsp.a(alt_putstr.o)
 .comment       0x00000000       0x27 ../Pwm_test_bsp/\libhal_bsp.a(alt_usleep.o)
 .comment       0x00000000       0x27 ../Pwm_test_bsp/\libhal_bsp.a(alt_write.o)
 .comment       0x00000000       0x27 ../Pwm_test_bsp/\libhal_bsp.a(alt_sys_init.o)
 .comment       0x00000000       0x27 ../Pwm_test_bsp/\libhal_bsp.a(altera_avalon_jtag_uart_write.o)
 .comment       0x00000000       0x27 ../Pwm_test_bsp/\libhal_bsp.a(alt_busy_sleep.o)
 .comment       0x00000000       0x27 ../Pwm_test_bsp/\libhal_bsp.a(alt_dcache_flush_all.o)
 .comment       0x00000000       0x27 ../Pwm_test_bsp/\libhal_bsp.a(alt_errno.o)
 .comment       0x00000000       0x27 ../Pwm_test_bsp/\libhal_bsp.a(alt_icache_flush_all.o)
 .comment       0x00000000       0x27 ../Pwm_test_bsp/\libhal_bsp.a(altera_nios2_irq.o)

.debug
 *(.debug)

.line
 *(.line)

.debug_srcinfo
 *(.debug_srcinfo)

.debug_sfnames
 *(.debug_sfnames)

.debug_aranges  0x00000000      0x288
 *(.debug_aranges)
 .debug_aranges
                0x00000000       0x28 ../Pwm_test_bsp//obj/HAL/src/crt0.o
 .debug_aranges
                0x00000028       0x20 obj/hello_world_small.o
 .debug_aranges
                0x00000048       0x20 c:/altera/11.0sp1/nios2eds/bin/gnu/h-i686-mingw32/bin/../lib/gcc/nios2-elf/4.1.2/../../../../nios2-elf/lib/mno-hw-mul\libsmallc.a(lib_a-printf.o)
 .debug_aranges
                0x00000068       0x20 c:/altera/11.0sp1/nios2eds/bin/gnu/h-i686-mingw32/bin/../lib/gcc/nios2-elf/4.1.2/../../../../nios2-elf/lib/mno-hw-mul\libsmallc.a(lib_a-vfprintf.o)
 .debug_aranges
                0x00000088       0x20 c:/altera/11.0sp1/nios2eds/bin/gnu/h-i686-mingw32/bin/../lib/gcc/nios2-elf/4.1.2/../../../../nios2-elf/lib/mno-hw-mul\libsmallc.a(lib_a-fvwrite_small_dev.o)
 .debug_aranges
                0x000000a8       0x20 c:/altera/11.0sp1/nios2eds/bin/gnu/h-i686-mingw32/bin/../lib/gcc/nios2-elf/4.1.2/../../../../nios2-elf/lib/mno-hw-mul\libsmallc.a(lib_a-strlen.o)
 .debug_aranges
                0x000000c8       0x20 c:/altera/11.0sp1/nios2eds/bin/gnu/h-i686-mingw32/bin/../lib/gcc/nios2-elf/4.1.2/../../../../nios2-elf/lib/mno-hw-mul\libsmallc.a(lib_a-writer.o)
 .debug_aranges
                0x000000e8       0x20 c:/altera/11.0sp1/nios2eds/bin/gnu/h-i686-mingw32/bin/../lib/gcc/nios2-elf/4.1.2/mno-hw-mul\libgcc.a(lib2-divmod.o)
 .debug_aranges
                0x00000108       0x20 c:/altera/11.0sp1/nios2eds/bin/gnu/h-i686-mingw32/bin/../lib/gcc/nios2-elf/4.1.2/mno-hw-mul\libgcc.a(lib2-mul.o)
 .debug_aranges
                0x00000128       0x20 ../Pwm_test_bsp/\libhal_bsp.a(alt_load.o)
 .debug_aranges
                0x00000148       0x20 ../Pwm_test_bsp/\libhal_bsp.a(alt_main.o)
 .debug_aranges
                0x00000168       0x20 ../Pwm_test_bsp/\libhal_bsp.a(alt_putstr.o)
 .debug_aranges
                0x00000188       0x20 ../Pwm_test_bsp/\libhal_bsp.a(alt_usleep.o)
 .debug_aranges
                0x000001a8       0x20 ../Pwm_test_bsp/\libhal_bsp.a(alt_write.o)
 .debug_aranges
                0x000001c8       0x20 ../Pwm_test_bsp/\libhal_bsp.a(alt_sys_init.o)
 .debug_aranges
                0x000001e8       0x20 ../Pwm_test_bsp/\libhal_bsp.a(altera_avalon_jtag_uart_write.o)
 .debug_aranges
                0x00000208       0x20 ../Pwm_test_bsp/\libhal_bsp.a(alt_busy_sleep.o)
 .debug_aranges
                0x00000228       0x20 ../Pwm_test_bsp/\libhal_bsp.a(alt_dcache_flush_all.o)
 .debug_aranges
                0x00000248       0x20 ../Pwm_test_bsp/\libhal_bsp.a(alt_icache_flush_all.o)
 .debug_aranges
                0x00000268       0x20 ../Pwm_test_bsp/\libhal_bsp.a(altera_nios2_irq.o)

.debug_pubnames
                0x00000000      0x3ac
 *(.debug_pubnames)
 .debug_pubnames
                0x00000000       0x1b obj/hello_world_small.o
 .debug_pubnames
                0x0000001b       0x2b c:/altera/11.0sp1/nios2eds/bin/gnu/h-i686-mingw32/bin/../lib/gcc/nios2-elf/4.1.2/../../../../nios2-elf/lib/mno-hw-mul\libsmallc.a(lib_a-printf.o)
 .debug_pubnames
                0x00000046       0x45 c:/altera/11.0sp1/nios2eds/bin/gnu/h-i686-mingw32/bin/../lib/gcc/nios2-elf/4.1.2/../../../../nios2-elf/lib/mno-hw-mul\libsmallc.a(lib_a-vfprintf.o)
 .debug_pubnames
                0x0000008b       0x2b c:/altera/11.0sp1/nios2eds/bin/gnu/h-i686-mingw32/bin/../lib/gcc/nios2-elf/4.1.2/../../../../nios2-elf/lib/mno-hw-mul\libsmallc.a(lib_a-fvwrite_small_dev.o)
 .debug_pubnames
                0x000000b6       0x39 c:/altera/11.0sp1/nios2eds/bin/gnu/h-i686-mingw32/bin/../lib/gcc/nios2-elf/4.1.2/../../../../nios2-elf/lib/mno-hw-mul\libsmallc.a(lib_a-impure.o)
 .debug_pubnames
                0x000000ef       0x1d c:/altera/11.0sp1/nios2eds/bin/gnu/h-i686-mingw32/bin/../lib/gcc/nios2-elf/4.1.2/../../../../nios2-elf/lib/mno-hw-mul\libsmallc.a(lib_a-strlen.o)
 .debug_pubnames
                0x0000010c       0x1f c:/altera/11.0sp1/nios2eds/bin/gnu/h-i686-mingw32/bin/../lib/gcc/nios2-elf/4.1.2/../../../../nios2-elf/lib/mno-hw-mul\libsmallc.a(lib_a-writer.o)
 .debug_pubnames
                0x0000012b       0x1c c:/altera/11.0sp1/nios2eds/bin/gnu/h-i686-mingw32/bin/../lib/gcc/nios2-elf/4.1.2/../../../../nios2-elf/lib/mno-hw-mul\libsmallc.a(lib_a-int_errno.o)
 .debug_pubnames
                0x00000147       0x48 c:/altera/11.0sp1/nios2eds/bin/gnu/h-i686-mingw32/bin/../lib/gcc/nios2-elf/4.1.2/mno-hw-mul\libgcc.a(lib2-divmod.o)
 .debug_pubnames
                0x0000018f       0x1f c:/altera/11.0sp1/nios2eds/bin/gnu/h-i686-mingw32/bin/../lib/gcc/nios2-elf/4.1.2/mno-hw-mul\libgcc.a(lib2-mul.o)
 .debug_pubnames
                0x000001ae       0x1f ../Pwm_test_bsp/\libhal_bsp.a(alt_load.o)
 .debug_pubnames
                0x000001cd       0x46 ../Pwm_test_bsp/\libhal_bsp.a(alt_main.o)
 .debug_pubnames
                0x00000213       0x21 ../Pwm_test_bsp/\libhal_bsp.a(alt_putstr.o)
 .debug_pubnames
                0x00000234       0x1d ../Pwm_test_bsp/\libhal_bsp.a(alt_usleep.o)
 .debug_pubnames
                0x00000251       0x1c ../Pwm_test_bsp/\libhal_bsp.a(alt_write.o)
 .debug_pubnames
                0x0000026d       0x44 ../Pwm_test_bsp/\libhal_bsp.a(alt_sys_init.o)
 .debug_pubnames
                0x000002b1       0x34 ../Pwm_test_bsp/\libhal_bsp.a(altera_avalon_jtag_uart_write.o)
 .debug_pubnames
                0x000002e5       0x25 ../Pwm_test_bsp/\libhal_bsp.a(alt_busy_sleep.o)
 .debug_pubnames
                0x0000030a       0x2b ../Pwm_test_bsp/\libhal_bsp.a(alt_dcache_flush_all.o)
 .debug_pubnames
                0x00000335       0x20 ../Pwm_test_bsp/\libhal_bsp.a(alt_errno.o)
 .debug_pubnames
                0x00000355       0x2b ../Pwm_test_bsp/\libhal_bsp.a(alt_icache_flush_all.o)
 .debug_pubnames
                0x00000380       0x2c ../Pwm_test_bsp/\libhal_bsp.a(altera_nios2_irq.o)

.debug_info     0x00000000     0x345a
 *(.debug_info .gnu.linkonce.wi.*)
 .debug_info    0x00000000       0x9d ../Pwm_test_bsp//obj/HAL/src/crt0.o
 .debug_info    0x0000009d       0x92 obj/hello_world_small.o
 .debug_info    0x0000012f      0x6c8 c:/altera/11.0sp1/nios2eds/bin/gnu/h-i686-mingw32/bin/../lib/gcc/nios2-elf/4.1.2/../../../../nios2-elf/lib/mno-hw-mul\libsmallc.a(lib_a-printf.o)
 .debug_info    0x000007f7      0x94c c:/altera/11.0sp1/nios2eds/bin/gnu/h-i686-mingw32/bin/../lib/gcc/nios2-elf/4.1.2/../../../../nios2-elf/lib/mno-hw-mul\libsmallc.a(lib_a-vfprintf.o)
 .debug_info    0x00001143      0x68e c:/altera/11.0sp1/nios2eds/bin/gnu/h-i686-mingw32/bin/../lib/gcc/nios2-elf/4.1.2/../../../../nios2-elf/lib/mno-hw-mul\libsmallc.a(lib_a-fvwrite_small_dev.o)
 .debug_info    0x000017d1      0x636 c:/altera/11.0sp1/nios2eds/bin/gnu/h-i686-mingw32/bin/../lib/gcc/nios2-elf/4.1.2/../../../../nios2-elf/lib/mno-hw-mul\libsmallc.a(lib_a-impure.o)
 .debug_info    0x00001e07       0xc2 c:/altera/11.0sp1/nios2eds/bin/gnu/h-i686-mingw32/bin/../lib/gcc/nios2-elf/4.1.2/../../../../nios2-elf/lib/mno-hw-mul\libsmallc.a(lib_a-strlen.o)
 .debug_info    0x00001ec9      0x68c c:/altera/11.0sp1/nios2eds/bin/gnu/h-i686-mingw32/bin/../lib/gcc/nios2-elf/4.1.2/../../../../nios2-elf/lib/mno-hw-mul\libsmallc.a(lib_a-writer.o)
 .debug_info    0x00002555       0x8c c:/altera/11.0sp1/nios2eds/bin/gnu/h-i686-mingw32/bin/../lib/gcc/nios2-elf/4.1.2/../../../../nios2-elf/lib/mno-hw-mul\libsmallc.a(lib_a-int_errno.o)
 .debug_info    0x000025e1      0x21c c:/altera/11.0sp1/nios2eds/bin/gnu/h-i686-mingw32/bin/../lib/gcc/nios2-elf/4.1.2/mno-hw-mul\libgcc.a(lib2-divmod.o)
 .debug_info    0x000027fd       0xf3 c:/altera/11.0sp1/nios2eds/bin/gnu/h-i686-mingw32/bin/../lib/gcc/nios2-elf/4.1.2/mno-hw-mul\libgcc.a(lib2-mul.o)
 .debug_info    0x000028f0      0x12e ../Pwm_test_bsp/\libhal_bsp.a(alt_load.o)
 .debug_info    0x00002a1e      0x125 ../Pwm_test_bsp/\libhal_bsp.a(alt_main.o)
 .debug_info    0x00002b43       0xc5 ../Pwm_test_bsp/\libhal_bsp.a(alt_putstr.o)
 .debug_info    0x00002c08       0xab ../Pwm_test_bsp/\libhal_bsp.a(alt_usleep.o)
 .debug_info    0x00002cb3      0x179 ../Pwm_test_bsp/\libhal_bsp.a(alt_write.o)
 .debug_info    0x00002e2c      0x17d ../Pwm_test_bsp/\libhal_bsp.a(alt_sys_init.o)
 .debug_info    0x00002fa9      0x18f ../Pwm_test_bsp/\libhal_bsp.a(altera_avalon_jtag_uart_write.o)
 .debug_info    0x00003138       0xd0 ../Pwm_test_bsp/\libhal_bsp.a(alt_busy_sleep.o)
 .debug_info    0x00003208       0x8d ../Pwm_test_bsp/\libhal_bsp.a(alt_dcache_flush_all.o)
 .debug_info    0x00003295       0xab ../Pwm_test_bsp/\libhal_bsp.a(alt_errno.o)
 .debug_info    0x00003340       0x8d ../Pwm_test_bsp/\libhal_bsp.a(alt_icache_flush_all.o)
 .debug_info    0x000033cd       0x8d ../Pwm_test_bsp/\libhal_bsp.a(altera_nios2_irq.o)

.debug_abbrev   0x00000000     0x109f
 *(.debug_abbrev)
 .debug_abbrev  0x00000000       0x12 ../Pwm_test_bsp//obj/HAL/src/crt0.o
 .debug_abbrev  0x00000012       0x3f obj/hello_world_small.o
 .debug_abbrev  0x00000051      0x179 c:/altera/11.0sp1/nios2eds/bin/gnu/h-i686-mingw32/bin/../lib/gcc/nios2-elf/4.1.2/../../../../nios2-elf/lib/mno-hw-mul\libsmallc.a(lib_a-printf.o)
 .debug_abbrev  0x000001ca      0x247 c:/altera/11.0sp1/nios2eds/bin/gnu/h-i686-mingw32/bin/../lib/gcc/nios2-elf/4.1.2/../../../../nios2-elf/lib/mno-hw-mul\libsmallc.a(lib_a-vfprintf.o)
 .debug_abbrev  0x00000411      0x179 c:/altera/11.0sp1/nios2eds/bin/gnu/h-i686-mingw32/bin/../lib/gcc/nios2-elf/4.1.2/../../../../nios2-elf/lib/mno-hw-mul\libsmallc.a(lib_a-fvwrite_small_dev.o)
 .debug_abbrev  0x0000058a      0x13f c:/altera/11.0sp1/nios2eds/bin/gnu/h-i686-mingw32/bin/../lib/gcc/nios2-elf/4.1.2/../../../../nios2-elf/lib/mno-hw-mul\libsmallc.a(lib_a-impure.o)
 .debug_abbrev  0x000006c9       0x7a c:/altera/11.0sp1/nios2eds/bin/gnu/h-i686-mingw32/bin/../lib/gcc/nios2-elf/4.1.2/../../../../nios2-elf/lib/mno-hw-mul\libsmallc.a(lib_a-strlen.o)
 .debug_abbrev  0x00000743      0x16c c:/altera/11.0sp1/nios2eds/bin/gnu/h-i686-mingw32/bin/../lib/gcc/nios2-elf/4.1.2/../../../../nios2-elf/lib/mno-hw-mul\libsmallc.a(lib_a-writer.o)
 .debug_abbrev  0x000008af       0x3b c:/altera/11.0sp1/nios2eds/bin/gnu/h-i686-mingw32/bin/../lib/gcc/nios2-elf/4.1.2/../../../../nios2-elf/lib/mno-hw-mul\libsmallc.a(lib_a-int_errno.o)
 .debug_abbrev  0x000008ea       0xe0 c:/altera/11.0sp1/nios2eds/bin/gnu/h-i686-mingw32/bin/../lib/gcc/nios2-elf/4.1.2/mno-hw-mul\libgcc.a(lib2-divmod.o)
 .debug_abbrev  0x000009ca       0x7b c:/altera/11.0sp1/nios2eds/bin/gnu/h-i686-mingw32/bin/../lib/gcc/nios2-elf/4.1.2/mno-hw-mul\libgcc.a(lib2-mul.o)
 .debug_abbrev  0x00000a45       0x97 ../Pwm_test_bsp/\libhal_bsp.a(alt_load.o)
 .debug_abbrev  0x00000adc       0xa6 ../Pwm_test_bsp/\libhal_bsp.a(alt_main.o)
 .debug_abbrev  0x00000b82       0x7c ../Pwm_test_bsp/\libhal_bsp.a(alt_putstr.o)
 .debug_abbrev  0x00000bfe       0x5d ../Pwm_test_bsp/\libhal_bsp.a(alt_usleep.o)
 .debug_abbrev  0x00000c5b       0xdd ../Pwm_test_bsp/\libhal_bsp.a(alt_write.o)
 .debug_abbrev  0x00000d38       0xe3 ../Pwm_test_bsp/\libhal_bsp.a(alt_sys_init.o)
 .debug_abbrev  0x00000e1b       0xf0 ../Pwm_test_bsp/\libhal_bsp.a(altera_avalon_jtag_uart_write.o)
 .debug_abbrev  0x00000f0b       0x79 ../Pwm_test_bsp/\libhal_bsp.a(alt_busy_sleep.o)
 .debug_abbrev  0x00000f84       0x3f ../Pwm_test_bsp/\libhal_bsp.a(alt_dcache_flush_all.o)
 .debug_abbrev  0x00000fc3       0x5e ../Pwm_test_bsp/\libhal_bsp.a(alt_errno.o)
 .debug_abbrev  0x00001021       0x3f ../Pwm_test_bsp/\libhal_bsp.a(alt_icache_flush_all.o)
 .debug_abbrev  0x00001060       0x3f ../Pwm_test_bsp/\libhal_bsp.a(altera_nios2_irq.o)

.debug_line     0x00000000     0x34a4
 *(.debug_line)
 .debug_line    0x00000000       0x66 ../Pwm_test_bsp//obj/HAL/src/crt0.o
 .debug_line    0x00000066      0x268 obj/hello_world_small.o
 .debug_line    0x000002ce      0x2be c:/altera/11.0sp1/nios2eds/bin/gnu/h-i686-mingw32/bin/../lib/gcc/nios2-elf/4.1.2/../../../../nios2-elf/lib/mno-hw-mul\libsmallc.a(lib_a-printf.o)
 .debug_line    0x0000058c      0x5f3 c:/altera/11.0sp1/nios2eds/bin/gnu/h-i686-mingw32/bin/../lib/gcc/nios2-elf/4.1.2/../../../../nios2-elf/lib/mno-hw-mul\libsmallc.a(lib_a-vfprintf.o)
 .debug_line    0x00000b7f      0x2a9 c:/altera/11.0sp1/nios2eds/bin/gnu/h-i686-mingw32/bin/../lib/gcc/nios2-elf/4.1.2/../../../../nios2-elf/lib/mno-hw-mul\libsmallc.a(lib_a-fvwrite_small_dev.o)
 .debug_line    0x00000e28      0x230 c:/altera/11.0sp1/nios2eds/bin/gnu/h-i686-mingw32/bin/../lib/gcc/nios2-elf/4.1.2/../../../../nios2-elf/lib/mno-hw-mul\libsmallc.a(lib_a-impure.o)
 .debug_line    0x00001058      0x250 c:/altera/11.0sp1/nios2eds/bin/gnu/h-i686-mingw32/bin/../lib/gcc/nios2-elf/4.1.2/../../../../nios2-elf/lib/mno-hw-mul\libsmallc.a(lib_a-strlen.o)
 .debug_line    0x000012a8      0x29d c:/altera/11.0sp1/nios2eds/bin/gnu/h-i686-mingw32/bin/../lib/gcc/nios2-elf/4.1.2/../../../../nios2-elf/lib/mno-hw-mul\libsmallc.a(lib_a-writer.o)
 .debug_line    0x00001545      0x1e2 c:/altera/11.0sp1/nios2eds/bin/gnu/h-i686-mingw32/bin/../lib/gcc/nios2-elf/4.1.2/../../../../nios2-elf/lib/mno-hw-mul\libsmallc.a(lib_a-int_errno.o)
 .debug_line    0x00001727      0x24f c:/altera/11.0sp1/nios2eds/bin/gnu/h-i686-mingw32/bin/../lib/gcc/nios2-elf/4.1.2/mno-hw-mul\libgcc.a(lib2-divmod.o)
 .debug_line    0x00001976      0x11a c:/altera/11.0sp1/nios2eds/bin/gnu/h-i686-mingw32/bin/../lib/gcc/nios2-elf/4.1.2/mno-hw-mul\libgcc.a(lib2-mul.o)
 .debug_line    0x00001a90      0x217 ../Pwm_test_bsp/\libhal_bsp.a(alt_load.o)
 .debug_line    0x00001ca7      0x2c2 ../Pwm_test_bsp/\libhal_bsp.a(alt_main.o)
 .debug_line    0x00001f69      0x1d9 ../Pwm_test_bsp/\libhal_bsp.a(alt_putstr.o)
 .debug_line    0x00002142      0x202 ../Pwm_test_bsp/\libhal_bsp.a(alt_usleep.o)
 .debug_line    0x00002344      0x2ab ../Pwm_test_bsp/\libhal_bsp.a(alt_write.o)
 .debug_line    0x000025ef      0x286 ../Pwm_test_bsp/\libhal_bsp.a(alt_sys_init.o)
 .debug_line    0x00002875      0x2f4 ../Pwm_test_bsp/\libhal_bsp.a(altera_avalon_jtag_uart_write.o)
 .debug_line    0x00002b69      0x25e ../Pwm_test_bsp/\libhal_bsp.a(alt_busy_sleep.o)
 .debug_line    0x00002dc7      0x1b5 ../Pwm_test_bsp/\libhal_bsp.a(alt_dcache_flush_all.o)
 .debug_line    0x00002f7c      0x1aa ../Pwm_test_bsp/\libhal_bsp.a(alt_errno.o)
 .debug_line    0x00003126      0x1b5 ../Pwm_test_bsp/\libhal_bsp.a(alt_icache_flush_all.o)
 .debug_line    0x000032db      0x1c9 ../Pwm_test_bsp/\libhal_bsp.a(altera_nios2_irq.o)

.debug_frame    0x00000000      0x390
 *(.debug_frame)
 .debug_frame   0x00000000       0x30 obj/hello_world_small.o
 .debug_frame   0x00000030       0x40 c:/altera/11.0sp1/nios2eds/bin/gnu/h-i686-mingw32/bin/../lib/gcc/nios2-elf/4.1.2/../../../../nios2-elf/lib/mno-hw-mul\libsmallc.a(lib_a-printf.o)
 .debug_frame   0x00000070       0x64 c:/altera/11.0sp1/nios2eds/bin/gnu/h-i686-mingw32/bin/../lib/gcc/nios2-elf/4.1.2/../../../../nios2-elf/lib/mno-hw-mul\libsmallc.a(lib_a-vfprintf.o)
 .debug_frame   0x000000d4       0x30 c:/altera/11.0sp1/nios2eds/bin/gnu/h-i686-mingw32/bin/../lib/gcc/nios2-elf/4.1.2/../../../../nios2-elf/lib/mno-hw-mul\libsmallc.a(lib_a-fvwrite_small_dev.o)
 .debug_frame   0x00000104       0x20 c:/altera/11.0sp1/nios2eds/bin/gnu/h-i686-mingw32/bin/../lib/gcc/nios2-elf/4.1.2/../../../../nios2-elf/lib/mno-hw-mul\libsmallc.a(lib_a-strlen.o)
 .debug_frame   0x00000124       0x2c c:/altera/11.0sp1/nios2eds/bin/gnu/h-i686-mingw32/bin/../lib/gcc/nios2-elf/4.1.2/../../../../nios2-elf/lib/mno-hw-mul\libsmallc.a(lib_a-writer.o)
 .debug_frame   0x00000150       0x70 c:/altera/11.0sp1/nios2eds/bin/gnu/h-i686-mingw32/bin/../lib/gcc/nios2-elf/4.1.2/mno-hw-mul\libgcc.a(lib2-divmod.o)
 .debug_frame   0x000001c0       0x20 c:/altera/11.0sp1/nios2eds/bin/gnu/h-i686-mingw32/bin/../lib/gcc/nios2-elf/4.1.2/mno-hw-mul\libgcc.a(lib2-mul.o)
 .debug_frame   0x000001e0       0x38 ../Pwm_test_bsp/\libhal_bsp.a(alt_load.o)
 .debug_frame   0x00000218       0x28 ../Pwm_test_bsp/\libhal_bsp.a(alt_main.o)
 .debug_frame   0x00000240       0x28 ../Pwm_test_bsp/\libhal_bsp.a(alt_putstr.o)
 .debug_frame   0x00000268       0x20 ../Pwm_test_bsp/\libhal_bsp.a(alt_usleep.o)
 .debug_frame   0x00000288       0x28 ../Pwm_test_bsp/\libhal_bsp.a(alt_write.o)
 .debug_frame   0x000002b0       0x38 ../Pwm_test_bsp/\libhal_bsp.a(alt_sys_init.o)
 .debug_frame   0x000002e8       0x20 ../Pwm_test_bsp/\libhal_bsp.a(altera_avalon_jtag_uart_write.o)
 .debug_frame   0x00000308       0x28 ../Pwm_test_bsp/\libhal_bsp.a(alt_busy_sleep.o)
 .debug_frame   0x00000330       0x20 ../Pwm_test_bsp/\libhal_bsp.a(alt_dcache_flush_all.o)
 .debug_frame   0x00000350       0x20 ../Pwm_test_bsp/\libhal_bsp.a(alt_icache_flush_all.o)
 .debug_frame   0x00000370       0x20 ../Pwm_test_bsp/\libhal_bsp.a(altera_nios2_irq.o)

.debug_str      0x00000000      0xdd5
 *(.debug_str)
 .debug_str     0x00000000       0xd8 obj/hello_world_small.o
                                0x116 (size before relaxing)
 .debug_str     0x000000d8      0x3a3 c:/altera/11.0sp1/nios2eds/bin/gnu/h-i686-mingw32/bin/../lib/gcc/nios2-elf/4.1.2/../../../../nios2-elf/lib/mno-hw-mul\libsmallc.a(lib_a-printf.o)
                                0x466 (size before relaxing)
 .debug_str     0x0000047b      0x115 c:/altera/11.0sp1/nios2eds/bin/gnu/h-i686-mingw32/bin/../lib/gcc/nios2-elf/4.1.2/../../../../nios2-elf/lib/mno-hw-mul\libsmallc.a(lib_a-vfprintf.o)
                                0x562 (size before relaxing)
 .debug_str     0x00000590       0x70 c:/altera/11.0sp1/nios2eds/bin/gnu/h-i686-mingw32/bin/../lib/gcc/nios2-elf/4.1.2/../../../../nios2-elf/lib/mno-hw-mul\libsmallc.a(lib_a-fvwrite_small_dev.o)
                                0x46a (size before relaxing)
 .debug_str     0x00000600       0xf8 c:/altera/11.0sp1/nios2eds/bin/gnu/h-i686-mingw32/bin/../lib/gcc/nios2-elf/4.1.2/../../../../nios2-elf/lib/mno-hw-mul\libsmallc.a(lib_a-impure.o)
                                0x45d (size before relaxing)
 .debug_str     0x000006f8       0xe2 c:/altera/11.0sp1/nios2eds/bin/gnu/h-i686-mingw32/bin/../lib/gcc/nios2-elf/4.1.2/../../../../nios2-elf/lib/mno-hw-mul\libsmallc.a(lib_a-strlen.o)
                                0x184 (size before relaxing)
 .debug_str     0x000007da       0x4f c:/altera/11.0sp1/nios2eds/bin/gnu/h-i686-mingw32/bin/../lib/gcc/nios2-elf/4.1.2/../../../../nios2-elf/lib/mno-hw-mul\libsmallc.a(lib_a-writer.o)
                                0x451 (size before relaxing)
 .debug_str     0x00000829       0x40 c:/altera/11.0sp1/nios2eds/bin/gnu/h-i686-mingw32/bin/../lib/gcc/nios2-elf/4.1.2/../../../../nios2-elf/lib/mno-hw-mul\libsmallc.a(lib_a-int_errno.o)
                                0x177 (size before relaxing)
 .debug_str     0x00000869      0x10b c:/altera/11.0sp1/nios2eds/bin/gnu/h-i686-mingw32/bin/../lib/gcc/nios2-elf/4.1.2/mno-hw-mul\libgcc.a(lib2-divmod.o)
                                0x1b4 (size before relaxing)
 .debug_str     0x00000974       0x37 c:/altera/11.0sp1/nios2eds/bin/gnu/h-i686-mingw32/bin/../lib/gcc/nios2-elf/4.1.2/mno-hw-mul\libgcc.a(lib2-mul.o)
                                0x175 (size before relaxing)
 .debug_str     0x000009ab      0x15d ../Pwm_test_bsp/\libhal_bsp.a(alt_load.o)
                                0x1f2 (size before relaxing)
 .debug_str     0x00000b08       0x70 ../Pwm_test_bsp/\libhal_bsp.a(alt_main.o)
                                0x176 (size before relaxing)
 .debug_str     0x00000b78       0x4c ../Pwm_test_bsp/\libhal_bsp.a(alt_putstr.o)
                                0x14d (size before relaxing)
 .debug_str     0x00000bc4       0x27 ../Pwm_test_bsp/\libhal_bsp.a(alt_usleep.o)
                                0x128 (size before relaxing)
 .debug_str     0x00000beb       0x2c ../Pwm_test_bsp/\libhal_bsp.a(alt_write.o)
                                0x1a2 (size before relaxing)
 .debug_str     0x00000c17       0x85 ../Pwm_test_bsp/\libhal_bsp.a(alt_sys_init.o)
                                0x1eb (size before relaxing)
 .debug_str     0x00000c9c       0x4a ../Pwm_test_bsp/\libhal_bsp.a(altera_avalon_jtag_uart_write.o)
                                0x1ee (size before relaxing)
 .debug_str     0x00000ce6       0x42 ../Pwm_test_bsp/\libhal_bsp.a(alt_busy_sleep.o)
                                0x14b (size before relaxing)
 .debug_str     0x00000d28       0x34 ../Pwm_test_bsp/\libhal_bsp.a(alt_dcache_flush_all.o)
                                0x135 (size before relaxing)
 .debug_str     0x00000d5c       0x14 ../Pwm_test_bsp/\libhal_bsp.a(alt_errno.o)
                                0x125 (size before relaxing)
 .debug_str     0x00000d70       0x34 ../Pwm_test_bsp/\libhal_bsp.a(alt_icache_flush_all.o)
                                0x135 (size before relaxing)
 .debug_str     0x00000da4       0x31 ../Pwm_test_bsp/\libhal_bsp.a(altera_nios2_irq.o)
                                0x132 (size before relaxing)

.debug_loc      0x00000000      0xd65
 *(.debug_loc)
 .debug_loc     0x00000000       0x1f obj/hello_world_small.o
 .debug_loc     0x0000001f       0x8d c:/altera/11.0sp1/nios2eds/bin/gnu/h-i686-mingw32/bin/../lib/gcc/nios2-elf/4.1.2/../../../../nios2-elf/lib/mno-hw-mul\libsmallc.a(lib_a-printf.o)
 .debug_loc     0x000000ac      0x6a6 c:/altera/11.0sp1/nios2eds/bin/gnu/h-i686-mingw32/bin/../lib/gcc/nios2-elf/4.1.2/../../../../nios2-elf/lib/mno-hw-mul\libsmallc.a(lib_a-vfprintf.o)
 .debug_loc     0x00000752      0x162 c:/altera/11.0sp1/nios2eds/bin/gnu/h-i686-mingw32/bin/../lib/gcc/nios2-elf/4.1.2/../../../../nios2-elf/lib/mno-hw-mul\libsmallc.a(lib_a-fvwrite_small_dev.o)
 .debug_loc     0x000008b4       0x1e c:/altera/11.0sp1/nios2eds/bin/gnu/h-i686-mingw32/bin/../lib/gcc/nios2-elf/4.1.2/../../../../nios2-elf/lib/mno-hw-mul\libsmallc.a(lib_a-strlen.o)
 .debug_loc     0x000008d2       0x97 c:/altera/11.0sp1/nios2eds/bin/gnu/h-i686-mingw32/bin/../lib/gcc/nios2-elf/4.1.2/../../../../nios2-elf/lib/mno-hw-mul\libsmallc.a(lib_a-writer.o)
 .debug_loc     0x00000969      0x1d2 c:/altera/11.0sp1/nios2eds/bin/gnu/h-i686-mingw32/bin/../lib/gcc/nios2-elf/4.1.2/mno-hw-mul\libgcc.a(lib2-divmod.o)
 .debug_loc     0x00000b3b       0x4f c:/altera/11.0sp1/nios2eds/bin/gnu/h-i686-mingw32/bin/../lib/gcc/nios2-elf/4.1.2/mno-hw-mul\libgcc.a(lib2-mul.o)
 .debug_loc     0x00000b8a       0x1f ../Pwm_test_bsp/\libhal_bsp.a(alt_load.o)
 .debug_loc     0x00000ba9       0x1f ../Pwm_test_bsp/\libhal_bsp.a(alt_main.o)
 .debug_loc     0x00000bc8       0x48 ../Pwm_test_bsp/\libhal_bsp.a(alt_putstr.o)
 .debug_loc     0x00000c10       0x13 ../Pwm_test_bsp/\libhal_bsp.a(alt_usleep.o)
 .debug_loc     0x00000c23       0x9a ../Pwm_test_bsp/\libhal_bsp.a(alt_write.o)
 .debug_loc     0x00000cbd       0x32 ../Pwm_test_bsp/\libhal_bsp.a(alt_sys_init.o)
 .debug_loc     0x00000cef       0x26 ../Pwm_test_bsp/\libhal_bsp.a(altera_avalon_jtag_uart_write.o)
 .debug_loc     0x00000d15       0x50 ../Pwm_test_bsp/\libhal_bsp.a(alt_busy_sleep.o)

.debug_macinfo
 *(.debug_macinfo)

.debug_weaknames
 *(.debug_weaknames)

.debug_funcnames
 *(.debug_funcnames)

.debug_typenames
 *(.debug_typenames)

.debug_varnames
 *(.debug_varnames)

.debug_alt_sim_info
                0x00000000       0x40
 *(.debug_alt_sim_info)
 .debug_alt_sim_info
                0x00000000       0x10 ../Pwm_test_bsp//obj/HAL/src/crt0.o
 .debug_alt_sim_info
                0x00000010       0x30 ../Pwm_test_bsp/\libhal_bsp.a(alt_busy_sleep.o)
                0x0000d000                __alt_data_end = 0xd000
                0x0000d000                PROVIDE (__alt_stack_pointer, __alt_data_end)
                0x00008fe0                PROVIDE (__alt_stack_limit, __alt_stack_base)
                0x00008fe0                PROVIDE (__alt_heap_start, end)
                0x0000d000                PROVIDE (__alt_heap_limit, 0xd000)
OUTPUT(Pwm_test.elf elf32-littlenios2)

.debug_ranges   0x00000000       0xc8
 .debug_ranges  0x00000000       0x20 ../Pwm_test_bsp//obj/HAL/src/crt0.o
 .debug_ranges  0x00000020       0xa8 c:/altera/11.0sp1/nios2eds/bin/gnu/h-i686-mingw32/bin/../lib/gcc/nios2-elf/4.1.2/../../../../nios2-elf/lib/mno-hw-mul\libsmallc.a(lib_a-vfprintf.o)
